#-----------------------------------------------------------
# Vivado v2025.2 (64-bit)
# SW Build 6299465 on Fri Nov 14 12:34:56 MST 2025
# IP Build 6300035 on Fri Nov 14 10:48:45 MST 2025
# SharedData Build 6298862 on Thu Nov 13 04:50:51 MST 2025
# Start of session at: Tue Jul 28 22:29:23 2026
# Process ID         : 226292
# Current directory  : /home/tiny-gpu-pro-max-main
# Command line       : vivado -mode batch -source vivado/build_hdmi_test.tcl
# Log file           : /home/tiny-gpu-pro-max-main/vivado.log
# Journal file       : /home/tiny-gpu-pro-max-main/vivado.jou
# Running On         : 0m5awdtvxwbq595qv625cz735n
# Platform           : Ubuntu
# Operating System   : Ubuntu 24.04.4 LTS
# Processor Detail   : AMD EPYC 9V45 96-Core Processor
# CPU Frequency      : 4516.887 MHz
# CPU Physical cores : 4
# CPU Logical cores  : 8
# Host memory        : 33652 MB
# Swap memory        : 0 MB
# Total Virtual      : 33652 MB
# Available Virtual  : 27528 MB
#-----------------------------------------------------------
source vivado/build_hdmi_test.tcl
# set repo    [file normalize [file dirname [info script]]/..]
# set proj    $repo/build/vivado_hdmi_test
# set part    xc7s50csga324-1
# set top_mod hdmi_test_top
# set clk_wiz_xci /home/mini_gpu/mini_gpu.srcs/sources_1/ip/clk_wiz_0/clk_wiz_0.xci
# if {$argc > 0} { set clk_wiz_xci [lindex $argv 0] }
# file mkdir $repo/build/reports
# if {[file exists $proj]} { file delete -force $proj }
# create_project hdmi_test $proj -part $part -force
# set rtl [list \
#     $repo/SystemVerilog/library.sv \
#     $repo/SystemVerilog/display/vga-hdmi.sv \
#     $repo/SystemVerilog/display/tmdsEncoder.sv \
#     $repo/SystemVerilog/display/serializer.sv \
#     $repo/SystemVerilog/display/hdmiTx.sv \
#     $repo/SystemVerilog/display/hdmi_tx_0.sv \
#     $repo/SystemVerilog/display/hdmi_test_top.sv \
# ]
# add_files -norecurse -fileset sources_1 $rtl
# set_property file_type SystemVerilog [get_files -of_objects [get_filesets sources_1] *.sv]
# set_property -name {STEPS.SYNTH_DESIGN.ARGS.MORE OPTIONS} -value {-verilog_define SYNTHESIS} \
#     -objects [get_runs synth_1]
# set mems [glob -nocomplain $repo/mems/*.mem]
# if {[llength $mems]} {
#     add_files -norecurse -fileset sources_1 $mems
#     set_property file_type {Memory Initialization Files} [get_files *.mem]
# }
# add_files -fileset constrs_1 -norecurse $repo/constraints/boolean_mini_gpu.xdc
# if {![file exists $clk_wiz_xci]} {
#     puts "ERROR: clk_wiz_0 IP not found at $clk_wiz_xci"
#     puts "       top.sv needs it to derive 40MHz + 200MHz from the 100MHz board clock."
#     puts "       Pass the path as: vivado -mode batch -source ... -tclargs /path/to/clk_wiz_0.xci"
#     exit 1
# }
# import_ip $clk_wiz_xci
INFO: [IP_Flow 19-234] Refreshing IP repositories
INFO: [IP_Flow 19-1704] No user IP repositories specified
INFO: [IP_Flow 19-2313] Loaded Vivado IP repository '/mnt/opt/xilinx/data/ip'.
# set_property top $top_mod [current_fileset]
# update_compile_order -fileset sources_1
# proc stage_mems {repo runpath} {
#     file mkdir $runpath/mems
#     foreach f [glob -nocomplain $repo/mems/*.mem] {
#         file copy -force $f $runpath/mems/
#     }
# }
# file mkdir $proj/hdmi_test.runs/synth_1
# stage_mems $repo $proj/hdmi_test.runs/synth_1
# puts "### synthesis"
### synthesis
# launch_runs synth_1 -jobs 8
INFO: [Vivado 12-4149] The synthesis checkpoint for IP '/home/tiny-gpu-pro-max-main/build/vivado_hdmi_test/hdmi_test.srcs/sources_1/ip/clk_wiz_0/clk_wiz_0.xci' is already up-to-date
WARNING: [Vivado 12-7122] Auto Incremental Compile:: No reference checkpoint was found in run synth_1. Auto-incremental flow will not be run, the standard flow will be run instead.
[Tue Jul 28 22:29:27 2026] Launched synth_1...
Run output will be captured here: /home/tiny-gpu-pro-max-main/build/vivado_hdmi_test/hdmi_test.runs/synth_1/runme.log
# wait_on_run synth_1
[Tue Jul 28 22:29:27 2026] Waiting for synth_1 to finish...

*** Running vivado
    with args -log hdmi_test_top.vds -m64 -product Vivado -mode batch -messageDb vivado.pb -notrace -source hdmi_test_top.tcl


****** Vivado v2025.2 (64-bit)
  **** SW Build 6299465 on Fri Nov 14 12:34:56 MST 2025
  **** IP Build 6300035 on Fri Nov 14 10:48:45 MST 2025
  **** SharedData Build 6298862 on Thu Nov 13 04:50:51 MST 2025
  **** Start of session at: Tue Jul 28 22:29:28 2026
    ** Copyright 1986-2022 Xilinx, Inc. All Rights Reserved.
    ** Copyright 2022-2025 Advanced Micro Devices, Inc. All Rights Reserved.

source hdmi_test_top.tcl -notrace
Command: synth_design -top hdmi_test_top -part xc7s50csga324-1 -verilog_define SYNTHESIS
Starting synth_design
Attempting to get a license for feature 'Synthesis' and/or device 'xc7s50'
INFO: [Common 17-349] Got license for feature 'Synthesis' and/or device 'xc7s50'
INFO: [Device 21-403] Loading part xc7s50csga324-1
INFO: [Synth 8-7079] Multithreading enabled for synth_design using a maximum of 7 processes.
INFO: [Synth 8-7078] Launching helper process for spawning children vivado processes
INFO: [Synth 8-7075] Helper process launched with PID 226597
---------------------------------------------------------------------------------
Starting RTL Elaboration : Time (s): cpu = 00:00:02 ; elapsed = 00:00:02 . Memory (MB): peak = 2289.023 ; gain = 482.562 ; free physical = 10083 ; free virtual = 24336
---------------------------------------------------------------------------------
INFO: [Synth 8-6157] synthesizing module 'hdmi_test_top' [/home/tiny-gpu-pro-max-main/SystemVerilog/display/hdmi_test_top.sv:33]
INFO: [Synth 8-6157] synthesizing module 'clk_wiz_0' [/home/tiny-gpu-pro-max-main/build/vivado_hdmi_test/hdmi_test.runs/synth_1/.Xil/Vivado-226532-0m5awdtvxwbq595qv625cz735n/realtime/clk_wiz_0_stub.v:6]
INFO: [Synth 8-6155] done synthesizing module 'clk_wiz_0' (0#1) [/home/tiny-gpu-pro-max-main/build/vivado_hdmi_test/hdmi_test.runs/synth_1/.Xil/Vivado-226532-0m5awdtvxwbq595qv625cz735n/realtime/clk_wiz_0_stub.v:6]
INFO: [Synth 8-6157] synthesizing module 'Synchronizer' [/home/tiny-gpu-pro-max-main/SystemVerilog/library.sv:115]
INFO: [Synth 8-6155] done synthesizing module 'Synchronizer' (0#1) [/home/tiny-gpu-pro-max-main/SystemVerilog/library.sv:115]
INFO: [Synth 8-6157] synthesizing module 'vga' [/home/tiny-gpu-pro-max-main/SystemVerilog/display/vga-hdmi.sv:15]
INFO: [Synth 8-6157] synthesizing module 'Counter' [/home/tiny-gpu-pro-max-main/SystemVerilog/library.sv:3]
	Parameter WIDTH bound to: 11 - type: integer 
INFO: [Synth 8-6155] done synthesizing module 'Counter' (0#1) [/home/tiny-gpu-pro-max-main/SystemVerilog/library.sv:3]
INFO: [Synth 8-6157] synthesizing module 'Counter__parameterized0' [/home/tiny-gpu-pro-max-main/SystemVerilog/library.sv:3]
	Parameter WIDTH bound to: 10 - type: integer 
INFO: [Synth 8-6155] done synthesizing module 'Counter__parameterized0' (0#1) [/home/tiny-gpu-pro-max-main/SystemVerilog/library.sv:3]
INFO: [Synth 8-6157] synthesizing module 'Comparator' [/home/tiny-gpu-pro-max-main/SystemVerilog/library.sv:23]
	Parameter WIDTH bound to: 11 - type: integer 
INFO: [Synth 8-6155] done synthesizing module 'Comparator' (0#1) [/home/tiny-gpu-pro-max-main/SystemVerilog/library.sv:23]
INFO: [Synth 8-6157] synthesizing module 'Comparator__parameterized0' [/home/tiny-gpu-pro-max-main/SystemVerilog/library.sv:23]
	Parameter WIDTH bound to: 10 - type: integer 
INFO: [Synth 8-6155] done synthesizing module 'Comparator__parameterized0' (0#1) [/home/tiny-gpu-pro-max-main/SystemVerilog/library.sv:23]
INFO: [Synth 8-6157] synthesizing module 'RangeCheck' [/home/tiny-gpu-pro-max-main/SystemVerilog/library.sv:35]
	Parameter WIDTH bound to: 11 - type: integer 
INFO: [Synth 8-6155] done synthesizing module 'RangeCheck' (0#1) [/home/tiny-gpu-pro-max-main/SystemVerilog/library.sv:35]
INFO: [Synth 8-6157] synthesizing module 'RangeCheck__parameterized0' [/home/tiny-gpu-pro-max-main/SystemVerilog/library.sv:35]
	Parameter WIDTH bound to: 10 - type: integer 
INFO: [Synth 8-6155] done synthesizing module 'RangeCheck__parameterized0' (0#1) [/home/tiny-gpu-pro-max-main/SystemVerilog/library.sv:35]
INFO: [Synth 8-6157] synthesizing module 'Subtracter' [/home/tiny-gpu-pro-max-main/SystemVerilog/library.sv:46]
	Parameter WIDTH bound to: 11 - type: integer 
INFO: [Synth 8-6155] done synthesizing module 'Subtracter' (0#1) [/home/tiny-gpu-pro-max-main/SystemVerilog/library.sv:46]
INFO: [Synth 8-6157] synthesizing module 'Subtracter__parameterized0' [/home/tiny-gpu-pro-max-main/SystemVerilog/library.sv:46]
	Parameter WIDTH bound to: 10 - type: integer 
INFO: [Synth 8-6155] done synthesizing module 'Subtracter__parameterized0' (0#1) [/home/tiny-gpu-pro-max-main/SystemVerilog/library.sv:46]
INFO: [Synth 8-6157] synthesizing module 'Mux2to1' [/home/tiny-gpu-pro-max-main/SystemVerilog/library.sv:63]
	Parameter WIDTH bound to: 10 - type: integer 
INFO: [Synth 8-6155] done synthesizing module 'Mux2to1' (0#1) [/home/tiny-gpu-pro-max-main/SystemVerilog/library.sv:63]
INFO: [Synth 8-294] found qualifier unique on case statement: implementing as parallel_case [/home/tiny-gpu-pro-max-main/SystemVerilog/display/vga-hdmi.sv:94]
INFO: [Synth 8-294] found qualifier unique on case statement: implementing as parallel_case [/home/tiny-gpu-pro-max-main/SystemVerilog/display/vga-hdmi.sv:119]
INFO: [Synth 8-6155] done synthesizing module 'vga' (0#1) [/home/tiny-gpu-pro-max-main/SystemVerilog/display/vga-hdmi.sv:15]
INFO: [Synth 8-6157] synthesizing module 'hdmi_tx_0' [/home/tiny-gpu-pro-max-main/SystemVerilog/display/hdmi_tx_0.sv:29]
INFO: [Synth 8-6157] synthesizing module 'hdmiTx' [/home/tiny-gpu-pro-max-main/SystemVerilog/display/hdmiTx.sv:8]
INFO: [Synth 8-6157] synthesizing module 'tmdsEncoder' [/home/tiny-gpu-pro-max-main/SystemVerilog/display/tmdsEncoder.sv:8]
INFO: [Synth 8-6155] done synthesizing module 'tmdsEncoder' (0#1) [/home/tiny-gpu-pro-max-main/SystemVerilog/display/tmdsEncoder.sv:8]
INFO: [Synth 8-6157] synthesizing module 'serializer' [/home/tiny-gpu-pro-max-main/SystemVerilog/display/serializer.sv:9]
INFO: [Synth 8-6157] synthesizing module 'OSERDESE2' [/mnt/opt/xilinx/Vivado/scripts/rt/data/unisim_comp.v:117832]
	Parameter DATA_RATE_OQ bound to: DDR - type: string 
	Parameter DATA_RATE_TQ bound to: SDR - type: string 
	Parameter DATA_WIDTH bound to: 10 - type: integer 
	Parameter SERDES_MODE bound to: MASTER - type: string 
	Parameter TBYTE_CTL bound to: FALSE - type: string 
	Parameter TBYTE_SRC bound to: FALSE - type: string 
	Parameter TRISTATE_WIDTH bound to: 1 - type: integer 
INFO: [Synth 8-6155] done synthesizing module 'OSERDESE2' (0#1) [/mnt/opt/xilinx/Vivado/scripts/rt/data/unisim_comp.v:117832]
INFO: [Synth 8-6157] synthesizing module 'OSERDESE2__parameterized0' [/mnt/opt/xilinx/Vivado/scripts/rt/data/unisim_comp.v:117832]
	Parameter DATA_RATE_OQ bound to: DDR - type: string 
	Parameter DATA_RATE_TQ bound to: SDR - type: string 
	Parameter DATA_WIDTH bound to: 10 - type: integer 
	Parameter SERDES_MODE bound to: SLAVE - type: string 
	Parameter TBYTE_CTL bound to: FALSE - type: string 
	Parameter TBYTE_SRC bound to: FALSE - type: string 
	Parameter TRISTATE_WIDTH bound to: 1 - type: integer 
INFO: [Synth 8-6155] done synthesizing module 'OSERDESE2__parameterized0' (0#1) [/mnt/opt/xilinx/Vivado/scripts/rt/data/unisim_comp.v:117832]
INFO: [Synth 8-6157] synthesizing module 'OBUFDS' [/mnt/opt/xilinx/Vivado/scripts/rt/data/unisim_comp.v:113534]
INFO: [Synth 8-6155] done synthesizing module 'OBUFDS' (0#1) [/mnt/opt/xilinx/Vivado/scripts/rt/data/unisim_comp.v:113534]
INFO: [Synth 8-6155] done synthesizing module 'serializer' (0#1) [/home/tiny-gpu-pro-max-main/SystemVerilog/display/serializer.sv:9]
INFO: [Synth 8-6155] done synthesizing module 'hdmiTx' (0#1) [/home/tiny-gpu-pro-max-main/SystemVerilog/display/hdmiTx.sv:8]
INFO: [Synth 8-6155] done synthesizing module 'hdmi_tx_0' (0#1) [/home/tiny-gpu-pro-max-main/SystemVerilog/display/hdmi_tx_0.sv:29]
INFO: [Synth 8-6155] done synthesizing module 'hdmi_test_top' (0#1) [/home/tiny-gpu-pro-max-main/SystemVerilog/display/hdmi_test_top.sv:33]
WARNING: [Synth 8-3917] design hdmi_test_top has port LD[2] driven by constant 1
WARNING: [Synth 8-7129] Port BTN[3] in module hdmi_test_top is either unconnected or has no load
WARNING: [Synth 8-7129] Port BTN[2] in module hdmi_test_top is either unconnected or has no load
WARNING: [Synth 8-7129] Port BTN[1] in module hdmi_test_top is either unconnected or has no load
---------------------------------------------------------------------------------
Finished RTL Elaboration : Time (s): cpu = 00:00:03 ; elapsed = 00:00:03 . Memory (MB): peak = 2377.961 ; gain = 571.500 ; free physical = 9972 ; free virtual = 24226
---------------------------------------------------------------------------------
---------------------------------------------------------------------------------
Start Handling Custom Attributes
---------------------------------------------------------------------------------
---------------------------------------------------------------------------------
Finished Handling Custom Attributes : Time (s): cpu = 00:00:03 ; elapsed = 00:00:03 . Memory (MB): peak = 2392.805 ; gain = 586.344 ; free physical = 9971 ; free virtual = 24225
---------------------------------------------------------------------------------
---------------------------------------------------------------------------------
Finished RTL Optimization Phase 1 : Time (s): cpu = 00:00:03 ; elapsed = 00:00:03 . Memory (MB): peak = 2392.805 ; gain = 586.344 ; free physical = 9971 ; free virtual = 24225
---------------------------------------------------------------------------------
Netlist sorting complete. Time (s): cpu = 00:00:00 ; elapsed = 00:00:00.01 . Memory (MB): peak = 2398.742 ; gain = 0.000 ; free physical = 9971 ; free virtual = 24225
INFO: [Netlist 29-17] Analyzing 4 Unisim elements for replacement
INFO: [Netlist 29-28] Unisim Transformation completed in 0 CPU seconds
INFO: [Project 1-570] Preparing netlist for logic optimization

Processing XDC Constraints
Initializing timing engine
Parsing XDC File [/home/tiny-gpu-pro-max-main/build/vivado_hdmi_test/hdmi_test.gen/sources_1/ip/clk_wiz_0/clk_wiz_0/clk_wiz_0_in_context.xdc] for cell 'clk_wiz'
Finished Parsing XDC File [/home/tiny-gpu-pro-max-main/build/vivado_hdmi_test/hdmi_test.gen/sources_1/ip/clk_wiz_0/clk_wiz_0/clk_wiz_0_in_context.xdc] for cell 'clk_wiz'
Parsing XDC File [/home/tiny-gpu-pro-max-main/constraints/boolean_mini_gpu.xdc]
Finished Parsing XDC File [/home/tiny-gpu-pro-max-main/constraints/boolean_mini_gpu.xdc]
INFO: [Project 1-236] Implementation specific constraints were found while reading constraint file [/home/tiny-gpu-pro-max-main/constraints/boolean_mini_gpu.xdc]. These constraints will be ignored for synthesis but will be used in implementation. Impacted constraints are listed in the file [.Xil/hdmi_test_top_propImpl.xdc].
Resolution: To avoid this warning, move constraints listed in [.Xil/hdmi_test_top_propImpl.xdc] to another XDC file and exclude this new file from synthesis with the used_in_synthesis property (File Properties dialog in GUI) and re-run elaboration/synthesis.
Parsing XDC File [/home/tiny-gpu-pro-max-main/build/vivado_hdmi_test/hdmi_test.runs/synth_1/dont_touch.xdc]
Finished Parsing XDC File [/home/tiny-gpu-pro-max-main/build/vivado_hdmi_test/hdmi_test.runs/synth_1/dont_touch.xdc]
Completed Processing XDC Constraints

Netlist sorting complete. Time (s): cpu = 00:00:00 ; elapsed = 00:00:00 . Memory (MB): peak = 2502.543 ; gain = 0.000 ; free physical = 9956 ; free virtual = 24209
INFO: [Project 1-111] Unisim Transformation Summary:
  A total of 4 instances were transformed.
  OBUFDS => OBUFDS_DUAL_BUF (INV, OBUFDS(x2)): 4 instances

Constraint Validation Runtime : Time (s): cpu = 00:00:00 ; elapsed = 00:00:00 . Memory (MB): peak = 2502.578 ; gain = 0.000 ; free physical = 9956 ; free virtual = 24209
---------------------------------------------------------------------------------
Finished Constraint Validation : Time (s): cpu = 00:00:07 ; elapsed = 00:00:07 . Memory (MB): peak = 2502.578 ; gain = 696.117 ; free physical = 9981 ; free virtual = 24235
---------------------------------------------------------------------------------
---------------------------------------------------------------------------------
Start Loading Part and Timing Information
---------------------------------------------------------------------------------
Loading part: xc7s50csga324-1
---------------------------------------------------------------------------------
Finished Loading Part and Timing Information : Time (s): cpu = 00:00:07 ; elapsed = 00:00:07 . Memory (MB): peak = 2510.547 ; gain = 704.086 ; free physical = 9981 ; free virtual = 24235
---------------------------------------------------------------------------------
---------------------------------------------------------------------------------
Start Applying 'set_property' XDC Constraints
---------------------------------------------------------------------------------
---------------------------------------------------------------------------------
Finished applying 'set_property' XDC Constraints : Time (s): cpu = 00:00:07 ; elapsed = 00:00:07 . Memory (MB): peak = 2510.547 ; gain = 704.086 ; free physical = 9982 ; free virtual = 24236
---------------------------------------------------------------------------------
---------------------------------------------------------------------------------
Finished RTL Optimization Phase 2 : Time (s): cpu = 00:00:07 ; elapsed = 00:00:07 . Memory (MB): peak = 2510.547 ; gain = 704.086 ; free physical = 9989 ; free virtual = 24244
---------------------------------------------------------------------------------
---------------------------------------------------------------------------------
Start RTL Component Statistics 
---------------------------------------------------------------------------------
Detailed RTL Component Info : 
+---Adders : 
	   4 Input   12 Bit       Adders := 1     
	   2 Input   11 Bit       Adders := 1     
	   4 Input   11 Bit       Adders := 1     
	   2 Input   10 Bit       Adders := 1     
	   5 Input    5 Bit       Adders := 6     
	   4 Input    5 Bit       Adders := 3     
	   8 Input    4 Bit       Adders := 6     
	   2 Input    4 Bit       Adders := 3     
+---XORs : 
	   2 Input      1 Bit         XORs := 42    
+---Registers : 
	               11 Bit    Registers := 1     
	               10 Bit    Registers := 4     
	                5 Bit    Registers := 3     
	                1 Bit    Registers := 3     
+---Muxes : 
	   2 Input   11 Bit        Muxes := 1     
	   2 Input   10 Bit        Muxes := 12    
	   4 Input   10 Bit        Muxes := 3     
	   2 Input    8 Bit        Muxes := 6     
	   9 Input    8 Bit        Muxes := 3     
	   2 Input    5 Bit        Muxes := 15    
	   2 Input    2 Bit        Muxes := 2     
	   2 Input    1 Bit        Muxes := 9     
---------------------------------------------------------------------------------
Finished RTL Component Statistics 
---------------------------------------------------------------------------------
---------------------------------------------------------------------------------
Start Part Resource Summary
---------------------------------------------------------------------------------
Part Resources:
DSPs: 120 (col length:60)
BRAMs: 150 (col length: RAMB18 60 RAMB36 30)
---------------------------------------------------------------------------------
Finished Part Resource Summary
---------------------------------------------------------------------------------
---------------------------------------------------------------------------------
Start Cross Boundary and Area Optimization
---------------------------------------------------------------------------------
WARNING: [Synth 8-3917] design hdmi_test_top has port LD[2] driven by constant 1
WARNING: [Synth 8-7129] Port BTN[3] in module hdmi_test_top is either unconnected or has no load
WARNING: [Synth 8-7129] Port BTN[2] in module hdmi_test_top is either unconnected or has no load
WARNING: [Synth 8-7129] Port BTN[1] in module hdmi_test_top is either unconnected or has no load
---------------------------------------------------------------------------------
Finished Cross Boundary and Area Optimization : Time (s): cpu = 00:00:08 ; elapsed = 00:00:08 . Memory (MB): peak = 2510.547 ; gain = 704.086 ; free physical = 10007 ; free virtual = 24266
---------------------------------------------------------------------------------
---------------------------------------------------------------------------------
Start Applying XDC Timing Constraints
---------------------------------------------------------------------------------
---------------------------------------------------------------------------------
Finished Applying XDC Timing Constraints : Time (s): cpu = 00:00:10 ; elapsed = 00:00:11 . Memory (MB): peak = 2563.547 ; gain = 757.086 ; free physical = 10017 ; free virtual = 24276
---------------------------------------------------------------------------------
---------------------------------------------------------------------------------
Start Timing Optimization
---------------------------------------------------------------------------------
---------------------------------------------------------------------------------
Finished Timing Optimization : Time (s): cpu = 00:00:11 ; elapsed = 00:00:11 . Memory (MB): peak = 2591.578 ; gain = 785.117 ; free physical = 9989 ; free virtual = 24248
---------------------------------------------------------------------------------
---------------------------------------------------------------------------------
Start Technology Mapping
---------------------------------------------------------------------------------
---------------------------------------------------------------------------------
Finished Technology Mapping : Time (s): cpu = 00:00:11 ; elapsed = 00:00:11 . Memory (MB): peak = 2591.578 ; gain = 785.117 ; free physical = 9989 ; free virtual = 24248
---------------------------------------------------------------------------------
---------------------------------------------------------------------------------
Start IO Insertion
---------------------------------------------------------------------------------
---------------------------------------------------------------------------------
Start Flattening Before IO Insertion
---------------------------------------------------------------------------------
---------------------------------------------------------------------------------
Finished Flattening Before IO Insertion
---------------------------------------------------------------------------------
---------------------------------------------------------------------------------
Start Final Netlist Cleanup
---------------------------------------------------------------------------------
---------------------------------------------------------------------------------
Finished Final Netlist Cleanup
---------------------------------------------------------------------------------
---------------------------------------------------------------------------------
Finished IO Insertion : Time (s): cpu = 00:00:13 ; elapsed = 00:00:13 . Memory (MB): peak = 2765.391 ; gain = 958.930 ; free physical = 9828 ; free virtual = 24088
---------------------------------------------------------------------------------
---------------------------------------------------------------------------------
Start Renaming Generated Instances
---------------------------------------------------------------------------------
---------------------------------------------------------------------------------
Finished Renaming Generated Instances : Time (s): cpu = 00:00:13 ; elapsed = 00:00:13 . Memory (MB): peak = 2765.391 ; gain = 958.930 ; free physical = 9828 ; free virtual = 24088
---------------------------------------------------------------------------------
---------------------------------------------------------------------------------
Start Rebuilding User Hierarchy
---------------------------------------------------------------------------------
---------------------------------------------------------------------------------
Finished Rebuilding User Hierarchy : Time (s): cpu = 00:00:13 ; elapsed = 00:00:13 . Memory (MB): peak = 2765.391 ; gain = 958.930 ; free physical = 9828 ; free virtual = 24088
---------------------------------------------------------------------------------
---------------------------------------------------------------------------------
Start Renaming Generated Ports
---------------------------------------------------------------------------------
---------------------------------------------------------------------------------
Finished Renaming Generated Ports : Time (s): cpu = 00:00:13 ; elapsed = 00:00:13 . Memory (MB): peak = 2765.391 ; gain = 958.930 ; free physical = 9828 ; free virtual = 24088
---------------------------------------------------------------------------------
---------------------------------------------------------------------------------
Start Handling Custom Attributes
---------------------------------------------------------------------------------
---------------------------------------------------------------------------------
Finished Handling Custom Attributes : Time (s): cpu = 00:00:13 ; elapsed = 00:00:13 . Memory (MB): peak = 2765.391 ; gain = 958.930 ; free physical = 9828 ; free virtual = 24088
---------------------------------------------------------------------------------
---------------------------------------------------------------------------------
Start Renaming Generated Nets
---------------------------------------------------------------------------------
---------------------------------------------------------------------------------
Finished Renaming Generated Nets : Time (s): cpu = 00:00:13 ; elapsed = 00:00:13 . Memory (MB): peak = 2765.391 ; gain = 958.930 ; free physical = 9828 ; free virtual = 24088
---------------------------------------------------------------------------------
---------------------------------------------------------------------------------
Start Writing Synthesis Report
---------------------------------------------------------------------------------

Report BlackBoxes: 
+------+--------------+----------+
|      |BlackBox name |Instances |
+------+--------------+----------+
|1     |clk_wiz_0     |         1|
+------+--------------+----------+

Report Cell Usage: 
+------+----------+------+
|      |Cell      |Count |
+------+----------+------+
|1     |clk_wiz   |     1|
|2     |CARRY4    |     7|
|3     |LUT1      |     5|
|4     |LUT2      |    12|
|5     |LUT3      |    15|
|6     |LUT4      |     8|
|7     |LUT5      |    12|
|8     |LUT6      |    25|
|9     |OSERDESE2 |     8|
|11    |FDCE      |    15|
|12    |FDPE      |     9|
|13    |FDRE      |    49|
|14    |IBUF      |     1|
|15    |OBUF      |     4|
|16    |OBUFDS    |     4|
+------+----------+------+
---------------------------------------------------------------------------------
Finished Writing Synthesis Report : Time (s): cpu = 00:00:13 ; elapsed = 00:00:13 . Memory (MB): peak = 2765.391 ; gain = 958.930 ; free physical = 9828 ; free virtual = 24088
---------------------------------------------------------------------------------
Synthesis finished with 0 errors, 0 critical warnings and 4 warnings.
Synthesis Optimization Runtime : Time (s): cpu = 00:00:12 ; elapsed = 00:00:12 . Memory (MB): peak = 2765.391 ; gain = 849.156 ; free physical = 9828 ; free virtual = 24088
Synthesis Optimization Complete : Time (s): cpu = 00:00:13 ; elapsed = 00:00:13 . Memory (MB): peak = 2765.398 ; gain = 958.930 ; free physical = 9828 ; free virtual = 24088
INFO: [Project 1-571] Translating synthesized netlist
Netlist sorting complete. Time (s): cpu = 00:00:00 ; elapsed = 00:00:00 . Memory (MB): peak = 2765.398 ; gain = 0.000 ; free physical = 9828 ; free virtual = 24088
INFO: [Netlist 29-17] Analyzing 11 Unisim elements for replacement
INFO: [Netlist 29-28] Unisim Transformation completed in 0 CPU seconds
INFO: [Project 1-570] Preparing netlist for logic optimization
INFO: [Opt 31-138] Pushed 0 inverter(s) to 0 load pin(s).
Netlist sorting complete. Time (s): cpu = 00:00:00 ; elapsed = 00:00:00 . Memory (MB): peak = 2821.418 ; gain = 0.000 ; free physical = 9978 ; free virtual = 24237
INFO: [Project 1-111] Unisim Transformation Summary:
  A total of 4 instances were transformed.
  OBUFDS => OBUFDS_DUAL_BUF (INV, OBUFDS(x2)): 4 instances

Synth Design complete | Checksum: 3a037ed1
INFO: [Common 17-83] Releasing license: Synthesis
59 Infos, 8 Warnings, 0 Critical Warnings and 0 Errors encountered.
synth_design completed successfully
synth_design: Time (s): cpu = 00:00:17 ; elapsed = 00:00:16 . Memory (MB): peak = 2821.453 ; gain = 1146.070 ; free physical = 9978 ; free virtual = 24237
INFO: [Common 17-2834] synth_design peak Physical Memory [PSS] (MB): overall = 1817.491; main = 1817.491; forked = 261.361
INFO: [Common 17-2834] synth_design peak Virtual Memory [VSS] (MB): overall = 3505.172; main = 2821.422; forked = 986.621
Write ShapeDB Complete: Time (s): cpu = 00:00:00 ; elapsed = 00:00:00 . Memory (MB): peak = 2845.430 ; gain = 0.000 ; free physical = 9985 ; free virtual = 24244
INFO: [Common 17-1381] The checkpoint '/home/tiny-gpu-pro-max-main/build/vivado_hdmi_test/hdmi_test.runs/synth_1/hdmi_test_top.dcp' has been generated.
INFO: [Vivado 12-24828] Executing command : report_utilization -file hdmi_test_top_utilization_synth.rpt -pb hdmi_test_top_utilization_synth.pb
INFO: [Common 17-206] Exiting Vivado at Tue Jul 28 22:29:47 2026...
[Tue Jul 28 22:29:47 2026] synth_1 finished
wait_on_runs: Time (s): cpu = 00:00:27 ; elapsed = 00:00:21 . Memory (MB): peak = 1788.793 ; gain = 0.000 ; free physical = 11527 ; free virtual = 25780
# if {[get_property PROGRESS [get_runs synth_1]] != "100%"} {
#     puts "ERROR: synthesis failed -- see $proj/hdmi_test.runs/synth_1/runme.log"
#     exit 1
# }
# open_run synth_1 -name synth_1
Design is defaulting to impl run constrset: constrs_1
Design is defaulting to synth run part: xc7s50csga324-1
INFO: [Device 21-403] Loading part xc7s50csga324-1
INFO: [Project 1-5699] Read binary netlist with skipMacroContent - 1
INFO: [Project 1-454] Reading design checkpoint '/home/tiny-gpu-pro-max-main/build/vivado_hdmi_test/hdmi_test.gen/sources_1/ip/clk_wiz_0/clk_wiz_0.dcp' for cell 'clk_wiz'
Netlist sorting complete. Time (s): cpu = 00:00:00 ; elapsed = 00:00:00 . Memory (MB): peak = 1832.699 ; gain = 0.000 ; free physical = 11420 ; free virtual = 25673
INFO: [Netlist 29-17] Analyzing 12 Unisim elements for replacement
INFO: [Netlist 29-28] Unisim Transformation completed in 0 CPU seconds
INFO: [Project 1-479] Netlist was created with Vivado 2025.2
INFO: [Project 1-570] Preparing netlist for logic optimization
Parsing XDC File [/home/tiny-gpu-pro-max-main/build/vivado_hdmi_test/hdmi_test.gen/sources_1/ip/clk_wiz_0/clk_wiz_0_board.xdc] for cell 'clk_wiz/inst'
Finished Parsing XDC File [/home/tiny-gpu-pro-max-main/build/vivado_hdmi_test/hdmi_test.gen/sources_1/ip/clk_wiz_0/clk_wiz_0_board.xdc] for cell 'clk_wiz/inst'
Parsing XDC File [/home/tiny-gpu-pro-max-main/build/vivado_hdmi_test/hdmi_test.gen/sources_1/ip/clk_wiz_0/clk_wiz_0.xdc] for cell 'clk_wiz/inst'
INFO: [Timing 38-35] Done setting XDC timing constraints. [/home/tiny-gpu-pro-max-main/build/vivado_hdmi_test/hdmi_test.gen/sources_1/ip/clk_wiz_0/clk_wiz_0.xdc:54]
INFO: [Timing 38-2] Deriving generated clocks [/home/tiny-gpu-pro-max-main/build/vivado_hdmi_test/hdmi_test.gen/sources_1/ip/clk_wiz_0/clk_wiz_0.xdc:54]
Finished Parsing XDC File [/home/tiny-gpu-pro-max-main/build/vivado_hdmi_test/hdmi_test.gen/sources_1/ip/clk_wiz_0/clk_wiz_0.xdc] for cell 'clk_wiz/inst'
Parsing XDC File [/home/tiny-gpu-pro-max-main/constraints/boolean_mini_gpu.xdc]
Finished Parsing XDC File [/home/tiny-gpu-pro-max-main/constraints/boolean_mini_gpu.xdc]
INFO: [Opt 31-138] Pushed 0 inverter(s) to 0 load pin(s).
Netlist sorting complete. Time (s): cpu = 00:00:00 ; elapsed = 00:00:00 . Memory (MB): peak = 2450.984 ; gain = 0.000 ; free physical = 10979 ; free virtual = 25232
INFO: [Project 1-111] Unisim Transformation Summary:
  A total of 4 instances were transformed.
  OBUFDS => OBUFDS: 4 instances

# report_utilization -file $repo/build/reports/post_synth_utilization.rpt
# report_timing_summary -file $repo/build/reports/post_synth_timing.rpt
INFO: [Timing 38-35] Done setting XDC timing constraints.
INFO: [Timing 38-91] UpdateTimingParams: Speed grade: -1, Delay Type: min_max.
INFO: [Timing 38-191] Multithreading enabled for timing update using a maximum of 8 CPUs
# puts "### implementation + bitstream"
### implementation + bitstream
# file mkdir $proj/hdmi_test.runs/impl_1
# stage_mems $repo $proj/hdmi_test.runs/impl_1
# launch_runs impl_1 -to_step write_bitstream -jobs 8
INFO: [Vivado 12-4149] The synthesis checkpoint for IP '/home/tiny-gpu-pro-max-main/build/vivado_hdmi_test/hdmi_test.srcs/sources_1/ip/clk_wiz_0/clk_wiz_0.xci' is already up-to-date
INFO: [Timing 38-480] Writing timing data to binary archive.
Wrote PlaceDB: Time (s): cpu = 00:00:00 ; elapsed = 00:00:00 . Memory (MB): peak = 2490.938 ; gain = 0.000 ; free physical = 10976 ; free virtual = 25229
Wrote PulsedLatchDB: Time (s): cpu = 00:00:00 ; elapsed = 00:00:00 . Memory (MB): peak = 2490.938 ; gain = 0.000 ; free physical = 10976 ; free virtual = 25229
Writing XDEF routing.
Write ShapeDB Complete: Time (s): cpu = 00:00:00 ; elapsed = 00:00:00 . Memory (MB): peak = 2490.938 ; gain = 0.000 ; free physical = 10976 ; free virtual = 25229
Writing XDEF routing logical nets.
Writing XDEF routing special nets.
Wrote RouteStorage: Time (s): cpu = 00:00:00.02 ; elapsed = 00:00:00.01 . Memory (MB): peak = 2500.367 ; gain = 9.430 ; free physical = 10971 ; free virtual = 25225
Wrote PlaceStorage: Time (s): cpu = 00:00:00 ; elapsed = 00:00:00 . Memory (MB): peak = 2500.367 ; gain = 0.000 ; free physical = 10971 ; free virtual = 25225
Wrote Netlist Cache: Time (s): cpu = 00:00:00 ; elapsed = 00:00:00 . Memory (MB): peak = 2500.367 ; gain = 0.000 ; free physical = 10971 ; free virtual = 25225
Wrote Device Cache: Time (s): cpu = 00:00:00.01 ; elapsed = 00:00:00 . Memory (MB): peak = 2500.367 ; gain = 0.000 ; free physical = 10971 ; free virtual = 25225
Write Physdb Complete: Time (s): cpu = 00:00:00.03 ; elapsed = 00:00:00.01 . Memory (MB): peak = 2500.367 ; gain = 9.430 ; free physical = 10971 ; free virtual = 25225
[Tue Jul 28 22:29:52 2026] Launched impl_1...
Run output will be captured here: /home/tiny-gpu-pro-max-main/build/vivado_hdmi_test/hdmi_test.runs/impl_1/runme.log
# wait_on_run impl_1
[Tue Jul 28 22:29:52 2026] Waiting for impl_1 to finish...

*** Running vivado
    with args -log hdmi_test_top.vdi -applog -m64 -product Vivado -messageDb vivado.pb -mode batch -source hdmi_test_top.tcl -notrace


****** Vivado v2025.2 (64-bit)
  **** SW Build 6299465 on Fri Nov 14 12:34:56 MST 2025
  **** IP Build 6300035 on Fri Nov 14 10:48:45 MST 2025
  **** SharedData Build 6298862 on Thu Nov 13 04:50:51 MST 2025
  **** Start of session at: Tue Jul 28 22:29:53 2026
    ** Copyright 1986-2022 Xilinx, Inc. All Rights Reserved.
    ** Copyright 2022-2025 Advanced Micro Devices, Inc. All Rights Reserved.

source hdmi_test_top.tcl -notrace
Command: open_checkpoint /home/tiny-gpu-pro-max-main/build/vivado_hdmi_test/hdmi_test.runs/impl_1/hdmi_test_top.dcp
INFO: [Device 21-403] Loading part xc7s50csga324-1
Netlist sorting complete. Time (s): cpu = 00:00:00 ; elapsed = 00:00:00 . Memory (MB): peak = 1824.309 ; gain = 0.000 ; free physical = 10260 ; free virtual = 24514
INFO: [Netlist 29-17] Analyzing 12 Unisim elements for replacement
INFO: [Netlist 29-28] Unisim Transformation completed in 0 CPU seconds
INFO: [Project 1-479] Netlist was created with Vivado 2025.2
INFO: [Project 1-570] Preparing netlist for logic optimization
Read ShapeDB Complete: Time (s): cpu = 00:00:00 ; elapsed = 00:00:00 . Memory (MB): peak = 1893.121 ; gain = 0.000 ; free physical = 10160 ; free virtual = 24414
INFO: [Timing 38-478] Restoring timing data from binary archive.
INFO: [Timing 38-479] Binary timing data restore complete.
INFO: [Project 1-856] Restoring constraints from binary archive.
INFO: [Project 1-853] Binary constraint restore complete.
INFO: [Designutils 20-5722] Start Reading Physical Databases.
Reading placement.
Read Netlist Cache: Time (s): cpu = 00:00:00 ; elapsed = 00:00:00 . Memory (MB): peak = 2382.598 ; gain = 0.000 ; free physical = 9724 ; free virtual = 23978
Reading placer database...
Read Device Cache: Time (s): cpu = 00:00:00 ; elapsed = 00:00:00 . Memory (MB): peak = 2382.598 ; gain = 0.000 ; free physical = 9724 ; free virtual = 23978
Read PlaceDB: Time (s): cpu = 00:00:00 ; elapsed = 00:00:00 . Memory (MB): peak = 2382.598 ; gain = 0.000 ; free physical = 9724 ; free virtual = 23978
Read placeStorage: Time (s): cpu = 00:00:00 ; elapsed = 00:00:00 . Memory (MB): peak = 2382.598 ; gain = 0.000 ; free physical = 9724 ; free virtual = 23978
Read PulsedLatchDB: Time (s): cpu = 00:00:00 ; elapsed = 00:00:00 . Memory (MB): peak = 2382.598 ; gain = 0.000 ; free physical = 9724 ; free virtual = 23978
Reading routing.
Read RouteStorage: Time (s): cpu = 00:00:00.01 ; elapsed = 00:00:00.01 . Memory (MB): peak = 2382.598 ; gain = 0.000 ; free physical = 9724 ; free virtual = 23978
Read Physdb Files: Time (s): cpu = 00:00:00.01 ; elapsed = 00:00:00.01 . Memory (MB): peak = 2382.598 ; gain = 0.000 ; free physical = 9724 ; free virtual = 23978
Restored from archive | CPU: 0.040000 secs | Memory: 1.122940 MB |
Finished XDEF File Restore: Time (s): cpu = 00:00:00.04 ; elapsed = 00:00:00.03 . Memory (MB): peak = 2382.598 ; gain = 7.938 ; free physical = 9724 ; free virtual = 23978
Netlist sorting complete. Time (s): cpu = 00:00:00 ; elapsed = 00:00:00 . Memory (MB): peak = 2382.598 ; gain = 0.000 ; free physical = 9724 ; free virtual = 23978
INFO: [Project 1-111] Unisim Transformation Summary:
No Unisim elements were transformed.

INFO: [Project 1-604] Checkpoint was created with Vivado v2025.2 (64-bit) build 6299465
open_checkpoint: Time (s): cpu = 00:00:10 ; elapsed = 00:00:05 . Memory (MB): peak = 2382.633 ; gain = 831.305 ; free physical = 9724 ; free virtual = 23978
Command: opt_design
Attempting to get a license for feature 'Implementation' and/or device 'xc7s50'
INFO: [Common 17-349] Got license for feature 'Implementation' and/or device 'xc7s50'
Running DRC as a precondition to command opt_design

Starting DRC Task
INFO: [DRC 23-27] Running DRC with 8 threads
INFO: [Project 1-461] DRC finished with 0 Errors
INFO: [Project 1-462] Please refer to the DRC report (report_drc) for more information.

Time (s): cpu = 00:00:00.17 ; elapsed = 00:00:00.16 . Memory (MB): peak = 2403.410 ; gain = 20.777 ; free physical = 9707 ; free virtual = 23961

Starting Cache Timing Information Task
Ending Cache Timing Information Task | Checksum: 11f9ad4e2

Time (s): cpu = 00:00:00.01 ; elapsed = 00:00:00 . Memory (MB): peak = 2403.410 ; gain = 0.000 ; free physical = 9707 ; free virtual = 23961

Starting Logic Optimization Task

Phase 1 Initialization

Phase 1.1 Core Generation And Design Setup
Phase 1.1 Core Generation And Design Setup | Checksum: 11f9ad4e2

Time (s): cpu = 00:00:00 ; elapsed = 00:00:00 . Memory (MB): peak = 2776.223 ; gain = 0.000 ; free physical = 9355 ; free virtual = 23609

Phase 1.2 Setup Constraints And Sort Netlist
Phase 1.2 Setup Constraints And Sort Netlist | Checksum: 11f9ad4e2

Time (s): cpu = 00:00:00 ; elapsed = 00:00:00 . Memory (MB): peak = 2776.223 ; gain = 0.000 ; free physical = 9355 ; free virtual = 23609
Phase 1 Initialization | Checksum: 11f9ad4e2

Time (s): cpu = 00:00:00 ; elapsed = 00:00:00 . Memory (MB): peak = 2776.223 ; gain = 0.000 ; free physical = 9355 ; free virtual = 23609

Phase 2 Timer Update And Timing Data Collection

Phase 2.1 Detect if minReqCache needed
Phase 2.1 Detect if minReqCache needed | Checksum: 11f9ad4e2

Time (s): cpu = 00:00:00 ; elapsed = 00:00:00 . Memory (MB): peak = 2776.223 ; gain = 0.000 ; free physical = 9355 ; free virtual = 23609

Phase 2.2 Timer Update
Phase 2.2 Timer Update | Checksum: 11f9ad4e2

Time (s): cpu = 00:00:00.01 ; elapsed = 00:00:00.01 . Memory (MB): peak = 2776.223 ; gain = 0.000 ; free physical = 9355 ; free virtual = 23609

Phase 2.3 Timing Data Collection
Phase 2.3 Timing Data Collection | Checksum: 11f9ad4e2

Time (s): cpu = 00:00:00.01 ; elapsed = 00:00:00.01 . Memory (MB): peak = 2776.223 ; gain = 0.000 ; free physical = 9355 ; free virtual = 23609
Phase 2 Timer Update And Timing Data Collection | Checksum: 11f9ad4e2

Time (s): cpu = 00:00:00.01 ; elapsed = 00:00:00.01 . Memory (MB): peak = 2776.223 ; gain = 0.000 ; free physical = 9355 ; free virtual = 23609

Phase 3 Retarget
INFO: [Opt 31-1851] Number of loadless carry chains removed were: 0
INFO: [Opt 31-1834] Total Chains To Be Transformed Were: 0 AND Number of Transformed insts Created are: 0
INFO: [Opt 31-138] Pushed 0 inverter(s) to 0 load pin(s).
INFO: [Opt 31-49] Retargeted 0 cell(s).
Phase 3 Retarget | Checksum: 11f9ad4e2

Time (s): cpu = 00:00:00.02 ; elapsed = 00:00:00.02 . Memory (MB): peak = 2776.223 ; gain = 0.000 ; free physical = 9355 ; free virtual = 23609
Retarget | Checksum: 11f9ad4e2
INFO: [Opt 31-389] Phase Retarget created 0 cells and removed 0 cells
INFO: [Opt 31-1021] In phase Retarget, 1 netlist objects are constrained preventing optimization. Please run opt_design with -debug_log to get more detail. 

Phase 4 Constant propagation
INFO: [Opt 31-138] Pushed 0 inverter(s) to 0 load pin(s).
Phase 4 Constant propagation | Checksum: 11f9ad4e2

Time (s): cpu = 00:00:00.02 ; elapsed = 00:00:00.02 . Memory (MB): peak = 2776.223 ; gain = 0.000 ; free physical = 9355 ; free virtual = 23609
Constant propagation | Checksum: 11f9ad4e2
INFO: [Opt 31-389] Phase Constant propagation created 0 cells and removed 0 cells

Phase 5 Sweep
INFO: [Constraints 18-11670] Building netlist checker database with flags, 0x8
Done building netlist checker database: Time (s): cpu = 00:00:00 ; elapsed = 00:00:00 . Memory (MB): peak = 2776.223 ; gain = 0.000 ; free physical = 9355 ; free virtual = 23609
Phase 5 Sweep | Checksum: 1887b96c0

Time (s): cpu = 00:00:00.03 ; elapsed = 00:00:00.03 . Memory (MB): peak = 2776.223 ; gain = 0.000 ; free physical = 9355 ; free virtual = 23609
Sweep | Checksum: 1887b96c0
INFO: [Opt 31-389] Phase Sweep created 0 cells and removed 0 cells

Phase 6 BUFG optimization
Phase 6 BUFG optimization | Checksum: 1887b96c0

Time (s): cpu = 00:00:00.03 ; elapsed = 00:00:00.03 . Memory (MB): peak = 2808.238 ; gain = 32.016 ; free physical = 9355 ; free virtual = 23609
BUFG optimization | Checksum: 1887b96c0
INFO: [Opt 31-662] Phase BUFG optimization created 0 cells of which 0 are BUFGs and removed 0 cells.

Phase 7 Shift Register Optimization
INFO: [Opt 31-1064] SRL Remap converted 0 SRLs to 0 registers and converted 0 registers of register chains to 0 SRLs
Phase 7 Shift Register Optimization | Checksum: 1887b96c0

Time (s): cpu = 00:00:00.03 ; elapsed = 00:00:00.03 . Memory (MB): peak = 2808.238 ; gain = 32.016 ; free physical = 9355 ; free virtual = 23609
Shift Register Optimization | Checksum: 1887b96c0
INFO: [Opt 31-389] Phase Shift Register Optimization created 0 cells and removed 0 cells

Phase 8 Post Processing Netlist
Phase 8 Post Processing Netlist | Checksum: 1887b96c0

Time (s): cpu = 00:00:00.03 ; elapsed = 00:00:00.03 . Memory (MB): peak = 2808.238 ; gain = 32.016 ; free physical = 9355 ; free virtual = 23609
Post Processing Netlist | Checksum: 1887b96c0
INFO: [Opt 31-389] Phase Post Processing Netlist created 0 cells and removed 0 cells

Phase 9 Finalization

Phase 9.1 Finalizing Design Cores and Updating Shapes
Phase 9.1 Finalizing Design Cores and Updating Shapes | Checksum: 16cdee7e4

Time (s): cpu = 00:00:00.03 ; elapsed = 00:00:00.03 . Memory (MB): peak = 2808.238 ; gain = 32.016 ; free physical = 9355 ; free virtual = 23609

Phase 9.2 Verifying Netlist Connectivity

Starting Connectivity Check Task

Time (s): cpu = 00:00:00.01 ; elapsed = 00:00:00 . Memory (MB): peak = 2808.238 ; gain = 0.000 ; free physical = 9355 ; free virtual = 23609
Phase 9.2 Verifying Netlist Connectivity | Checksum: 16cdee7e4

Time (s): cpu = 00:00:00.04 ; elapsed = 00:00:00.04 . Memory (MB): peak = 2808.238 ; gain = 32.016 ; free physical = 9355 ; free virtual = 23609
Phase 9 Finalization | Checksum: 16cdee7e4

Time (s): cpu = 00:00:00.04 ; elapsed = 00:00:00.04 . Memory (MB): peak = 2808.238 ; gain = 32.016 ; free physical = 9355 ; free virtual = 23609
Opt_design Change Summary
=========================


-------------------------------------------------------------------------------------------------------------------------
|  Phase                        |  #Cells created  |  #Cells Removed  |  #Constrained objects preventing optimizations  |
-------------------------------------------------------------------------------------------------------------------------
|  Retarget                     |               0  |               0  |                                              1  |
|  Constant propagation         |               0  |               0  |                                              0  |
|  Sweep                        |               0  |               0  |                                              0  |
|  BUFG optimization            |               0  |               0  |                                              0  |
|  Shift Register Optimization  |               0  |               0  |                                              0  |
|  Post Processing Netlist      |               0  |               0  |                                              0  |
-------------------------------------------------------------------------------------------------------------------------


Ending Logic Optimization Task | Checksum: 16cdee7e4

Time (s): cpu = 00:00:00.04 ; elapsed = 00:00:00.04 . Memory (MB): peak = 2808.238 ; gain = 32.016 ; free physical = 9355 ; free virtual = 23609

Starting Power Optimization Task
INFO: [Pwropt 34-132] Skipping clock gating for clocks with a period < 2.00 ns.
Ending Power Optimization Task | Checksum: 16cdee7e4

Time (s): cpu = 00:00:00 ; elapsed = 00:00:00 . Memory (MB): peak = 2808.238 ; gain = 0.000 ; free physical = 9355 ; free virtual = 23609

Starting Final Cleanup Task
Ending Final Cleanup Task | Checksum: 16cdee7e4

Time (s): cpu = 00:00:00 ; elapsed = 00:00:00 . Memory (MB): peak = 2808.238 ; gain = 0.000 ; free physical = 9355 ; free virtual = 23609
Netlist sorting complete. Time (s): cpu = 00:00:00 ; elapsed = 00:00:00 . Memory (MB): peak = 2808.238 ; gain = 0.000 ; free physical = 9355 ; free virtual = 23609
INFO: [Common 17-83] Releasing license: Implementation
32 Infos, 0 Warnings, 0 Critical Warnings and 0 Errors encountered.
opt_design completed successfully
INFO: [Vivado 12-24828] Executing command : report_drc -file hdmi_test_top_drc_opted.rpt -pb hdmi_test_top_drc_opted.pb -rpx hdmi_test_top_drc_opted.rpx
Command: report_drc -file hdmi_test_top_drc_opted.rpt -pb hdmi_test_top_drc_opted.pb -rpx hdmi_test_top_drc_opted.rpx
INFO: [IP_Flow 19-234] Refreshing IP repositories
INFO: [IP_Flow 19-1704] No user IP repositories specified
INFO: [IP_Flow 19-2313] Loaded Vivado IP repository '/mnt/opt/xilinx/data/ip'.
INFO: [DRC 23-27] Running DRC with 8 threads
INFO: [Vivado_Tcl 2-168] The results of DRC are in file /home/tiny-gpu-pro-max-main/build/vivado_hdmi_test/hdmi_test.runs/impl_1/hdmi_test_top_drc_opted.rpt.
report_drc completed successfully
INFO: [Timing 38-480] Writing timing data to binary archive.
Wrote PlaceDB: Time (s): cpu = 00:00:00 ; elapsed = 00:00:00 . Memory (MB): peak = 2808.238 ; gain = 0.000 ; free physical = 9340 ; free virtual = 23594
Wrote PulsedLatchDB: Time (s): cpu = 00:00:00 ; elapsed = 00:00:00 . Memory (MB): peak = 2808.238 ; gain = 0.000 ; free physical = 9340 ; free virtual = 23594
Writing XDEF routing.
Write ShapeDB Complete: Time (s): cpu = 00:00:00 ; elapsed = 00:00:00 . Memory (MB): peak = 2808.238 ; gain = 0.000 ; free physical = 9340 ; free virtual = 23594
Writing XDEF routing logical nets.
Writing XDEF routing special nets.
Wrote RouteStorage: Time (s): cpu = 00:00:00.01 ; elapsed = 00:00:00.01 . Memory (MB): peak = 2808.238 ; gain = 0.000 ; free physical = 9340 ; free virtual = 23594
Wrote PlaceStorage: Time (s): cpu = 00:00:00 ; elapsed = 00:00:00 . Memory (MB): peak = 2808.238 ; gain = 0.000 ; free physical = 9340 ; free virtual = 23594
Wrote Netlist Cache: Time (s): cpu = 00:00:00 ; elapsed = 00:00:00 . Memory (MB): peak = 2808.238 ; gain = 0.000 ; free physical = 9340 ; free virtual = 23594
Wrote Device Cache: Time (s): cpu = 00:00:00 ; elapsed = 00:00:00 . Memory (MB): peak = 2808.238 ; gain = 0.000 ; free physical = 9340 ; free virtual = 23594
Write Physdb Complete: Time (s): cpu = 00:00:00.02 ; elapsed = 00:00:00.01 . Memory (MB): peak = 2808.238 ; gain = 0.000 ; free physical = 9340 ; free virtual = 23594
INFO: [Common 17-1381] The checkpoint '/home/tiny-gpu-pro-max-main/build/vivado_hdmi_test/hdmi_test.runs/impl_1/hdmi_test_top_opt.dcp' has been generated.
Command: place_design
Attempting to get a license for feature 'Implementation' and/or device 'xc7s50'
INFO: [Common 17-349] Got license for feature 'Implementation' and/or device 'xc7s50'
INFO: [Common 17-83] Releasing license: Implementation
INFO: [DRC 23-27] Running DRC with 8 threads
INFO: [Vivado_Tcl 4-198] DRC finished with 0 Errors
INFO: [Vivado_Tcl 4-199] Please refer to the DRC report (report_drc) for more information.
INFO: [Timing 38-35] Done setting XDC timing constraints.
Running DRC as a precondition to command place_design
INFO: [DRC 23-27] Running DRC with 8 threads
INFO: [Vivado_Tcl 4-198] DRC finished with 0 Errors
INFO: [Vivado_Tcl 4-199] Please refer to the DRC report (report_drc) for more information.
INFO: [Place 30-611] Multithreading enabled for place_design using a maximum of 8 CPUs

Starting Placer Task

Phase 1 Placer Initialization

Phase 1.1 Placer Initialization Netlist Sorting
Netlist sorting complete. Time (s): cpu = 00:00:00 ; elapsed = 00:00:00 . Memory (MB): peak = 2808.238 ; gain = 0.000 ; free physical = 9340 ; free virtual = 23594
Phase 1.1 Placer Initialization Netlist Sorting | Checksum: d288d3b8

Time (s): cpu = 00:00:00 ; elapsed = 00:00:00 . Memory (MB): peak = 2808.238 ; gain = 0.000 ; free physical = 9340 ; free virtual = 23594
Netlist sorting complete. Time (s): cpu = 00:00:00 ; elapsed = 00:00:00 . Memory (MB): peak = 2808.238 ; gain = 0.000 ; free physical = 9340 ; free virtual = 23594

Phase 1.2 IO Placement/ Clock Placement/ Build Placer Device
Phase 1.2 IO Placement/ Clock Placement/ Build Placer Device | Checksum: 196f70305

Time (s): cpu = 00:00:00.17 ; elapsed = 00:00:00.04 . Memory (MB): peak = 2864.266 ; gain = 56.027 ; free physical = 9340 ; free virtual = 23594

Phase 1.3 Build Placer Netlist Model
Phase 1.3 Build Placer Netlist Model | Checksum: 1defbe4d5

Time (s): cpu = 00:00:00.35 ; elapsed = 00:00:00.09 . Memory (MB): peak = 2896.281 ; gain = 88.043 ; free physical = 9342 ; free virtual = 23596

Phase 1.4 Constrain Clocks/Macros
Phase 1.4 Constrain Clocks/Macros | Checksum: 1defbe4d5

Time (s): cpu = 00:00:00.35 ; elapsed = 00:00:00.09 . Memory (MB): peak = 2896.281 ; gain = 88.043 ; free physical = 9342 ; free virtual = 23596
Phase 1 Placer Initialization | Checksum: 1defbe4d5

Time (s): cpu = 00:00:00.35 ; elapsed = 00:00:00.09 . Memory (MB): peak = 2896.281 ; gain = 88.043 ; free physical = 9342 ; free virtual = 23596

Phase 2 Global Placement

Phase 2.1 Floorplanning
Phase 2.1 Floorplanning | Checksum: 23650f230

Time (s): cpu = 00:00:00.47 ; elapsed = 00:00:00.11 . Memory (MB): peak = 2896.281 ; gain = 88.043 ; free physical = 9352 ; free virtual = 23606

Phase 2.2 Update Timing before SLR Path Opt
Phase 2.2 Update Timing before SLR Path Opt | Checksum: 26e918efd

Time (s): cpu = 00:00:00.53 ; elapsed = 00:00:00.13 . Memory (MB): peak = 2896.281 ; gain = 88.043 ; free physical = 9367 ; free virtual = 23621

Phase 2.3 Post-Processing in Floorplanning
Phase 2.3 Post-Processing in Floorplanning | Checksum: 26e918efd

Time (s): cpu = 00:00:00.53 ; elapsed = 00:00:00.13 . Memory (MB): peak = 2896.281 ; gain = 88.043 ; free physical = 9367 ; free virtual = 23621

Phase 2.4 Global Place Phase1
Phase 2.4 Global Place Phase1 | Checksum: 23f104e87

Time (s): cpu = 00:00:01 ; elapsed = 00:00:00.24 . Memory (MB): peak = 2896.281 ; gain = 88.043 ; free physical = 9417 ; free virtual = 23671

Phase 2.5 Global Place Phase2

Phase 2.5.1 UpdateTiming Before Physical Synthesis
Phase 2.5.1 UpdateTiming Before Physical Synthesis | Checksum: 1a2411ca5

Time (s): cpu = 00:00:01 ; elapsed = 00:00:00.26 . Memory (MB): peak = 2896.281 ; gain = 88.043 ; free physical = 9420 ; free virtual = 23674

Phase 2.5.2 Physical Synthesis In Placer
INFO: [Physopt 32-1035] Found 0 LUTNM shape to break, 4 LUT instances to create LUTNM shape
INFO: [Physopt 32-1044] Break lutnm for timing: one critical 0, two critical 0, total 0, new lutff created 0
INFO: [Physopt 32-1138] End 1 Pass. Optimized 2 nets or LUTs. Breaked 0 LUT, combined 2 existing LUTs and moved 0 existing LUT
INFO: [Physopt 32-65] No nets found for high-fanout optimization.
INFO: [Physopt 32-232] Optimized 0 net. Created 0 new instance.
INFO: [Physopt 32-775] End 1 Pass. Optimized 0 net or cell. Created 0 new cell, deleted 0 existing cell and moved 0 existing cell
INFO: [Physopt 32-670] No setup violation found.  DSP Register Optimization was not performed.
INFO: [Physopt 32-670] No setup violation found.  Shift Register to Pipeline Optimization was not performed.
INFO: [Physopt 32-670] No setup violation found.  Shift Register Optimization was not performed.
INFO: [Physopt 32-670] No setup violation found.  BRAM Register Optimization was not performed.
INFO: [Physopt 32-670] No setup violation found.  URAM Register Optimization was not performed.
INFO: [Physopt 32-949] No candidate nets found for dynamic/static region interface net replication
INFO: [Physopt 32-775] End 1 Pass. Optimized 0 net or cell. Created 0 new cell, deleted 0 existing cell and moved 0 existing cell
Netlist sorting complete. Time (s): cpu = 00:00:00 ; elapsed = 00:00:00 . Memory (MB): peak = 2896.281 ; gain = 0.000 ; free physical = 9416 ; free virtual = 23670

Summary of Physical Synthesis Optimizations
============================================


-----------------------------------------------------------------------------------------------------------------------------------------------------------
|  Optimization                                     |  Added Cells  |  Removed Cells  |  Optimized Cells/Nets  |  Dont Touch  |  Iterations  |  Elapsed   |
-----------------------------------------------------------------------------------------------------------------------------------------------------------
|  LUT Combining                                    |            0  |              2  |                     2  |           0  |           1  |  00:00:00  |
|  Retime                                           |            0  |              0  |                     0  |           0  |           1  |  00:00:00  |
|  Very High Fanout                                 |            0  |              0  |                     0  |           0  |           1  |  00:00:00  |
|  DSP Register                                     |            0  |              0  |                     0  |           0  |           0  |  00:00:00  |
|  Shift Register to Pipeline                       |            0  |              0  |                     0  |           0  |           0  |  00:00:00  |
|  Shift Register                                   |            0  |              0  |                     0  |           0  |           0  |  00:00:00  |
|  BRAM Register                                    |            0  |              0  |                     0  |           0  |           0  |  00:00:00  |
|  URAM Register                                    |            0  |              0  |                     0  |           0  |           0  |  00:00:00  |
|  Dynamic/Static Region Interface Net Replication  |            0  |              0  |                     0  |           0  |           1  |  00:00:00  |
|  Total                                            |            0  |              2  |                     2  |           0  |           4  |  00:00:00  |
-----------------------------------------------------------------------------------------------------------------------------------------------------------


Phase 2.5.2 Physical Synthesis In Placer | Checksum: 202d53e70

Time (s): cpu = 00:00:01 ; elapsed = 00:00:00.44 . Memory (MB): peak = 2896.281 ; gain = 88.043 ; free physical = 9415 ; free virtual = 23670
Phase 2.5 Global Place Phase2 | Checksum: 22a16e6a1

Time (s): cpu = 00:00:01 ; elapsed = 00:00:00.47 . Memory (MB): peak = 2896.281 ; gain = 88.043 ; free physical = 9416 ; free virtual = 23670
Phase 2 Global Placement | Checksum: 22a16e6a1

Time (s): cpu = 00:00:01 ; elapsed = 00:00:00.47 . Memory (MB): peak = 2896.281 ; gain = 88.043 ; free physical = 9416 ; free virtual = 23670

Phase 3 Detail Placement

Phase 3.1 Commit Multi Column Macros
Phase 3.1 Commit Multi Column Macros | Checksum: 1d1aa34ce

Time (s): cpu = 00:00:02 ; elapsed = 00:00:00.48 . Memory (MB): peak = 2896.281 ; gain = 88.043 ; free physical = 9416 ; free virtual = 23670

Phase 3.2 Commit Most Macros & LUTRAMs
Phase 3.2 Commit Most Macros & LUTRAMs | Checksum: 209bb3d4f

Time (s): cpu = 00:00:02 ; elapsed = 00:00:00.52 . Memory (MB): peak = 2896.281 ; gain = 88.043 ; free physical = 9415 ; free virtual = 23669

Phase 3.3 Area Swap Optimization
Phase 3.3 Area Swap Optimization | Checksum: 2a3ed03a5

Time (s): cpu = 00:00:02 ; elapsed = 00:00:00.53 . Memory (MB): peak = 2896.281 ; gain = 88.043 ; free physical = 9415 ; free virtual = 23669

Phase 3.4 Pipeline Register Optimization
Phase 3.4 Pipeline Register Optimization | Checksum: 26f63ac61

Time (s): cpu = 00:00:02 ; elapsed = 00:00:00.53 . Memory (MB): peak = 2896.281 ; gain = 88.043 ; free physical = 9415 ; free virtual = 23669

Phase 3.5 Small Shape Detail Placement
Phase 3.5 Small Shape Detail Placement | Checksum: 22a33483b

Time (s): cpu = 00:00:02 ; elapsed = 00:00:00.6 . Memory (MB): peak = 2896.281 ; gain = 88.043 ; free physical = 9415 ; free virtual = 23669

Phase 3.6 Re-assign LUT pins
Phase 3.6 Re-assign LUT pins | Checksum: 182177ee7

Time (s): cpu = 00:00:02 ; elapsed = 00:00:00.6 . Memory (MB): peak = 2896.281 ; gain = 88.043 ; free physical = 9415 ; free virtual = 23669

Phase 3.7 Pipeline Register Optimization
Phase 3.7 Pipeline Register Optimization | Checksum: 115ae972b

Time (s): cpu = 00:00:02 ; elapsed = 00:00:00.6 . Memory (MB): peak = 2896.281 ; gain = 88.043 ; free physical = 9415 ; free virtual = 23669
Phase 3 Detail Placement | Checksum: 115ae972b

Time (s): cpu = 00:00:02 ; elapsed = 00:00:00.6 . Memory (MB): peak = 2896.281 ; gain = 88.043 ; free physical = 9415 ; free virtual = 23669

Phase 4 Post Placement Optimization and Clean-Up

Phase 4.1 Post Commit Optimization
INFO: [Timing 38-35] Done setting XDC timing constraints.

Phase 4.1.1 Post Placement Optimization
Post Placement Optimization Initialization | Checksum: 1fde7a99c

Phase 4.1.1.1 BUFG Insertion

Starting Physical Synthesis Task

Phase 1 Physical Synthesis Initialization
INFO: [Physopt 32-721] Multithreading enabled for phys_opt_design using a maximum of 8 CPUs
INFO: [Physopt 32-619] Estimated Timing Summary | WNS=19.572 | TNS=0.000 |
Phase 1 Physical Synthesis Initialization | Checksum: 1e2e35a99

Time (s): cpu = 00:00:00.01 ; elapsed = 00:00:00 . Memory (MB): peak = 2896.281 ; gain = 0.000 ; free physical = 9414 ; free virtual = 23668
INFO: [Place 46-56] BUFG insertion identified 0 candidate nets. Inserted BUFG: 0, Replicated BUFG Driver: 0, Skipped due to Placement/Routing Conflicts: 0, Skipped due to Timing Degradation: 0, Skipped due to netlist editing failed: 0.
Ending Physical Synthesis Task | Checksum: 23859b874

Time (s): cpu = 00:00:00.01 ; elapsed = 00:00:00 . Memory (MB): peak = 2896.281 ; gain = 0.000 ; free physical = 9414 ; free virtual = 23668
Phase 4.1.1.1 BUFG Insertion | Checksum: 1fde7a99c

Time (s): cpu = 00:00:02 ; elapsed = 00:00:00.65 . Memory (MB): peak = 2896.281 ; gain = 88.043 ; free physical = 9414 ; free virtual = 23668

Phase 4.1.1.2 Post Placement Timing Optimization
INFO: [Place 30-746] Post Placement Timing Summary WNS=19.572. For the most accurate timing information please run report_timing.
Phase 4.1.1.2 Post Placement Timing Optimization | Checksum: 21e951743

Time (s): cpu = 00:00:02 ; elapsed = 00:00:00.65 . Memory (MB): peak = 2896.281 ; gain = 88.043 ; free physical = 9414 ; free virtual = 23668

Time (s): cpu = 00:00:02 ; elapsed = 00:00:00.65 . Memory (MB): peak = 2896.281 ; gain = 88.043 ; free physical = 9414 ; free virtual = 23668
Phase 4.1 Post Commit Optimization | Checksum: 21e951743

Time (s): cpu = 00:00:02 ; elapsed = 00:00:00.65 . Memory (MB): peak = 2896.281 ; gain = 88.043 ; free physical = 9414 ; free virtual = 23668

Phase 4.2 Post Placement Cleanup
Phase 4.2 Post Placement Cleanup | Checksum: 21e951743

Time (s): cpu = 00:00:02 ; elapsed = 00:00:00.66 . Memory (MB): peak = 2896.281 ; gain = 88.043 ; free physical = 9414 ; free virtual = 23668

Phase 4.3 Placer Reporting

Phase 4.3.1 Print Estimated Congestion
INFO: [Place 30-612] Post-Placement Estimated Congestion 
 ____________________________________________________
|           | Global Congestion | Short Congestion  |
| Direction | Region Size       | Region Size       |
|___________|___________________|___________________|
|      North|                1x1|                1x1|
|___________|___________________|___________________|
|      South|                1x1|                1x1|
|___________|___________________|___________________|
|       East|                1x1|                1x1|
|___________|___________________|___________________|
|       West|                1x1|                1x1|
|___________|___________________|___________________|

Phase 4.3.1 Print Estimated Congestion | Checksum: 21e951743

Time (s): cpu = 00:00:02 ; elapsed = 00:00:00.66 . Memory (MB): peak = 2896.281 ; gain = 88.043 ; free physical = 9414 ; free virtual = 23668
Phase 4.3 Placer Reporting | Checksum: 21e951743

Time (s): cpu = 00:00:02 ; elapsed = 00:00:00.67 . Memory (MB): peak = 2896.281 ; gain = 88.043 ; free physical = 9414 ; free virtual = 23668

Phase 4.4 Final Placement Cleanup
Netlist sorting complete. Time (s): cpu = 00:00:00 ; elapsed = 00:00:00 . Memory (MB): peak = 2896.281 ; gain = 0.000 ; free physical = 9414 ; free virtual = 23668

Time (s): cpu = 00:00:02 ; elapsed = 00:00:00.67 . Memory (MB): peak = 2896.281 ; gain = 88.043 ; free physical = 9414 ; free virtual = 23668
Phase 4 Post Placement Optimization and Clean-Up | Checksum: 161abf91b

Time (s): cpu = 00:00:02 ; elapsed = 00:00:00.67 . Memory (MB): peak = 2896.281 ; gain = 88.043 ; free physical = 9414 ; free virtual = 23668
Ending Placer Task | Checksum: e11a8620

Time (s): cpu = 00:00:02 ; elapsed = 00:00:00.67 . Memory (MB): peak = 2896.281 ; gain = 88.043 ; free physical = 9414 ; free virtual = 23668
69 Infos, 0 Warnings, 0 Critical Warnings and 0 Errors encountered.
place_design completed successfully
INFO: [Vivado 12-24838] Running report commands "report_control_sets, report_io, report_utilization" in parallel.
Running report generation with 3 threads.
INFO: [Vivado 12-24828] Executing command : report_control_sets -verbose -file hdmi_test_top_control_sets_placed.rpt
report_control_sets: Time (s): cpu = 00:00:00.02 ; elapsed = 00:00:00.03 . Memory (MB): peak = 2896.281 ; gain = 0.000 ; free physical = 9392 ; free virtual = 23646
INFO: [Vivado 12-24828] Executing command : report_utilization -file hdmi_test_top_utilization_placed.rpt -pb hdmi_test_top_utilization_placed.pb
INFO: [Vivado 12-24828] Executing command : report_io -file hdmi_test_top_io_placed.rpt
report_io: Time (s): cpu = 00:00:00.06 ; elapsed = 00:00:00.07 . Memory (MB): peak = 2896.281 ; gain = 0.000 ; free physical = 9384 ; free virtual = 23638
INFO: [Timing 38-480] Writing timing data to binary archive.
Wrote PlaceDB: Time (s): cpu = 00:00:00 ; elapsed = 00:00:00 . Memory (MB): peak = 2896.281 ; gain = 0.000 ; free physical = 9384 ; free virtual = 23638
Wrote PulsedLatchDB: Time (s): cpu = 00:00:00 ; elapsed = 00:00:00 . Memory (MB): peak = 2896.281 ; gain = 0.000 ; free physical = 9384 ; free virtual = 23638
Writing XDEF routing.
Write ShapeDB Complete: Time (s): cpu = 00:00:00 ; elapsed = 00:00:00 . Memory (MB): peak = 2896.281 ; gain = 0.000 ; free physical = 9384 ; free virtual = 23638
Writing XDEF routing logical nets.
Writing XDEF routing special nets.
Wrote RouteStorage: Time (s): cpu = 00:00:00.03 ; elapsed = 00:00:00.01 . Memory (MB): peak = 2896.281 ; gain = 0.000 ; free physical = 9398 ; free virtual = 23653
Wrote PlaceStorage: Time (s): cpu = 00:00:00 ; elapsed = 00:00:00 . Memory (MB): peak = 2896.281 ; gain = 0.000 ; free physical = 9398 ; free virtual = 23652
Wrote Netlist Cache: Time (s): cpu = 00:00:00 ; elapsed = 00:00:00 . Memory (MB): peak = 2896.281 ; gain = 0.000 ; free physical = 9398 ; free virtual = 23652
Wrote Device Cache: Time (s): cpu = 00:00:00.01 ; elapsed = 00:00:00.01 . Memory (MB): peak = 2896.281 ; gain = 0.000 ; free physical = 9398 ; free virtual = 23653
Write Physdb Complete: Time (s): cpu = 00:00:00.04 ; elapsed = 00:00:00.02 . Memory (MB): peak = 2896.281 ; gain = 0.000 ; free physical = 9398 ; free virtual = 23653
INFO: [Common 17-1381] The checkpoint '/home/tiny-gpu-pro-max-main/build/vivado_hdmi_test/hdmi_test.runs/impl_1/hdmi_test_top_placed.dcp' has been generated.
Command: phys_opt_design
Attempting to get a license for feature 'Implementation' and/or device 'xc7s50'
INFO: [Common 17-349] Got license for feature 'Implementation' and/or device 'xc7s50'

Starting Initial Update Timing Task

Time (s): cpu = 00:00:00.03 ; elapsed = 00:00:00.01 . Memory (MB): peak = 2896.281 ; gain = 0.000 ; free physical = 9394 ; free virtual = 23648
INFO: [Vivado_Tcl 4-2279] Estimated Timing Summary | WNS= 19.572 | TNS= 0.000 | 
INFO: [Vivado_Tcl 4-383] Design worst setup slack (WNS) is greater than or equal to 0.000 ns. All physical synthesis setup optimizations will be skipped.
INFO: [Vivado_Tcl 4-232] No setup violation found. The netlist was not modified.
INFO: [Common 17-83] Releasing license: Implementation
80 Infos, 0 Warnings, 0 Critical Warnings and 0 Errors encountered.
phys_opt_design completed successfully
INFO: [Timing 38-480] Writing timing data to binary archive.
Wrote PlaceDB: Time (s): cpu = 00:00:00 ; elapsed = 00:00:00 . Memory (MB): peak = 2896.281 ; gain = 0.000 ; free physical = 9394 ; free virtual = 23648
Wrote PulsedLatchDB: Time (s): cpu = 00:00:00 ; elapsed = 00:00:00 . Memory (MB): peak = 2896.281 ; gain = 0.000 ; free physical = 9394 ; free virtual = 23648
Writing XDEF routing.
Write ShapeDB Complete: Time (s): cpu = 00:00:00 ; elapsed = 00:00:00 . Memory (MB): peak = 2896.281 ; gain = 0.000 ; free physical = 9394 ; free virtual = 23648
Writing XDEF routing logical nets.
Writing XDEF routing special nets.
Wrote RouteStorage: Time (s): cpu = 00:00:00.02 ; elapsed = 00:00:00.01 . Memory (MB): peak = 2896.281 ; gain = 0.000 ; free physical = 9393 ; free virtual = 23648
Wrote PlaceStorage: Time (s): cpu = 00:00:00.01 ; elapsed = 00:00:00 . Memory (MB): peak = 2896.281 ; gain = 0.000 ; free physical = 9393 ; free virtual = 23648
Wrote Netlist Cache: Time (s): cpu = 00:00:00 ; elapsed = 00:00:00 . Memory (MB): peak = 2896.281 ; gain = 0.000 ; free physical = 9393 ; free virtual = 23648
Wrote Device Cache: Time (s): cpu = 00:00:00.01 ; elapsed = 00:00:00 . Memory (MB): peak = 2896.281 ; gain = 0.000 ; free physical = 9393 ; free virtual = 23648
Write Physdb Complete: Time (s): cpu = 00:00:00.04 ; elapsed = 00:00:00.01 . Memory (MB): peak = 2896.281 ; gain = 0.000 ; free physical = 9393 ; free virtual = 23648
INFO: [Common 17-1381] The checkpoint '/home/tiny-gpu-pro-max-main/build/vivado_hdmi_test/hdmi_test.runs/impl_1/hdmi_test_top_physopt.dcp' has been generated.
Command: route_design
Attempting to get a license for feature 'Implementation' and/or device 'xc7s50'
INFO: [Common 17-349] Got license for feature 'Implementation' and/or device 'xc7s50'


Starting Routing Task
INFO: [Route 35-254] Multithreading enabled for route_design using a maximum of 8 CPUs

Phase 1 Build RT Design
Checksum: PlaceDB: 33c5b9eb ConstDB: 0 ShapeSum: 2c398ff RouteDB: aa913336
Post Restoration Checksum: NetGraph: 9bc2e0ad | NumContArr: 6aa0874c | Constraints: c2a8fa9d | Timing: c2a8fa9d
Phase 1 Build RT Design | Checksum: 28bb55d33

Time (s): cpu = 00:00:08 ; elapsed = 00:00:07 . Memory (MB): peak = 2896.281 ; gain = 0.000 ; free physical = 9395 ; free virtual = 23650

Phase 2 Router Initialization

Phase 2.1 Fix Topology Constraints
Phase 2.1 Fix Topology Constraints | Checksum: 28bb55d33

Time (s): cpu = 00:00:08 ; elapsed = 00:00:07 . Memory (MB): peak = 2896.281 ; gain = 0.000 ; free physical = 9395 ; free virtual = 23650

Phase 2.2 Pre Route Cleanup
Phase 2.2 Pre Route Cleanup | Checksum: 28bb55d33

Time (s): cpu = 00:00:08 ; elapsed = 00:00:07 . Memory (MB): peak = 2896.281 ; gain = 0.000 ; free physical = 9395 ; free virtual = 23650
 Number of Nodes with overlaps = 0

Phase 2.3 Update Timing
Phase 2.3 Update Timing | Checksum: 2b8426e9b

Time (s): cpu = 00:00:09 ; elapsed = 00:00:07 . Memory (MB): peak = 2896.281 ; gain = 0.000 ; free physical = 9395 ; free virtual = 23650
INFO: [Route 35-416] Intermediate Timing Summary | WNS=19.608 | TNS=0.000  | WHS=-0.116 | THS=-1.304 |


Phase 2.4 Soft Constraint Pins - Fast Budgeting
Phase 2.4 Soft Constraint Pins - Fast Budgeting | Checksum: 2db853e14

Time (s): cpu = 00:00:09 ; elapsed = 00:00:07 . Memory (MB): peak = 2896.281 ; gain = 0.000 ; free physical = 9395 ; free virtual = 23650

Router Utilization Summary
  Global Vertical Routing Utilization    = 0 %
  Global Horizontal Routing Utilization  = 0 %
  Routable Net Status*
  *Does not include unroutable nets such as driverless and loadless.
  Run report_route_status for detailed report.
  Number of Failed Nets               = 129
    (Failed Nets is the sum of unrouted and partially routed nets)
  Number of Unrouted Nets             = 129
  Number of Partially Routed Nets     = 0
  Number of Node Overlaps             = 0

Phase 2 Router Initialization | Checksum: 2db853e14

Time (s): cpu = 00:00:09 ; elapsed = 00:00:07 . Memory (MB): peak = 2896.281 ; gain = 0.000 ; free physical = 9395 ; free virtual = 23650

Phase 3 Global Routing
Phase 3 Global Routing | Checksum: 2db853e14

Time (s): cpu = 00:00:09 ; elapsed = 00:00:07 . Memory (MB): peak = 2896.281 ; gain = 0.000 ; free physical = 9395 ; free virtual = 23650

Phase 4 Initial Routing

Phase 4.1 Initial Net Routing Pass
Phase 4.1 Initial Net Routing Pass | Checksum: 27e93f5d8

Time (s): cpu = 00:00:09 ; elapsed = 00:00:07 . Memory (MB): peak = 2896.281 ; gain = 0.000 ; free physical = 9395 ; free virtual = 23650
Phase 4 Initial Routing | Checksum: 27e93f5d8

Time (s): cpu = 00:00:09 ; elapsed = 00:00:07 . Memory (MB): peak = 2896.281 ; gain = 0.000 ; free physical = 9395 ; free virtual = 23650

Phase 5 Rip-up And Reroute

Phase 5.1 Global Iteration 0
 Number of Nodes with overlaps = 7
 Number of Nodes with overlaps = 0
INFO: [Route 35-416] Intermediate Timing Summary | WNS=19.498 | TNS=0.000  | WHS=N/A    | THS=N/A    |

Phase 5.1 Global Iteration 0 | Checksum: 27bb097be

Time (s): cpu = 00:00:09 ; elapsed = 00:00:07 . Memory (MB): peak = 2896.281 ; gain = 0.000 ; free physical = 9398 ; free virtual = 23653

Phase 5.2 Global Iteration 1
 Number of Nodes with overlaps = 0
INFO: [Route 35-416] Intermediate Timing Summary | WNS=19.312 | TNS=0.000  | WHS=N/A    | THS=N/A    |

Phase 5.2 Global Iteration 1 | Checksum: 1530a04d4

Time (s): cpu = 00:00:09 ; elapsed = 00:00:07 . Memory (MB): peak = 2896.281 ; gain = 0.000 ; free physical = 9398 ; free virtual = 23653
Phase 5 Rip-up And Reroute | Checksum: 1530a04d4

Time (s): cpu = 00:00:09 ; elapsed = 00:00:07 . Memory (MB): peak = 2896.281 ; gain = 0.000 ; free physical = 9398 ; free virtual = 23653

Phase 6 Delay and Skew Optimization

Phase 6.1 Delay CleanUp
Phase 6.1 Delay CleanUp | Checksum: 1530a04d4

Time (s): cpu = 00:00:09 ; elapsed = 00:00:07 . Memory (MB): peak = 2896.281 ; gain = 0.000 ; free physical = 9398 ; free virtual = 23653

Phase 6.2 Clock Skew Optimization
Phase 6.2 Clock Skew Optimization | Checksum: 1530a04d4

Time (s): cpu = 00:00:09 ; elapsed = 00:00:07 . Memory (MB): peak = 2896.281 ; gain = 0.000 ; free physical = 9398 ; free virtual = 23653
Phase 6 Delay and Skew Optimization | Checksum: 1530a04d4

Time (s): cpu = 00:00:09 ; elapsed = 00:00:07 . Memory (MB): peak = 2896.281 ; gain = 0.000 ; free physical = 9398 ; free virtual = 23653

Phase 7 Post Hold Fix

Phase 7.1 Hold Fix Iter
INFO: [Route 35-416] Intermediate Timing Summary | WNS=19.405 | TNS=0.000  | WHS=0.184  | THS=0.000  |

Phase 7.1 Hold Fix Iter | Checksum: 1b10d9ecb

Time (s): cpu = 00:00:09 ; elapsed = 00:00:07 . Memory (MB): peak = 2896.281 ; gain = 0.000 ; free physical = 9398 ; free virtual = 23653
Phase 7 Post Hold Fix | Checksum: 1b10d9ecb

Time (s): cpu = 00:00:09 ; elapsed = 00:00:07 . Memory (MB): peak = 2896.281 ; gain = 0.000 ; free physical = 9398 ; free virtual = 23653

Phase 8 Route finalize

Router Utilization Summary
  Global Vertical Routing Utilization    = 0.0262298 %
  Global Horizontal Routing Utilization  = 0.0294118 %
  Routable Net Status*
  *Does not include unroutable nets such as driverless and loadless.
  Run report_route_status for detailed report.
  Number of Failed Nets               = 0
    (Failed Nets is the sum of unrouted and partially routed nets)
  Number of Unrouted Nets             = 0
  Number of Partially Routed Nets     = 0
  Number of Node Overlaps             = 0

Phase 8 Route finalize | Checksum: 1b10d9ecb

Time (s): cpu = 00:00:09 ; elapsed = 00:00:07 . Memory (MB): peak = 2896.281 ; gain = 0.000 ; free physical = 9398 ; free virtual = 23653

Phase 9 Verifying routed nets

 Verification completed successfully
Phase 9 Verifying routed nets | Checksum: 1b10d9ecb

Time (s): cpu = 00:00:09 ; elapsed = 00:00:07 . Memory (MB): peak = 2896.281 ; gain = 0.000 ; free physical = 9398 ; free virtual = 23653

Phase 10 Depositing Routes
Phase 10 Depositing Routes | Checksum: 2306ffb57

Time (s): cpu = 00:00:09 ; elapsed = 00:00:07 . Memory (MB): peak = 2896.281 ; gain = 0.000 ; free physical = 9398 ; free virtual = 23653

Phase 11 Post Process Routing
Phase 11 Post Process Routing | Checksum: 2306ffb57

Time (s): cpu = 00:00:09 ; elapsed = 00:00:07 . Memory (MB): peak = 2896.281 ; gain = 0.000 ; free physical = 9398 ; free virtual = 23653

Phase 12 Post Router Timing
INFO: [Route 35-57] Estimated Timing Summary | WNS=19.405 | TNS=0.000  | WHS=0.184  | THS=0.000  |

INFO: [Route 35-327] The final timing numbers are based on the router estimated timing analysis. For a complete and accurate timing signoff, please run report_timing_summary.
Phase 12 Post Router Timing | Checksum: 2306ffb57

Time (s): cpu = 00:00:09 ; elapsed = 00:00:07 . Memory (MB): peak = 2896.281 ; gain = 0.000 ; free physical = 9398 ; free virtual = 23653
Total Elapsed time in route_design: 7.39 secs

Phase 13 Post-Route Event Processing
Phase 13 Post-Route Event Processing | Checksum: 320fee88

Time (s): cpu = 00:00:09 ; elapsed = 00:00:07 . Memory (MB): peak = 2896.281 ; gain = 0.000 ; free physical = 9398 ; free virtual = 23653
INFO: [Route 35-16] Router Completed Successfully
Ending Routing Task | Checksum: 320fee88

Time (s): cpu = 00:00:09 ; elapsed = 00:00:07 . Memory (MB): peak = 2896.281 ; gain = 0.000 ; free physical = 9398 ; free virtual = 23653

Routing Is Done.
INFO: [Common 17-83] Releasing license: Implementation
92 Infos, 0 Warnings, 0 Critical Warnings and 0 Errors encountered.
route_design completed successfully
route_design: Time (s): cpu = 00:00:09 ; elapsed = 00:00:07 . Memory (MB): peak = 2896.281 ; gain = 0.000 ; free physical = 9398 ; free virtual = 23653
INFO: [Vivado 12-24828] Executing command : report_drc -file hdmi_test_top_drc_routed.rpt -pb hdmi_test_top_drc_routed.pb -rpx hdmi_test_top_drc_routed.rpx
Command: report_drc -file hdmi_test_top_drc_routed.rpt -pb hdmi_test_top_drc_routed.pb -rpx hdmi_test_top_drc_routed.rpx
INFO: [IP_Flow 19-1839] IP Catalog is up to date.
INFO: [DRC 23-27] Running DRC with 8 threads
INFO: [Vivado_Tcl 2-168] The results of DRC are in file /home/tiny-gpu-pro-max-main/build/vivado_hdmi_test/hdmi_test.runs/impl_1/hdmi_test_top_drc_routed.rpt.
report_drc completed successfully
INFO: [Vivado 12-24828] Executing command : report_methodology -file hdmi_test_top_methodology_drc_routed.rpt -pb hdmi_test_top_methodology_drc_routed.pb -rpx hdmi_test_top_methodology_drc_routed.rpx
Command: report_methodology -file hdmi_test_top_methodology_drc_routed.rpt -pb hdmi_test_top_methodology_drc_routed.pb -rpx hdmi_test_top_methodology_drc_routed.rpx
INFO: [Timing 38-35] Done setting XDC timing constraints.
INFO: [DRC 23-133] Running Methodology with 8 threads
INFO: [Vivado_Tcl 2-1520] The results of Report Methodology are in file /home/tiny-gpu-pro-max-main/build/vivado_hdmi_test/hdmi_test.runs/impl_1/hdmi_test_top_methodology_drc_routed.rpt.
report_methodology completed successfully
INFO: [Vivado 12-24828] Executing command : report_timing_summary -max_paths 10 -routable_nets -report_unconstrained -file hdmi_test_top_timing_summary_routed.rpt -pb hdmi_test_top_timing_summary_routed.pb -rpx hdmi_test_top_timing_summary_routed.rpx -warn_on_violation 
INFO: [Timing 38-35] Done setting XDC timing constraints.
INFO: [Timing 38-91] UpdateTimingParams: Speed grade: -1, Delay Type: min_max.
INFO: [Timing 38-191] Multithreading enabled for timing update using a maximum of 8 CPUs
INFO: [Vivado 12-24838] Running report commands "report_bus_skew, report_incremental_reuse, report_route_status" in parallel.
Running report generation with 3 threads.
INFO: [Vivado 12-24828] Executing command : report_incremental_reuse -file hdmi_test_top_incremental_reuse_routed.rpt
INFO: [Vivado_Tcl 4-1062] Incremental flow is disabled. No incremental reuse Info to report.
INFO: [Vivado 12-24828] Executing command : report_route_status -file hdmi_test_top_route_status.rpt -pb hdmi_test_top_route_status.pb
INFO: [Vivado 12-24828] Executing command : report_bus_skew -warn_on_violation -file hdmi_test_top_bus_skew_routed.rpt -pb hdmi_test_top_bus_skew_routed.pb -rpx hdmi_test_top_bus_skew_routed.rpx
INFO: [Timing 38-91] UpdateTimingParams: Speed grade: -1, Delay Type: min_max.
INFO: [Timing 38-191] Multithreading enabled for timing update using a maximum of 8 CPUs
INFO: [Vivado 12-24828] Executing command : report_power -file hdmi_test_top_power_routed.rpt -pb hdmi_test_top_power_summary_routed.pb -rpx hdmi_test_top_power_routed.rpx
Command: report_power -file hdmi_test_top_power_routed.rpt -pb hdmi_test_top_power_summary_routed.pb -rpx hdmi_test_top_power_routed.rpx
Running Vector-less Activity Propagation...

Finished Running Vector-less Activity Propagation
112 Infos, 0 Warnings, 0 Critical Warnings and 0 Errors encountered.
report_power completed successfully
INFO: [Vivado 12-24828] Executing command : report_clock_utilization -file hdmi_test_top_clock_utilization_routed.rpt
INFO: [Timing 38-480] Writing timing data to binary archive.
Wrote PlaceDB: Time (s): cpu = 00:00:00 ; elapsed = 00:00:00 . Memory (MB): peak = 2905.289 ; gain = 0.000 ; free physical = 9373 ; free virtual = 23628
Wrote PulsedLatchDB: Time (s): cpu = 00:00:00 ; elapsed = 00:00:00 . Memory (MB): peak = 2905.289 ; gain = 0.000 ; free physical = 9373 ; free virtual = 23628
Writing XDEF routing.
Write ShapeDB Complete: Time (s): cpu = 00:00:00 ; elapsed = 00:00:00 . Memory (MB): peak = 2905.289 ; gain = 0.000 ; free physical = 9373 ; free virtual = 23628
Writing XDEF routing logical nets.
Writing XDEF routing special nets.
Wrote RouteStorage: Time (s): cpu = 00:00:00.02 ; elapsed = 00:00:00.01 . Memory (MB): peak = 2905.289 ; gain = 0.000 ; free physical = 9373 ; free virtual = 23628
Wrote PlaceStorage: Time (s): cpu = 00:00:00 ; elapsed = 00:00:00 . Memory (MB): peak = 2905.289 ; gain = 0.000 ; free physical = 9373 ; free virtual = 23628
Wrote Netlist Cache: Time (s): cpu = 00:00:00 ; elapsed = 00:00:00 . Memory (MB): peak = 2905.289 ; gain = 0.000 ; free physical = 9373 ; free virtual = 23628
Wrote Device Cache: Time (s): cpu = 00:00:00.01 ; elapsed = 00:00:00 . Memory (MB): peak = 2905.289 ; gain = 0.000 ; free physical = 9373 ; free virtual = 23629
Write Physdb Complete: Time (s): cpu = 00:00:00.03 ; elapsed = 00:00:00.02 . Memory (MB): peak = 2905.289 ; gain = 0.000 ; free physical = 9373 ; free virtual = 23629
INFO: [Common 17-1381] The checkpoint '/home/tiny-gpu-pro-max-main/build/vivado_hdmi_test/hdmi_test.runs/impl_1/hdmi_test_top_routed.dcp' has been generated.
Command: write_bitstream -force hdmi_test_top.bit
Attempting to get a license for feature 'Implementation' and/or device 'xc7s50'
INFO: [Common 17-349] Got license for feature 'Implementation' and/or device 'xc7s50'
Running DRC as a precondition to command write_bitstream
INFO: [IP_Flow 19-1839] IP Catalog is up to date.
INFO: [DRC 23-27] Running DRC with 8 threads
INFO: [Vivado 12-3199] DRC finished with 0 Errors
INFO: [Vivado 12-3200] Please refer to the DRC report (report_drc) for more information.
Integrating Hard IP ELF/MEM with the PDI.
INFO: [Designutils 20-2272] Running write_bitstream with 8 threads.
Loading data files...
Loading site data...
Loading route data...
Processing options...
Creating bitmap...
Creating bitstream...
Writing bitstream ./hdmi_test_top.bit...
INFO: [Vivado 12-1842] Bitgen Completed Successfully.
INFO: [Common 17-83] Releasing license: Implementation
123 Infos, 0 Warnings, 0 Critical Warnings and 0 Errors encountered.
write_bitstream completed successfully
INFO: [Common 17-206] Exiting Vivado at Tue Jul 28 22:30:15 2026...
[Tue Jul 28 22:30:15 2026] impl_1 finished
wait_on_runs: Time (s): cpu = 00:00:32 ; elapsed = 00:00:23 . Memory (MB): peak = 2500.402 ; gain = 0.000 ; free physical = 10905 ; free virtual = 25163
# if {[get_property PROGRESS [get_runs impl_1]] != "100%"} {
#     puts "ERROR: implementation failed -- see $proj/hdmi_test.runs/impl_1/runme.log"
#     exit 1
# }
# open_run impl_1
Netlist sorting complete. Time (s): cpu = 00:00:00 ; elapsed = 00:00:00 . Memory (MB): peak = 2500.402 ; gain = 0.000 ; free physical = 10917 ; free virtual = 25175
INFO: [Netlist 29-17] Analyzing 12 Unisim elements for replacement
INFO: [Netlist 29-28] Unisim Transformation completed in 0 CPU seconds
INFO: [Project 1-479] Netlist was created with Vivado 2025.2
INFO: [Project 1-570] Preparing netlist for logic optimization
Read ShapeDB Complete: Time (s): cpu = 00:00:00 ; elapsed = 00:00:00 . Memory (MB): peak = 2576.211 ; gain = 0.000 ; free physical = 10831 ; free virtual = 25089
INFO: [Timing 38-478] Restoring timing data from binary archive.
INFO: [Timing 38-479] Binary timing data restore complete.
INFO: [Project 1-856] Restoring constraints from binary archive.
INFO: [Project 1-853] Binary constraint restore complete.
INFO: [Designutils 20-5722] Start Reading Physical Databases.
Reading placement.
Read Netlist Cache: Time (s): cpu = 00:00:00 ; elapsed = 00:00:00 . Memory (MB): peak = 2701.570 ; gain = 0.000 ; free physical = 10753 ; free virtual = 25011
Reading placer database...
Read Device Cache: Time (s): cpu = 00:00:00 ; elapsed = 00:00:00 . Memory (MB): peak = 2701.570 ; gain = 0.000 ; free physical = 10753 ; free virtual = 25011
Read PlaceDB: Time (s): cpu = 00:00:00 ; elapsed = 00:00:00 . Memory (MB): peak = 2701.570 ; gain = 0.000 ; free physical = 10753 ; free virtual = 25011
Read placeStorage: Time (s): cpu = 00:00:00 ; elapsed = 00:00:00 . Memory (MB): peak = 2701.570 ; gain = 0.000 ; free physical = 10753 ; free virtual = 25011
Read PulsedLatchDB: Time (s): cpu = 00:00:00 ; elapsed = 00:00:00 . Memory (MB): peak = 2701.570 ; gain = 0.000 ; free physical = 10753 ; free virtual = 25011
Reading routing.
Read RouteStorage: Time (s): cpu = 00:00:00.01 ; elapsed = 00:00:00 . Memory (MB): peak = 2701.570 ; gain = 0.000 ; free physical = 10753 ; free virtual = 25011
Read Physdb Files: Time (s): cpu = 00:00:00.01 ; elapsed = 00:00:00.01 . Memory (MB): peak = 2701.570 ; gain = 0.000 ; free physical = 10753 ; free virtual = 25011
Restored from archive | CPU: 0.010000 secs | Memory: 0.108444 MB |
Finished XDEF File Restore: Time (s): cpu = 00:00:00.01 ; elapsed = 00:00:00.01 . Memory (MB): peak = 2701.570 ; gain = 0.000 ; free physical = 10753 ; free virtual = 25011
Netlist sorting complete. Time (s): cpu = 00:00:00 ; elapsed = 00:00:00 . Memory (MB): peak = 2701.570 ; gain = 0.000 ; free physical = 10753 ; free virtual = 25011
INFO: [Project 1-111] Unisim Transformation Summary:
No Unisim elements were transformed.

# report_utilization        -file $repo/build/reports/post_impl_utilization.rpt
# report_timing_summary     -file $repo/build/reports/post_impl_timing.rpt
INFO: [Timing 38-91] UpdateTimingParams: Speed grade: -1, Delay Type: min_max.
INFO: [Timing 38-191] Multithreading enabled for timing update using a maximum of 8 CPUs
# set wns [get_property SLACK [get_timing_paths -max_paths 1 -nworst 1 -setup]]
# set whs [get_property SLACK [get_timing_paths -max_paths 1 -nworst 1 -hold]]
# puts "### worst setup slack (WNS) = $wns ns"
### worst setup slack (WNS) = 19.374 ns
# puts "### worst hold  slack (WHS) = $whs ns"
### worst hold  slack (WHS) = 0.186 ns
# set bit $proj/hdmi_test.runs/impl_1/${top_mod}.bit
# if {[file exists $bit]} {
#     file copy -force $bit $repo/build/hdmi_test.bit
#     puts "### BITSTREAM: build/hdmi_test.bit"
# } else {
#     puts "ERROR: no bitstream produced"
#     exit 1
# }
### BITSTREAM: build/hdmi_test.bit
# if {$wns < 0 || $whs < 0} {
#     puts "### WARNING: TIMING NOT MET -- the bitstream exists but may not work on hardware"
#     exit 2
# }
# puts "### TIMING MET"
### TIMING MET
INFO: [Common 17-206] Exiting Vivado at Tue Jul 28 22:30:15 2026...
