Vivado Simulator v2025.2
Copyright 1986-2022 Xilinx, Inc. All Rights Reserved.
Copyright 2022-2025 Advanced Micro Devices, Inc. All Rights Reserved.
Running: /mnt/opt/xilinx/Vivado/bin/unwrapped/lnx64.o/xelab -debug typical -timescale 1ns/1ps test0 -s test0_sim 
Multi-threading is on. Using 6 slave threads.
WARNING: [XSIM 43-3431] One or more environment variables have been detected which affect the operation of the C compiler. These are typically not set in standard installations and are not tested by AMD, however they may be appropriate for your system, so the flow will attempt to continue.  If errors occur, try running xelab with the "-mt off -v 1" switches to see more information from the C compiler. The following environment variables have been detected:
Starting static elaboration
Pass Through NonSizing Optimizer
Completed static elaboration
Starting simulation data flow analysis
Completed simulation data flow analysis
Time Resolution for simulation is 1ps
Compiling package work.gpu_pkg
Compiling module work.scheduler_default
Compiling module work.fetcher
Compiling module work.decoder
Compiling module work.cpu
Compiling module work.pc
Compiling module work.core_default
Compiling module work.shared_mem(N_THREADS=8)
Compiling module work.test0
Built simulation snapshot test0_sim
