# addr      word      source
00000000  00010137  lui sp, 0x10   ; li
00000004  008000EF  jal ra, fn_main
00000008  00100073  ebreak
0000000C  FF810113  addi sp, sp, -8
00000010  00040293  addi t0, s0, 0   ; mv
00000014  00810413  addi s0, sp, 8
00000018  FE142E23  sw ra, -4(s0)
0000001C  FE542C23  sw t0, -8(s0)
00000020  06400293  addi t0, zero, 100   ; li
00000024  FFC10113  addi sp, sp, -4   ; push
00000028  00512023  sw t0, 0(sp)   ; push
0000002C  00700293  addi t0, zero, 7   ; li
00000030  FFC10113  addi sp, sp, -4   ; push
00000034  00512023  sw t0, 0(sp)   ; push
00000038  00012303  lw t1, 0(sp)   ; pop
0000003C  00410113  addi sp, sp, 4   ; pop
00000040  00012283  lw t0, 0(sp)   ; pop
00000044  00410113  addi sp, sp, 4   ; pop
00000048  00028513  addi a0, t0, 0   ; mv
0000004C  00030593  addi a1, t1, 0   ; mv
00000050  22C000EF  jal ra, __divmod
00000054  00050293  addi t0, a0, 0   ; mv
00000058  FFC10113  addi sp, sp, -4   ; push
0000005C  00512023  sw t0, 0(sp)   ; push
00000060  00012283  lw t0, 0(sp)   ; pop
00000064  00410113  addi sp, sp, 4   ; pop
00000068  00028513  addi a0, t0, 0   ; mv
0000006C  264000EF  jal ra, __print_int
00000070  00000293  addi t0, zero, 0   ; li
00000074  FFC10113  addi sp, sp, -4   ; push
00000078  00512023  sw t0, 0(sp)   ; push
0000007C  00012283  lw t0, 0(sp)   ; pop
00000080  00410113  addi sp, sp, 4   ; pop
00000084  06400293  addi t0, zero, 100   ; li
00000088  FFC10113  addi sp, sp, -4   ; push
0000008C  00512023  sw t0, 0(sp)   ; push
00000090  00700293  addi t0, zero, 7   ; li
00000094  FFC10113  addi sp, sp, -4   ; push
00000098  00512023  sw t0, 0(sp)   ; push
0000009C  00012303  lw t1, 0(sp)   ; pop
000000A0  00410113  addi sp, sp, 4   ; pop
000000A4  00012283  lw t0, 0(sp)   ; pop
000000A8  00410113  addi sp, sp, 4   ; pop
000000AC  00028513  addi a0, t0, 0   ; mv
000000B0  00030593  addi a1, t1, 0   ; mv
000000B4  1C8000EF  jal ra, __divmod
000000B8  00058293  addi t0, a1, 0   ; mv
000000BC  FFC10113  addi sp, sp, -4   ; push
000000C0  00512023  sw t0, 0(sp)   ; push
000000C4  00012283  lw t0, 0(sp)   ; pop
000000C8  00410113  addi sp, sp, 4   ; pop
000000CC  00028513  addi a0, t0, 0   ; mv
000000D0  200000EF  jal ra, __print_int
000000D4  00000293  addi t0, zero, 0   ; li
000000D8  FFC10113  addi sp, sp, -4   ; push
000000DC  00512023  sw t0, 0(sp)   ; push
000000E0  00012283  lw t0, 0(sp)   ; pop
000000E4  00410113  addi sp, sp, 4   ; pop
000000E8  F9C00293  addi t0, zero, -100   ; li
000000EC  FFC10113  addi sp, sp, -4   ; push
000000F0  00512023  sw t0, 0(sp)   ; push
000000F4  00700293  addi t0, zero, 7   ; li
000000F8  FFC10113  addi sp, sp, -4   ; push
000000FC  00512023  sw t0, 0(sp)   ; push
00000100  00012303  lw t1, 0(sp)   ; pop
00000104  00410113  addi sp, sp, 4   ; pop
00000108  00012283  lw t0, 0(sp)   ; pop
0000010C  00410113  addi sp, sp, 4   ; pop
00000110  00028513  addi a0, t0, 0   ; mv
00000114  00030593  addi a1, t1, 0   ; mv
00000118  164000EF  jal ra, __divmod
0000011C  00050293  addi t0, a0, 0   ; mv
00000120  FFC10113  addi sp, sp, -4   ; push
00000124  00512023  sw t0, 0(sp)   ; push
00000128  00012283  lw t0, 0(sp)   ; pop
0000012C  00410113  addi sp, sp, 4   ; pop
00000130  00028513  addi a0, t0, 0   ; mv
00000134  19C000EF  jal ra, __print_int
00000138  00000293  addi t0, zero, 0   ; li
0000013C  FFC10113  addi sp, sp, -4   ; push
00000140  00512023  sw t0, 0(sp)   ; push
00000144  00012283  lw t0, 0(sp)   ; pop
00000148  00410113  addi sp, sp, 4   ; pop
0000014C  F9C00293  addi t0, zero, -100   ; li
00000150  FFC10113  addi sp, sp, -4   ; push
00000154  00512023  sw t0, 0(sp)   ; push
00000158  00700293  addi t0, zero, 7   ; li
0000015C  FFC10113  addi sp, sp, -4   ; push
00000160  00512023  sw t0, 0(sp)   ; push
00000164  00012303  lw t1, 0(sp)   ; pop
00000168  00410113  addi sp, sp, 4   ; pop
0000016C  00012283  lw t0, 0(sp)   ; pop
00000170  00410113  addi sp, sp, 4   ; pop
00000174  00028513  addi a0, t0, 0   ; mv
00000178  00030593  addi a1, t1, 0   ; mv
0000017C  100000EF  jal ra, __divmod
00000180  00058293  addi t0, a1, 0   ; mv
00000184  FFC10113  addi sp, sp, -4   ; push
00000188  00512023  sw t0, 0(sp)   ; push
0000018C  00012283  lw t0, 0(sp)   ; pop
00000190  00410113  addi sp, sp, 4   ; pop
00000194  00028513  addi a0, t0, 0   ; mv
00000198  138000EF  jal ra, __print_int
0000019C  00000293  addi t0, zero, 0   ; li
000001A0  FFC10113  addi sp, sp, -4   ; push
000001A4  00512023  sw t0, 0(sp)   ; push
000001A8  00012283  lw t0, 0(sp)   ; pop
000001AC  00410113  addi sp, sp, 4   ; pop
000001B0  06400293  addi t0, zero, 100   ; li
000001B4  FFC10113  addi sp, sp, -4   ; push
000001B8  00512023  sw t0, 0(sp)   ; push
000001BC  00700293  addi t0, zero, 7   ; li
000001C0  FFC10113  addi sp, sp, -4   ; push
000001C4  00512023  sw t0, 0(sp)   ; push
000001C8  00012303  lw t1, 0(sp)   ; pop
000001CC  00410113  addi sp, sp, 4   ; pop
000001D0  00012283  lw t0, 0(sp)   ; pop
000001D4  00410113  addi sp, sp, 4   ; pop
000001D8  00028513  addi a0, t0, 0   ; mv
000001DC  00030593  addi a1, t1, 0   ; mv
000001E0  09C000EF  jal ra, __divmod
000001E4  00050293  addi t0, a0, 0   ; mv
000001E8  FFC10113  addi sp, sp, -4   ; push
000001EC  00512023  sw t0, 0(sp)   ; push
000001F0  00012283  lw t0, 0(sp)   ; pop
000001F4  00410113  addi sp, sp, 4   ; pop
000001F8  00028513  addi a0, t0, 0   ; mv
000001FC  FFC42083  lw ra, -4(s0)
00000200  00040113  addi sp, s0, 0   ; mv
00000204  FF842403  lw s0, -8(s0)
00000208  00008067  jalr zero, ra, 0   ; ret
0000020C  00000513  addi a0, zero, 0   ; li
00000210  FFC42083  lw ra, -4(s0)
00000214  00040113  addi sp, s0, 0   ; mv
00000218  FF842403  lw s0, -8(s0)
0000021C  00008067  jalr zero, ra, 0   ; ret
00000220  00050293  addi t0, a0, 0   ; mv
00000224  00058313  addi t1, a1, 0   ; mv
00000228  00031863  bne t1, zero, __udm_nz
0000022C  FFF00513  addi a0, zero, -1   ; li
00000230  00028593  addi a1, t0, 0   ; mv
00000234  00008067  jalr zero, ra, 0   ; ret
00000238  00000393  addi t2, zero, 0   ; li
0000023C  00000E13  addi t3, zero, 0   ; li
00000240  01F00E93  addi t4, zero, 31   ; li
00000244  001E1E13  slli t3, t3, 1
00000248  01D2DF33  srl t5, t0, t4
0000024C  001F7F13  andi t5, t5, 1
00000250  01EE6E33  or t3, t3, t5
00000254  006E6A63  bltu t3, t1, __udm_skip
00000258  406E0E33  sub t3, t3, t1
0000025C  00100F13  addi t5, zero, 1   ; li
00000260  01DF1F33  sll t5, t5, t4
00000264  01E3E3B3  or t2, t2, t5
00000268  FFFE8E93  addi t4, t4, -1
0000026C  FC0EDCE3  bge t4, zero, __udm_loop
00000270  00038513  addi a0, t2, 0   ; mv
00000274  000E0593  addi a1, t3, 0   ; mv
00000278  00008067  jalr zero, ra, 0   ; ret
0000027C  FF410113  addi sp, sp, -12
00000280  00112423  sw ra, 8(sp)
00000284  00812223  sw s0, 4(sp)
00000288  41F55293  srai t0, a0, 31
0000028C  41F5D313  srai t1, a1, 31
00000290  0062C433  xor s0, t0, t1
00000294  00512023  sw t0, 0(sp)
00000298  00554533  xor a0, a0, t0
0000029C  40550533  sub a0, a0, t0
000002A0  0065C5B3  xor a1, a1, t1
000002A4  406585B3  sub a1, a1, t1
000002A8  F79FF0EF  jal ra, __udivmod
000002AC  00012283  lw t0, 0(sp)
000002B0  00854533  xor a0, a0, s0
000002B4  40850533  sub a0, a0, s0
000002B8  0055C5B3  xor a1, a1, t0
000002BC  405585B3  sub a1, a1, t0
000002C0  00412403  lw s0, 4(sp)
000002C4  00812083  lw ra, 8(sp)
000002C8  00C10113  addi sp, sp, 12
000002CC  00008067  jalr zero, ra, 0   ; ret
000002D0  FF410113  addi sp, sp, -12
000002D4  00112423  sw ra, 8(sp)
000002D8  00812223  sw s0, 4(sp)
000002DC  00912023  sw s1, 0(sp)
000002E0  00000893  addi a7, zero, 0   ; li
000002E4  00050413  addi s0, a0, 0   ; mv
000002E8  00045863  bge s0, zero, __pi_pos
000002EC  02D00513  addi a0, zero, 45   ; li
000002F0  00000073  ecall
000002F4  40800433  sub s0, zero, s0
000002F8  00000493  addi s1, zero, 0   ; li
000002FC  00040513  addi a0, s0, 0   ; mv
00000300  00A00593  addi a1, zero, 10   ; li
00000304  F1DFF0EF  jal ra, __udivmod
00000308  03058593  addi a1, a1, 48
0000030C  FFC10113  addi sp, sp, -4
00000310  00B12023  sw a1, 0(sp)
00000314  00148493  addi s1, s1, 1
00000318  00050413  addi s0, a0, 0   ; mv
0000031C  FE0410E3  bne s0, zero, __pi_div
00000320  00048C63  beq s1, zero, __pi_done
00000324  00012503  lw a0, 0(sp)
00000328  00410113  addi sp, sp, 4
0000032C  00000073  ecall
00000330  FFF48493  addi s1, s1, -1
00000334  FEDFF06F  jal zero, __pi_out
00000338  00A00513  addi a0, zero, 10   ; li
0000033C  00000073  ecall
00000340  00012483  lw s1, 0(sp)
00000344  00412403  lw s0, 4(sp)
00000348  00812083  lw ra, 8(sp)
0000034C  00C10113  addi sp, sp, 12
00000350  00008067  jalr zero, ra, 0   ; ret
