# addr      word      source
00000000  00010137  lui sp, 0x10   ; li
00000004  130000EF  jal ra, fn_main
00000008  00100073  ebreak
0000000C  FF410113  addi sp, sp, -12
00000010  00040293  addi t0, s0, 0   ; mv
00000014  00C10413  addi s0, sp, 12
00000018  FE142E23  sw ra, -4(s0)
0000001C  FE542C23  sw t0, -8(s0)
00000020  FEA42A23  sw a0, -12(s0)
00000024  FF442283  lw t0, -12(s0)
00000028  FFC10113  addi sp, sp, -4   ; push
0000002C  00512023  sw t0, 0(sp)   ; push
00000030  00100293  addi t0, zero, 1   ; li
00000034  FFC10113  addi sp, sp, -4   ; push
00000038  00512023  sw t0, 0(sp)   ; push
0000003C  00012303  lw t1, 0(sp)   ; pop
00000040  00410113  addi sp, sp, 4   ; pop
00000044  00012283  lw t0, 0(sp)   ; pop
00000048  00410113  addi sp, sp, 4   ; pop
0000004C  005322B3  slt t0, t1, t0
00000050  0012C293  xori t0, t0, 1
00000054  FFC10113  addi sp, sp, -4   ; push
00000058  00512023  sw t0, 0(sp)   ; push
0000005C  00012283  lw t0, 0(sp)   ; pop
00000060  00410113  addi sp, sp, 4   ; pop
00000064  02028863  beq t0, zero, __L_else_1
00000068  00100293  addi t0, zero, 1   ; li
0000006C  FFC10113  addi sp, sp, -4   ; push
00000070  00512023  sw t0, 0(sp)   ; push
00000074  00012283  lw t0, 0(sp)   ; pop
00000078  00410113  addi sp, sp, 4   ; pop
0000007C  00028513  addi a0, t0, 0   ; mv
00000080  FFC42083  lw ra, -4(s0)
00000084  00040113  addi sp, s0, 0   ; mv
00000088  FF842403  lw s0, -8(s0)
0000008C  00008067  jalr zero, ra, 0   ; ret
00000090  0040006F  jal zero, __L_endif_2
00000094  FF442283  lw t0, -12(s0)
00000098  FFC10113  addi sp, sp, -4   ; push
0000009C  00512023  sw t0, 0(sp)   ; push
000000A0  FF442283  lw t0, -12(s0)
000000A4  FFC10113  addi sp, sp, -4   ; push
000000A8  00512023  sw t0, 0(sp)   ; push
000000AC  00100293  addi t0, zero, 1   ; li
000000B0  FFC10113  addi sp, sp, -4   ; push
000000B4  00512023  sw t0, 0(sp)   ; push
000000B8  00012303  lw t1, 0(sp)   ; pop
000000BC  00410113  addi sp, sp, 4   ; pop
000000C0  00012283  lw t0, 0(sp)   ; pop
000000C4  00410113  addi sp, sp, 4   ; pop
000000C8  406282B3  sub t0, t0, t1
000000CC  FFC10113  addi sp, sp, -4   ; push
000000D0  00512023  sw t0, 0(sp)   ; push
000000D4  00012503  lw a0, 0(sp)   ; pop
000000D8  00410113  addi sp, sp, 4   ; pop
000000DC  F31FF0EF  jal ra, fn_fact
000000E0  FFC10113  addi sp, sp, -4   ; push
000000E4  00A12023  sw a0, 0(sp)   ; push
000000E8  00012303  lw t1, 0(sp)   ; pop
000000EC  00410113  addi sp, sp, 4   ; pop
000000F0  00012283  lw t0, 0(sp)   ; pop
000000F4  00410113  addi sp, sp, 4   ; pop
000000F8  026282B3  mul t0, t0, t1
000000FC  FFC10113  addi sp, sp, -4   ; push
00000100  00512023  sw t0, 0(sp)   ; push
00000104  00012283  lw t0, 0(sp)   ; pop
00000108  00410113  addi sp, sp, 4   ; pop
0000010C  00028513  addi a0, t0, 0   ; mv
00000110  FFC42083  lw ra, -4(s0)
00000114  00040113  addi sp, s0, 0   ; mv
00000118  FF842403  lw s0, -8(s0)
0000011C  00008067  jalr zero, ra, 0   ; ret
00000120  00000513  addi a0, zero, 0   ; li
00000124  FFC42083  lw ra, -4(s0)
00000128  00040113  addi sp, s0, 0   ; mv
0000012C  FF842403  lw s0, -8(s0)
00000130  00008067  jalr zero, ra, 0   ; ret
00000134  FF810113  addi sp, sp, -8
00000138  00040293  addi t0, s0, 0   ; mv
0000013C  00810413  addi s0, sp, 8
00000140  FE142E23  sw ra, -4(s0)
00000144  FE542C23  sw t0, -8(s0)
00000148  00500293  addi t0, zero, 5   ; li
0000014C  FFC10113  addi sp, sp, -4   ; push
00000150  00512023  sw t0, 0(sp)   ; push
00000154  00012503  lw a0, 0(sp)   ; pop
00000158  00410113  addi sp, sp, 4   ; pop
0000015C  EB1FF0EF  jal ra, fn_fact
00000160  FFC10113  addi sp, sp, -4   ; push
00000164  00A12023  sw a0, 0(sp)   ; push
00000168  00012283  lw t0, 0(sp)   ; pop
0000016C  00410113  addi sp, sp, 4   ; pop
00000170  00028513  addi a0, t0, 0   ; mv
00000174  FFC42083  lw ra, -4(s0)
00000178  00040113  addi sp, s0, 0   ; mv
0000017C  FF842403  lw s0, -8(s0)
00000180  00008067  jalr zero, ra, 0   ; ret
00000184  00000513  addi a0, zero, 0   ; li
00000188  FFC42083  lw ra, -4(s0)
0000018C  00040113  addi sp, s0, 0   ; mv
00000190  FF842403  lw s0, -8(s0)
00000194  00008067  jalr zero, ra, 0   ; ret
