# addr      word      source
00000000  00010137  lui sp, 0x10   ; li
00000004  168000EF  jal ra, fn_main
00000008  00100073  ebreak
0000000C  FF410113  addi sp, sp, -12
00000010  00040293  addi t0, s0, 0   ; mv
00000014  00C10413  addi s0, sp, 12
00000018  FE142E23  sw ra, -4(s0)
0000001C  FE542C23  sw t0, -8(s0)
00000020  FEA42A23  sw a0, -12(s0)
00000024  FF442283  lw t0, -12(s0)
00000028  FFC10113  addi sp, sp, -4   ; push
0000002C  00512023  sw t0, 0(sp)   ; push
00000030  00200293  addi t0, zero, 2   ; li
00000034  FFC10113  addi sp, sp, -4   ; push
00000038  00512023  sw t0, 0(sp)   ; push
0000003C  00012303  lw t1, 0(sp)   ; pop
00000040  00410113  addi sp, sp, 4   ; pop
00000044  00012283  lw t0, 0(sp)   ; pop
00000048  00410113  addi sp, sp, 4   ; pop
0000004C  0062A2B3  slt t0, t0, t1
00000050  FFC10113  addi sp, sp, -4   ; push
00000054  00512023  sw t0, 0(sp)   ; push
00000058  00012283  lw t0, 0(sp)   ; pop
0000005C  00410113  addi sp, sp, 4   ; pop
00000060  02028863  beq t0, zero, __L_else_1
00000064  FF442283  lw t0, -12(s0)
00000068  FFC10113  addi sp, sp, -4   ; push
0000006C  00512023  sw t0, 0(sp)   ; push
00000070  00012283  lw t0, 0(sp)   ; pop
00000074  00410113  addi sp, sp, 4   ; pop
00000078  00028513  addi a0, t0, 0   ; mv
0000007C  FFC42083  lw ra, -4(s0)
00000080  00040113  addi sp, s0, 0   ; mv
00000084  FF842403  lw s0, -8(s0)
00000088  00008067  jalr zero, ra, 0   ; ret
0000008C  0040006F  jal zero, __L_endif_2
00000090  FF442283  lw t0, -12(s0)
00000094  FFC10113  addi sp, sp, -4   ; push
00000098  00512023  sw t0, 0(sp)   ; push
0000009C  00100293  addi t0, zero, 1   ; li
000000A0  FFC10113  addi sp, sp, -4   ; push
000000A4  00512023  sw t0, 0(sp)   ; push
000000A8  00012303  lw t1, 0(sp)   ; pop
000000AC  00410113  addi sp, sp, 4   ; pop
000000B0  00012283  lw t0, 0(sp)   ; pop
000000B4  00410113  addi sp, sp, 4   ; pop
000000B8  406282B3  sub t0, t0, t1
000000BC  FFC10113  addi sp, sp, -4   ; push
000000C0  00512023  sw t0, 0(sp)   ; push
000000C4  00012503  lw a0, 0(sp)   ; pop
000000C8  00410113  addi sp, sp, 4   ; pop
000000CC  F41FF0EF  jal ra, fn_fib
000000D0  FFC10113  addi sp, sp, -4   ; push
000000D4  00A12023  sw a0, 0(sp)   ; push
000000D8  FF442283  lw t0, -12(s0)
000000DC  FFC10113  addi sp, sp, -4   ; push
000000E0  00512023  sw t0, 0(sp)   ; push
000000E4  00200293  addi t0, zero, 2   ; li
000000E8  FFC10113  addi sp, sp, -4   ; push
000000EC  00512023  sw t0, 0(sp)   ; push
000000F0  00012303  lw t1, 0(sp)   ; pop
000000F4  00410113  addi sp, sp, 4   ; pop
000000F8  00012283  lw t0, 0(sp)   ; pop
000000FC  00410113  addi sp, sp, 4   ; pop
00000100  406282B3  sub t0, t0, t1
00000104  FFC10113  addi sp, sp, -4   ; push
00000108  00512023  sw t0, 0(sp)   ; push
0000010C  00012503  lw a0, 0(sp)   ; pop
00000110  00410113  addi sp, sp, 4   ; pop
00000114  EF9FF0EF  jal ra, fn_fib
00000118  FFC10113  addi sp, sp, -4   ; push
0000011C  00A12023  sw a0, 0(sp)   ; push
00000120  00012303  lw t1, 0(sp)   ; pop
00000124  00410113  addi sp, sp, 4   ; pop
00000128  00012283  lw t0, 0(sp)   ; pop
0000012C  00410113  addi sp, sp, 4   ; pop
00000130  006282B3  add t0, t0, t1
00000134  FFC10113  addi sp, sp, -4   ; push
00000138  00512023  sw t0, 0(sp)   ; push
0000013C  00012283  lw t0, 0(sp)   ; pop
00000140  00410113  addi sp, sp, 4   ; pop
00000144  00028513  addi a0, t0, 0   ; mv
00000148  FFC42083  lw ra, -4(s0)
0000014C  00040113  addi sp, s0, 0   ; mv
00000150  FF842403  lw s0, -8(s0)
00000154  00008067  jalr zero, ra, 0   ; ret
00000158  00000513  addi a0, zero, 0   ; li
0000015C  FFC42083  lw ra, -4(s0)
00000160  00040113  addi sp, s0, 0   ; mv
00000164  FF842403  lw s0, -8(s0)
00000168  00008067  jalr zero, ra, 0   ; ret
0000016C  FF810113  addi sp, sp, -8
00000170  00040293  addi t0, s0, 0   ; mv
00000174  00810413  addi s0, sp, 8
00000178  FE142E23  sw ra, -4(s0)
0000017C  FE542C23  sw t0, -8(s0)
00000180  00A00293  addi t0, zero, 10   ; li
00000184  FFC10113  addi sp, sp, -4   ; push
00000188  00512023  sw t0, 0(sp)   ; push
0000018C  00012503  lw a0, 0(sp)   ; pop
00000190  00410113  addi sp, sp, 4   ; pop
00000194  E79FF0EF  jal ra, fn_fib
00000198  FFC10113  addi sp, sp, -4   ; push
0000019C  00A12023  sw a0, 0(sp)   ; push
000001A0  00012283  lw t0, 0(sp)   ; pop
000001A4  00410113  addi sp, sp, 4   ; pop
000001A8  00028513  addi a0, t0, 0   ; mv
000001AC  FFC42083  lw ra, -4(s0)
000001B0  00040113  addi sp, s0, 0   ; mv
000001B4  FF842403  lw s0, -8(s0)
000001B8  00008067  jalr zero, ra, 0   ; ret
000001BC  00000513  addi a0, zero, 0   ; li
000001C0  FFC42083  lw ra, -4(s0)
000001C4  00040113  addi sp, s0, 0   ; mv
000001C8  FF842403  lw s0, -8(s0)
000001CC  00008067  jalr zero, ra, 0   ; ret
