# addr      word      source
00000000  00010137  lui sp, 0x10   ; li
00000004  008000EF  jal ra, fn_main
00000008  00100073  ebreak
0000000C  FF010113  addi sp, sp, -16
00000010  00040293  addi t0, s0, 0   ; mv
00000014  01010413  addi s0, sp, 16
00000018  FE142E23  sw ra, -4(s0)
0000001C  FE542C23  sw t0, -8(s0)
00000020  0000028B  rdtid t0
00000024  FFC10113  addi sp, sp, -4   ; push
00000028  00512023  sw t0, 0(sp)   ; push
0000002C  00012283  lw t0, 0(sp)   ; pop
00000030  00410113  addi sp, sp, 4   ; pop
00000034  FE542A23  sw t0, -12(s0)
00000038  FE042823  sw zero, -16(s0)
0000003C  00000293  addi t0, zero, 0   ; li
00000040  FFC10113  addi sp, sp, -4   ; push
00000044  00512023  sw t0, 0(sp)   ; push
00000048  00012283  lw t0, 0(sp)   ; pop
0000004C  00410113  addi sp, sp, 4   ; pop
00000050  FE542823  sw t0, -16(s0)
00000054  FFC10113  addi sp, sp, -4   ; push
00000058  00512023  sw t0, 0(sp)   ; push
0000005C  00012283  lw t0, 0(sp)   ; pop
00000060  00410113  addi sp, sp, 4   ; pop
00000064  FF042283  lw t0, -16(s0)
00000068  FFC10113  addi sp, sp, -4   ; push
0000006C  00512023  sw t0, 0(sp)   ; push
00000070  02000293  addi t0, zero, 32   ; li
00000074  FFC10113  addi sp, sp, -4   ; push
00000078  00512023  sw t0, 0(sp)   ; push
0000007C  00012303  lw t1, 0(sp)   ; pop
00000080  00410113  addi sp, sp, 4   ; pop
00000084  00012283  lw t0, 0(sp)   ; pop
00000088  00410113  addi sp, sp, 4   ; pop
0000008C  0062A2B3  slt t0, t0, t1
00000090  FFC10113  addi sp, sp, -4   ; push
00000094  00512023  sw t0, 0(sp)   ; push
00000098  00012283  lw t0, 0(sp)   ; pop
0000009C  00410113  addi sp, sp, 4   ; pop
000000A0  12028C63  beq t0, zero, __L_for_end_3
000000A4  FF442283  lw t0, -12(s0)
000000A8  FFC10113  addi sp, sp, -4   ; push
000000AC  00512023  sw t0, 0(sp)   ; push
000000B0  02000293  addi t0, zero, 32   ; li
000000B4  FFC10113  addi sp, sp, -4   ; push
000000B8  00512023  sw t0, 0(sp)   ; push
000000BC  00012303  lw t1, 0(sp)   ; pop
000000C0  00410113  addi sp, sp, 4   ; pop
000000C4  00012283  lw t0, 0(sp)   ; pop
000000C8  00410113  addi sp, sp, 4   ; pop
000000CC  026282B3  mul t0, t0, t1
000000D0  FFC10113  addi sp, sp, -4   ; push
000000D4  00512023  sw t0, 0(sp)   ; push
000000D8  FF042283  lw t0, -16(s0)
000000DC  FFC10113  addi sp, sp, -4   ; push
000000E0  00512023  sw t0, 0(sp)   ; push
000000E4  00012303  lw t1, 0(sp)   ; pop
000000E8  00410113  addi sp, sp, 4   ; pop
000000EC  00012283  lw t0, 0(sp)   ; pop
000000F0  00410113  addi sp, sp, 4   ; pop
000000F4  006282B3  add t0, t0, t1
000000F8  FFC10113  addi sp, sp, -4   ; push
000000FC  00512023  sw t0, 0(sp)   ; push
00000100  FF442283  lw t0, -12(s0)
00000104  FFC10113  addi sp, sp, -4   ; push
00000108  00512023  sw t0, 0(sp)   ; push
0000010C  FF042283  lw t0, -16(s0)
00000110  FFC10113  addi sp, sp, -4   ; push
00000114  00512023  sw t0, 0(sp)   ; push
00000118  00012303  lw t1, 0(sp)   ; pop
0000011C  00410113  addi sp, sp, 4   ; pop
00000120  00012283  lw t0, 0(sp)   ; pop
00000124  00410113  addi sp, sp, 4   ; pop
00000128  006282B3  add t0, t0, t1
0000012C  FFC10113  addi sp, sp, -4   ; push
00000130  00512023  sw t0, 0(sp)   ; push
00000134  00400293  addi t0, zero, 4   ; li
00000138  FFC10113  addi sp, sp, -4   ; push
0000013C  00512023  sw t0, 0(sp)   ; push
00000140  00012303  lw t1, 0(sp)   ; pop
00000144  00410113  addi sp, sp, 4   ; pop
00000148  00012283  lw t0, 0(sp)   ; pop
0000014C  00410113  addi sp, sp, 4   ; pop
00000150  026282B3  mul t0, t0, t1
00000154  FFC10113  addi sp, sp, -4   ; push
00000158  00512023  sw t0, 0(sp)   ; push
0000015C  00012303  lw t1, 0(sp)   ; pop
00000160  00410113  addi sp, sp, 4   ; pop
00000164  00012283  lw t0, 0(sp)   ; pop
00000168  00410113  addi sp, sp, 4   ; pop
0000016C  0062900B  setdt t0, t1
00000170  00000293  addi t0, zero, 0   ; li
00000174  FFC10113  addi sp, sp, -4   ; push
00000178  00512023  sw t0, 0(sp)   ; push
0000017C  00012283  lw t0, 0(sp)   ; pop
00000180  00410113  addi sp, sp, 4   ; pop
00000184  FF042283  lw t0, -16(s0)
00000188  FFC10113  addi sp, sp, -4   ; push
0000018C  00512023  sw t0, 0(sp)   ; push
00000190  00100293  addi t0, zero, 1   ; li
00000194  FFC10113  addi sp, sp, -4   ; push
00000198  00512023  sw t0, 0(sp)   ; push
0000019C  00012303  lw t1, 0(sp)   ; pop
000001A0  00410113  addi sp, sp, 4   ; pop
000001A4  00012283  lw t0, 0(sp)   ; pop
000001A8  00410113  addi sp, sp, 4   ; pop
000001AC  006282B3  add t0, t0, t1
000001B0  FFC10113  addi sp, sp, -4   ; push
000001B4  00512023  sw t0, 0(sp)   ; push
000001B8  00012283  lw t0, 0(sp)   ; pop
000001BC  00410113  addi sp, sp, 4   ; pop
000001C0  FE542823  sw t0, -16(s0)
000001C4  FFC10113  addi sp, sp, -4   ; push
000001C8  00512023  sw t0, 0(sp)   ; push
000001CC  00012283  lw t0, 0(sp)   ; pop
000001D0  00410113  addi sp, sp, 4   ; pop
000001D4  E91FF06F  jal zero, __L_for_top_1
000001D8  00000293  addi t0, zero, 0   ; li
000001DC  FFC10113  addi sp, sp, -4   ; push
000001E0  00512023  sw t0, 0(sp)   ; push
000001E4  00012283  lw t0, 0(sp)   ; pop
000001E8  00410113  addi sp, sp, 4   ; pop
000001EC  00028513  addi a0, t0, 0   ; mv
000001F0  FFC42083  lw ra, -4(s0)
000001F4  00040113  addi sp, s0, 0   ; mv
000001F8  FF842403  lw s0, -8(s0)
000001FC  00008067  jalr zero, ra, 0   ; ret
00000200  00000513  addi a0, zero, 0   ; li
00000204  FFC42083  lw ra, -4(s0)
00000208  00040113  addi sp, s0, 0   ; mv
0000020C  FF842403  lw s0, -8(s0)
00000210  00008067  jalr zero, ra, 0   ; ret
