# addr      word      source
00000000  00010137  lui sp, 0x10   ; li
00000004  008000EF  jal ra, fn_main
00000008  00100073  ebreak
0000000C  FF410113  addi sp, sp, -12
00000010  00040293  addi t0, s0, 0   ; mv
00000014  00C10413  addi s0, sp, 12
00000018  FE142E23  sw ra, -4(s0)
0000001C  FE542C23  sw t0, -8(s0)
00000020  0000028B  rdtid t0
00000024  FFC10113  addi sp, sp, -4   ; push
00000028  00512023  sw t0, 0(sp)   ; push
0000002C  00012283  lw t0, 0(sp)   ; pop
00000030  00410113  addi sp, sp, 4   ; pop
00000034  FE542A23  sw t0, -12(s0)
00000038  FF442283  lw t0, -12(s0)
0000003C  FFC10113  addi sp, sp, -4   ; push
00000040  00512023  sw t0, 0(sp)   ; push
00000044  FF442283  lw t0, -12(s0)
00000048  FFC10113  addi sp, sp, -4   ; push
0000004C  00512023  sw t0, 0(sp)   ; push
00000050  00012283  lw t0, 0(sp)   ; pop
00000054  00410113  addi sp, sp, 4   ; pop
00000058  0002A28B  getdt t0, t0
0000005C  FFC10113  addi sp, sp, -4   ; push
00000060  00512023  sw t0, 0(sp)   ; push
00000064  00100293  addi t0, zero, 1   ; li
00000068  FFC10113  addi sp, sp, -4   ; push
0000006C  00512023  sw t0, 0(sp)   ; push
00000070  00012303  lw t1, 0(sp)   ; pop
00000074  00410113  addi sp, sp, 4   ; pop
00000078  00012283  lw t0, 0(sp)   ; pop
0000007C  00410113  addi sp, sp, 4   ; pop
00000080  006282B3  add t0, t0, t1
00000084  FFC10113  addi sp, sp, -4   ; push
00000088  00512023  sw t0, 0(sp)   ; push
0000008C  00012303  lw t1, 0(sp)   ; pop
00000090  00410113  addi sp, sp, 4   ; pop
00000094  00012283  lw t0, 0(sp)   ; pop
00000098  00410113  addi sp, sp, 4   ; pop
0000009C  0062900B  setdt t0, t1
000000A0  00000293  addi t0, zero, 0   ; li
000000A4  FFC10113  addi sp, sp, -4   ; push
000000A8  00512023  sw t0, 0(sp)   ; push
000000AC  00012283  lw t0, 0(sp)   ; pop
000000B0  00410113  addi sp, sp, 4   ; pop
000000B4  00000293  addi t0, zero, 0   ; li
000000B8  FFC10113  addi sp, sp, -4   ; push
000000BC  00512023  sw t0, 0(sp)   ; push
000000C0  00012283  lw t0, 0(sp)   ; pop
000000C4  00410113  addi sp, sp, 4   ; pop
000000C8  00028513  addi a0, t0, 0   ; mv
000000CC  FFC42083  lw ra, -4(s0)
000000D0  00040113  addi sp, s0, 0   ; mv
000000D4  FF842403  lw s0, -8(s0)
000000D8  00008067  jalr zero, ra, 0   ; ret
000000DC  00000513  addi a0, zero, 0   ; li
000000E0  FFC42083  lw ra, -4(s0)
000000E4  00040113  addi sp, s0, 0   ; mv
000000E8  FF842403  lw s0, -8(s0)
000000EC  00008067  jalr zero, ra, 0   ; ret
