# addr      word      source
00000000  00010137  lui sp, 0x10   ; li
00000004  084000EF  jal ra, fn_main
00000008  00100073  ebreak
0000000C  FF410113  addi sp, sp, -12
00000010  00040293  addi t0, s0, 0   ; mv
00000014  00C10413  addi s0, sp, 12
00000018  FE142E23  sw ra, -4(s0)
0000001C  FE542C23  sw t0, -8(s0)
00000020  FEA42A23  sw a0, -12(s0)
00000024  FF442283  lw t0, -12(s0)
00000028  FFC10113  addi sp, sp, -4   ; push
0000002C  00512023  sw t0, 0(sp)   ; push
00000030  FF442283  lw t0, -12(s0)
00000034  FFC10113  addi sp, sp, -4   ; push
00000038  00512023  sw t0, 0(sp)   ; push
0000003C  00012303  lw t1, 0(sp)   ; pop
00000040  00410113  addi sp, sp, 4   ; pop
00000044  00012283  lw t0, 0(sp)   ; pop
00000048  00410113  addi sp, sp, 4   ; pop
0000004C  026282B3  mul t0, t0, t1
00000050  FFC10113  addi sp, sp, -4   ; push
00000054  00512023  sw t0, 0(sp)   ; push
00000058  00012283  lw t0, 0(sp)   ; pop
0000005C  00410113  addi sp, sp, 4   ; pop
00000060  00028513  addi a0, t0, 0   ; mv
00000064  FFC42083  lw ra, -4(s0)
00000068  00040113  addi sp, s0, 0   ; mv
0000006C  FF842403  lw s0, -8(s0)
00000070  00008067  jalr zero, ra, 0   ; ret
00000074  00000513  addi a0, zero, 0   ; li
00000078  FFC42083  lw ra, -4(s0)
0000007C  00040113  addi sp, s0, 0   ; mv
00000080  FF842403  lw s0, -8(s0)
00000084  00008067  jalr zero, ra, 0   ; ret
00000088  FF410113  addi sp, sp, -12
0000008C  00040293  addi t0, s0, 0   ; mv
00000090  00C10413  addi s0, sp, 12
00000094  FE142E23  sw ra, -4(s0)
00000098  FE542C23  sw t0, -8(s0)
0000009C  02A00293  addi t0, zero, 42   ; li
000000A0  FFC10113  addi sp, sp, -4   ; push
000000A4  00512023  sw t0, 0(sp)   ; push
000000A8  00012283  lw t0, 0(sp)   ; pop
000000AC  00410113  addi sp, sp, 4   ; pop
000000B0  00028513  addi a0, t0, 0   ; mv
000000B4  1B4000EF  jal ra, __print_int
000000B8  00000293  addi t0, zero, 0   ; li
000000BC  FFC10113  addi sp, sp, -4   ; push
000000C0  00512023  sw t0, 0(sp)   ; push
000000C4  00012283  lw t0, 0(sp)   ; pop
000000C8  00410113  addi sp, sp, 4   ; pop
000000CC  FF900293  addi t0, zero, -7   ; li
000000D0  FFC10113  addi sp, sp, -4   ; push
000000D4  00512023  sw t0, 0(sp)   ; push
000000D8  00012283  lw t0, 0(sp)   ; pop
000000DC  00410113  addi sp, sp, 4   ; pop
000000E0  00028513  addi a0, t0, 0   ; mv
000000E4  184000EF  jal ra, __print_int
000000E8  00000293  addi t0, zero, 0   ; li
000000EC  FFC10113  addi sp, sp, -4   ; push
000000F0  00512023  sw t0, 0(sp)   ; push
000000F4  00012283  lw t0, 0(sp)   ; pop
000000F8  00410113  addi sp, sp, 4   ; pop
000000FC  00100293  addi t0, zero, 1   ; li
00000100  FFC10113  addi sp, sp, -4   ; push
00000104  00512023  sw t0, 0(sp)   ; push
00000108  00012283  lw t0, 0(sp)   ; pop
0000010C  00410113  addi sp, sp, 4   ; pop
00000110  FE542A23  sw t0, -12(s0)
00000114  FF442283  lw t0, -12(s0)
00000118  FFC10113  addi sp, sp, -4   ; push
0000011C  00512023  sw t0, 0(sp)   ; push
00000120  00500293  addi t0, zero, 5   ; li
00000124  FFC10113  addi sp, sp, -4   ; push
00000128  00512023  sw t0, 0(sp)   ; push
0000012C  00012303  lw t1, 0(sp)   ; pop
00000130  00410113  addi sp, sp, 4   ; pop
00000134  00012283  lw t0, 0(sp)   ; pop
00000138  00410113  addi sp, sp, 4   ; pop
0000013C  005322B3  slt t0, t1, t0
00000140  0012C293  xori t0, t0, 1
00000144  FFC10113  addi sp, sp, -4   ; push
00000148  00512023  sw t0, 0(sp)   ; push
0000014C  00012283  lw t0, 0(sp)   ; pop
00000150  00410113  addi sp, sp, 4   ; pop
00000154  06028E63  beq t0, zero, __L_for_end_3
00000158  FF442283  lw t0, -12(s0)
0000015C  FFC10113  addi sp, sp, -4   ; push
00000160  00512023  sw t0, 0(sp)   ; push
00000164  00012503  lw a0, 0(sp)   ; pop
00000168  00410113  addi sp, sp, 4   ; pop
0000016C  EA1FF0EF  jal ra, fn_square
00000170  FFC10113  addi sp, sp, -4   ; push
00000174  00A12023  sw a0, 0(sp)   ; push
00000178  00012283  lw t0, 0(sp)   ; pop
0000017C  00410113  addi sp, sp, 4   ; pop
00000180  00028513  addi a0, t0, 0   ; mv
00000184  0E4000EF  jal ra, __print_int
00000188  00000293  addi t0, zero, 0   ; li
0000018C  FFC10113  addi sp, sp, -4   ; push
00000190  00512023  sw t0, 0(sp)   ; push
00000194  00012283  lw t0, 0(sp)   ; pop
00000198  00410113  addi sp, sp, 4   ; pop
0000019C  FF440293  addi t0, s0, -12
000001A0  FFC10113  addi sp, sp, -4   ; push
000001A4  00512023  sw t0, 0(sp)   ; push
000001A8  00012303  lw t1, 0(sp)   ; pop
000001AC  00410113  addi sp, sp, 4   ; pop
000001B0  00032283  lw t0, 0(t1)
000001B4  FFC10113  addi sp, sp, -4   ; push
000001B8  00512023  sw t0, 0(sp)   ; push
000001BC  00128293  addi t0, t0, 1
000001C0  00532023  sw t0, 0(t1)
000001C4  00012283  lw t0, 0(sp)   ; pop
000001C8  00410113  addi sp, sp, 4   ; pop
000001CC  F49FF06F  jal zero, __L_for_top_1
000001D0  00000293  addi t0, zero, 0   ; li
000001D4  FFC10113  addi sp, sp, -4   ; push
000001D8  00512023  sw t0, 0(sp)   ; push
000001DC  00012283  lw t0, 0(sp)   ; pop
000001E0  00410113  addi sp, sp, 4   ; pop
000001E4  00028513  addi a0, t0, 0   ; mv
000001E8  FFC42083  lw ra, -4(s0)
000001EC  00040113  addi sp, s0, 0   ; mv
000001F0  FF842403  lw s0, -8(s0)
000001F4  00008067  jalr zero, ra, 0   ; ret
000001F8  00000513  addi a0, zero, 0   ; li
000001FC  FFC42083  lw ra, -4(s0)
00000200  00040113  addi sp, s0, 0   ; mv
00000204  FF842403  lw s0, -8(s0)
00000208  00008067  jalr zero, ra, 0   ; ret
0000020C  00050293  addi t0, a0, 0   ; mv
00000210  00058313  addi t1, a1, 0   ; mv
00000214  00031863  bne t1, zero, __udm_nz
00000218  FFF00513  addi a0, zero, -1   ; li
0000021C  00028593  addi a1, t0, 0   ; mv
00000220  00008067  jalr zero, ra, 0   ; ret
00000224  00000393  addi t2, zero, 0   ; li
00000228  00000E13  addi t3, zero, 0   ; li
0000022C  01F00E93  addi t4, zero, 31   ; li
00000230  001E1E13  slli t3, t3, 1
00000234  01D2DF33  srl t5, t0, t4
00000238  001F7F13  andi t5, t5, 1
0000023C  01EE6E33  or t3, t3, t5
00000240  006E6A63  bltu t3, t1, __udm_skip
00000244  406E0E33  sub t3, t3, t1
00000248  00100F13  addi t5, zero, 1   ; li
0000024C  01DF1F33  sll t5, t5, t4
00000250  01E3E3B3  or t2, t2, t5
00000254  FFFE8E93  addi t4, t4, -1
00000258  FC0EDCE3  bge t4, zero, __udm_loop
0000025C  00038513  addi a0, t2, 0   ; mv
00000260  000E0593  addi a1, t3, 0   ; mv
00000264  00008067  jalr zero, ra, 0   ; ret
00000268  FF410113  addi sp, sp, -12
0000026C  00112423  sw ra, 8(sp)
00000270  00812223  sw s0, 4(sp)
00000274  00912023  sw s1, 0(sp)
00000278  00050413  addi s0, a0, 0   ; mv
0000027C  00045863  bge s0, zero, __pi_pos
00000280  02D00513  addi a0, zero, 45   ; li
00000284  00000073  ecall
00000288  40800433  sub s0, zero, s0
0000028C  00000493  addi s1, zero, 0   ; li
00000290  00040513  addi a0, s0, 0   ; mv
00000294  00A00593  addi a1, zero, 10   ; li
00000298  F75FF0EF  jal ra, __udivmod
0000029C  03058593  addi a1, a1, 48
000002A0  FFC10113  addi sp, sp, -4
000002A4  00B12023  sw a1, 0(sp)
000002A8  00148493  addi s1, s1, 1
000002AC  00050413  addi s0, a0, 0   ; mv
000002B0  FE0410E3  bne s0, zero, __pi_div
000002B4  00048C63  beq s1, zero, __pi_done
000002B8  00012503  lw a0, 0(sp)
000002BC  00410113  addi sp, sp, 4
000002C0  00000073  ecall
000002C4  FFF48493  addi s1, s1, -1
000002C8  FEDFF06F  jal zero, __pi_out
000002CC  00A00513  addi a0, zero, 10   ; li
000002D0  00000073  ecall
000002D4  00012483  lw s1, 0(sp)
000002D8  00412403  lw s0, 4(sp)
000002DC  00812083  lw ra, 8(sp)
000002E0  00C10113  addi sp, sp, 12
000002E4  00008067  jalr zero, ra, 0   ; ret
