# addr      word      source
00000000  00010137  lui sp, 0x10   ; li
00000004  008000EF  jal ra, fn_main
00000008  00100073  ebreak
0000000C  FF010113  addi sp, sp, -16
00000010  00040293  addi t0, s0, 0   ; mv
00000014  01010413  addi s0, sp, 16
00000018  FE142E23  sw ra, -4(s0)
0000001C  FE542C23  sw t0, -8(s0)
00000020  FE042A23  sw zero, -12(s0)
00000024  FE042823  sw zero, -16(s0)
00000028  00000293  addi t0, zero, 0   ; li
0000002C  FFC10113  addi sp, sp, -4   ; push
00000030  00512023  sw t0, 0(sp)   ; push
00000034  00012283  lw t0, 0(sp)   ; pop
00000038  00410113  addi sp, sp, 4   ; pop
0000003C  FE542A23  sw t0, -12(s0)
00000040  FFC10113  addi sp, sp, -4   ; push
00000044  00512023  sw t0, 0(sp)   ; push
00000048  00012283  lw t0, 0(sp)   ; pop
0000004C  00410113  addi sp, sp, 4   ; pop
00000050  FFC10113  addi sp, sp, -4
00000054  00012023  sw zero, 0(sp)
00000058  2A4000EF  jal ra, __read_int
0000005C  04B05063  bge zero, a1, __L_scan_3_fail
00000060  FFC10113  addi sp, sp, -4   ; push
00000064  00A12023  sw a0, 0(sp)   ; push
00000068  FF040293  addi t0, s0, -16
0000006C  FFC10113  addi sp, sp, -4   ; push
00000070  00512023  sw t0, 0(sp)   ; push
00000074  00012303  lw t1, 0(sp)   ; pop
00000078  00410113  addi sp, sp, 4   ; pop
0000007C  00012283  lw t0, 0(sp)   ; pop
00000080  00410113  addi sp, sp, 4   ; pop
00000084  00532023  sw t0, 0(t1)
00000088  00012283  lw t0, 0(sp)
0000008C  00128293  addi t0, t0, 1
00000090  00512023  sw t0, 0(sp)
00000094  00012283  lw t0, 0(sp)
00000098  0100006F  jal zero, __L_scan_3_done
0000009C  00012283  lw t0, 0(sp)
000000A0  00029463  bne t0, zero, __L_scan_3_done
000000A4  00058293  addi t0, a1, 0   ; mv
000000A8  00410113  addi sp, sp, 4
000000AC  FFC10113  addi sp, sp, -4   ; push
000000B0  00512023  sw t0, 0(sp)   ; push
000000B4  00100293  addi t0, zero, 1   ; li
000000B8  FFC10113  addi sp, sp, -4   ; push
000000BC  00512023  sw t0, 0(sp)   ; push
000000C0  00012303  lw t1, 0(sp)   ; pop
000000C4  00410113  addi sp, sp, 4   ; pop
000000C8  00012283  lw t0, 0(sp)   ; pop
000000CC  00410113  addi sp, sp, 4   ; pop
000000D0  406282B3  sub t0, t0, t1
000000D4  0012B293  sltiu t0, t0, 1   ; seqz
000000D8  FFC10113  addi sp, sp, -4   ; push
000000DC  00512023  sw t0, 0(sp)   ; push
000000E0  00012283  lw t0, 0(sp)   ; pop
000000E4  00410113  addi sp, sp, 4   ; pop
000000E8  08028463  beq t0, zero, __L_while_end_2
000000EC  FF442283  lw t0, -12(s0)
000000F0  FFC10113  addi sp, sp, -4   ; push
000000F4  00512023  sw t0, 0(sp)   ; push
000000F8  FF042283  lw t0, -16(s0)
000000FC  FFC10113  addi sp, sp, -4   ; push
00000100  00512023  sw t0, 0(sp)   ; push
00000104  00012303  lw t1, 0(sp)   ; pop
00000108  00410113  addi sp, sp, 4   ; pop
0000010C  00012283  lw t0, 0(sp)   ; pop
00000110  00410113  addi sp, sp, 4   ; pop
00000114  006282B3  add t0, t0, t1
00000118  FFC10113  addi sp, sp, -4   ; push
0000011C  00512023  sw t0, 0(sp)   ; push
00000120  00012283  lw t0, 0(sp)   ; pop
00000124  00410113  addi sp, sp, 4   ; pop
00000128  FE542A23  sw t0, -12(s0)
0000012C  FFC10113  addi sp, sp, -4   ; push
00000130  00512023  sw t0, 0(sp)   ; push
00000134  00012283  lw t0, 0(sp)   ; pop
00000138  00410113  addi sp, sp, 4   ; pop
0000013C  FF442283  lw t0, -12(s0)
00000140  FFC10113  addi sp, sp, -4   ; push
00000144  00512023  sw t0, 0(sp)   ; push
00000148  00012283  lw t0, 0(sp)   ; pop
0000014C  00410113  addi sp, sp, 4   ; pop
00000150  00028513  addi a0, t0, 0   ; mv
00000154  0B4000EF  jal ra, __print_int
00000158  00000293  addi t0, zero, 0   ; li
0000015C  FFC10113  addi sp, sp, -4   ; push
00000160  00512023  sw t0, 0(sp)   ; push
00000164  00012283  lw t0, 0(sp)   ; pop
00000168  00410113  addi sp, sp, 4   ; pop
0000016C  EE5FF06F  jal zero, __L_while_top_1
00000170  FF442283  lw t0, -12(s0)
00000174  FFC10113  addi sp, sp, -4   ; push
00000178  00512023  sw t0, 0(sp)   ; push
0000017C  00012283  lw t0, 0(sp)   ; pop
00000180  00410113  addi sp, sp, 4   ; pop
00000184  00028513  addi a0, t0, 0   ; mv
00000188  FFC42083  lw ra, -4(s0)
0000018C  00040113  addi sp, s0, 0   ; mv
00000190  FF842403  lw s0, -8(s0)
00000194  00008067  jalr zero, ra, 0   ; ret
00000198  00000513  addi a0, zero, 0   ; li
0000019C  FFC42083  lw ra, -4(s0)
000001A0  00040113  addi sp, s0, 0   ; mv
000001A4  FF842403  lw s0, -8(s0)
000001A8  00008067  jalr zero, ra, 0   ; ret
000001AC  00050293  addi t0, a0, 0   ; mv
000001B0  00058313  addi t1, a1, 0   ; mv
000001B4  00031863  bne t1, zero, __udm_nz
000001B8  FFF00513  addi a0, zero, -1   ; li
000001BC  00028593  addi a1, t0, 0   ; mv
000001C0  00008067  jalr zero, ra, 0   ; ret
000001C4  00000393  addi t2, zero, 0   ; li
000001C8  00000E13  addi t3, zero, 0   ; li
000001CC  01F00E93  addi t4, zero, 31   ; li
000001D0  001E1E13  slli t3, t3, 1
000001D4  01D2DF33  srl t5, t0, t4
000001D8  001F7F13  andi t5, t5, 1
000001DC  01EE6E33  or t3, t3, t5
000001E0  006E6A63  bltu t3, t1, __udm_skip
000001E4  406E0E33  sub t3, t3, t1
000001E8  00100F13  addi t5, zero, 1   ; li
000001EC  01DF1F33  sll t5, t5, t4
000001F0  01E3E3B3  or t2, t2, t5
000001F4  FFFE8E93  addi t4, t4, -1
000001F8  FC0EDCE3  bge t4, zero, __udm_loop
000001FC  00038513  addi a0, t2, 0   ; mv
00000200  000E0593  addi a1, t3, 0   ; mv
00000204  00008067  jalr zero, ra, 0   ; ret
00000208  FF410113  addi sp, sp, -12
0000020C  00112423  sw ra, 8(sp)
00000210  00812223  sw s0, 4(sp)
00000214  00912023  sw s1, 0(sp)
00000218  00000893  addi a7, zero, 0   ; li
0000021C  00050413  addi s0, a0, 0   ; mv
00000220  00045863  bge s0, zero, __pi_pos
00000224  02D00513  addi a0, zero, 45   ; li
00000228  00000073  ecall
0000022C  40800433  sub s0, zero, s0
00000230  00000493  addi s1, zero, 0   ; li
00000234  00040513  addi a0, s0, 0   ; mv
00000238  00A00593  addi a1, zero, 10   ; li
0000023C  F71FF0EF  jal ra, __udivmod
00000240  03058593  addi a1, a1, 48
00000244  FFC10113  addi sp, sp, -4
00000248  00B12023  sw a1, 0(sp)
0000024C  00148493  addi s1, s1, 1
00000250  00050413  addi s0, a0, 0   ; mv
00000254  FE0410E3  bne s0, zero, __pi_div
00000258  00048C63  beq s1, zero, __pi_done
0000025C  00012503  lw a0, 0(sp)
00000260  00410113  addi sp, sp, 4
00000264  00000073  ecall
00000268  FFF48493  addi s1, s1, -1
0000026C  FEDFF06F  jal zero, __pi_out
00000270  00A00513  addi a0, zero, 10   ; li
00000274  00000073  ecall
00000278  00012483  lw s1, 0(sp)
0000027C  00412403  lw s0, 4(sp)
00000280  00812083  lw ra, 8(sp)
00000284  00C10113  addi sp, sp, 12
00000288  00008067  jalr zero, ra, 0   ; ret
0000028C  000002B7  lui t0, %hi(__inq)   ; from la
00000290  3D028293  addi t0, t0, %lo(__inq)   ; from la
00000294  0002A503  lw a0, 0(t0)
00000298  FFE00313  addi t1, zero, -2   ; li
0000029C  00650663  beq a0, t1, __getc_fresh
000002A0  0062A023  sw t1, 0(t0)
000002A4  00008067  jalr zero, ra, 0   ; ret
000002A8  00100893  addi a7, zero, 1   ; li
000002AC  00000073  ecall
000002B0  00008067  jalr zero, ra, 0   ; ret
000002B4  000002B7  lui t0, %hi(__inq)   ; from la
000002B8  3D028293  addi t0, t0, %lo(__inq)   ; from la
000002BC  00A2A023  sw a0, 0(t0)
000002C0  00008067  jalr zero, ra, 0   ; ret
000002C4  FFC10113  addi sp, sp, -4
000002C8  00112023  sw ra, 0(sp)
000002CC  FC1FF0EF  jal ra, __getc
000002D0  FFF00293  addi t0, zero, -1   ; li
000002D4  00550C63  beq a0, t0, __sw_done
000002D8  02000293  addi t0, zero, 32   ; li
000002DC  FE5508E3  beq a0, t0, __sw_loop
000002E0  FF750293  addi t0, a0, -9
000002E4  00400313  addi t1, zero, 4   ; li
000002E8  FE5372E3  bgeu t1, t0, __sw_loop
000002EC  FC9FF0EF  jal ra, __ungetc
000002F0  00012083  lw ra, 0(sp)
000002F4  00410113  addi sp, sp, 4
000002F8  00008067  jalr zero, ra, 0   ; ret
000002FC  FF010113  addi sp, sp, -16
00000300  00112623  sw ra, 12(sp)
00000304  00812423  sw s0, 8(sp)
00000308  00912223  sw s1, 4(sp)
0000030C  01212023  sw s2, 0(sp)
00000310  00000413  addi s0, zero, 0   ; li
00000314  00000493  addi s1, zero, 0   ; li
00000318  00000913  addi s2, zero, 0   ; li
0000031C  F71FF0EF  jal ra, __getc
00000320  FFF00293  addi t0, zero, -1   ; li
00000324  08550463  beq a0, t0, __ri_eof
00000328  02000293  addi t0, zero, 32   ; li
0000032C  FE5508E3  beq a0, t0, __ri_ws
00000330  FF750293  addi t0, a0, -9
00000334  00400313  addi t1, zero, 4   ; li
00000338  FE5372E3  bgeu t1, t0, __ri_ws
0000033C  02B00293  addi t0, zero, 43   ; li
00000340  00550863  beq a0, t0, __ri_next
00000344  02D00293  addi t0, zero, 45   ; li
00000348  00551663  bne a0, t0, __ri_loop
0000034C  00100493  addi s1, zero, 1   ; li
00000350  F3DFF0EF  jal ra, __getc
00000354  03000293  addi t0, zero, 48   ; li
00000358  02554663  blt a0, t0, __ri_end
0000035C  03900293  addi t0, zero, 57   ; li
00000360  02A2C263  blt t0, a0, __ri_end
00000364  00341293  slli t0, s0, 3
00000368  00141313  slli t1, s0, 1
0000036C  00628433  add s0, t0, t1
00000370  FD050293  addi t0, a0, -48
00000374  00540433  add s0, s0, t0
00000378  00190913  addi s2, s2, 1
0000037C  F11FF0EF  jal ra, __getc
00000380  FD5FF06F  jal zero, __ri_loop
00000384  F31FF0EF  jal ra, __ungetc
00000388  00090C63  beq s2, zero, __ri_nodig
0000038C  00048463  beq s1, zero, __ri_pos
00000390  40800433  sub s0, zero, s0
00000394  00040513  addi a0, s0, 0   ; mv
00000398  00100593  addi a1, zero, 1   ; li
0000039C  01C0006F  jal zero, __ri_ret
000003A0  00000513  addi a0, zero, 0   ; li
000003A4  00000593  addi a1, zero, 0   ; li
000003A8  0100006F  jal zero, __ri_ret
000003AC  F09FF0EF  jal ra, __ungetc
000003B0  00000513  addi a0, zero, 0   ; li
000003B4  FFF00593  addi a1, zero, -1   ; li
000003B8  00012903  lw s2, 0(sp)
000003BC  00412483  lw s1, 4(sp)
000003C0  00812403  lw s0, 8(sp)
000003C4  00C12083  lw ra, 12(sp)
000003C8  01010113  addi sp, sp, 16
000003CC  00008067  jalr zero, ra, 0   ; ret
000003D0  FFFFFFFE  .word -2
