# addr      word      source
00000000  00010137  lui sp, 0x10   ; li
00000004  420000EF  jal ra, fn_main
00000008  00100073  ebreak
0000000C  FF810113  addi sp, sp, -8
00000010  00040293  addi t0, s0, 0   ; mv
00000014  00810413  addi s0, sp, 8
00000018  FE142E23  sw ra, -4(s0)
0000001C  FE542C23  sw t0, -8(s0)
00000020  00A00293  addi t0, zero, 10   ; li
00000024  FFC10113  addi sp, sp, -4   ; push
00000028  00512023  sw t0, 0(sp)   ; push
0000002C  000002B7  lui t0, %hi(__g_data)   ; from la
00000030  49C28293  addi t0, t0, %lo(__g_data)   ; from la
00000034  FFC10113  addi sp, sp, -4   ; push
00000038  00512023  sw t0, 0(sp)   ; push
0000003C  00000293  addi t0, zero, 0   ; li
00000040  FFC10113  addi sp, sp, -4   ; push
00000044  00512023  sw t0, 0(sp)   ; push
00000048  00012303  lw t1, 0(sp)   ; pop
0000004C  00410113  addi sp, sp, 4   ; pop
00000050  00012283  lw t0, 0(sp)   ; pop
00000054  00410113  addi sp, sp, 4   ; pop
00000058  00231313  slli t1, t1, 2
0000005C  006282B3  add t0, t0, t1
00000060  FFC10113  addi sp, sp, -4   ; push
00000064  00512023  sw t0, 0(sp)   ; push
00000068  00012303  lw t1, 0(sp)   ; pop
0000006C  00410113  addi sp, sp, 4   ; pop
00000070  00012283  lw t0, 0(sp)   ; pop
00000074  00410113  addi sp, sp, 4   ; pop
00000078  00532023  sw t0, 0(t1)
0000007C  FFC10113  addi sp, sp, -4   ; push
00000080  00512023  sw t0, 0(sp)   ; push
00000084  00012283  lw t0, 0(sp)   ; pop
00000088  00410113  addi sp, sp, 4   ; pop
0000008C  01400293  addi t0, zero, 20   ; li
00000090  FFC10113  addi sp, sp, -4   ; push
00000094  00512023  sw t0, 0(sp)   ; push
00000098  000002B7  lui t0, %hi(__g_data)   ; from la
0000009C  49C28293  addi t0, t0, %lo(__g_data)   ; from la
000000A0  FFC10113  addi sp, sp, -4   ; push
000000A4  00512023  sw t0, 0(sp)   ; push
000000A8  00100293  addi t0, zero, 1   ; li
000000AC  FFC10113  addi sp, sp, -4   ; push
000000B0  00512023  sw t0, 0(sp)   ; push
000000B4  00012303  lw t1, 0(sp)   ; pop
000000B8  00410113  addi sp, sp, 4   ; pop
000000BC  00012283  lw t0, 0(sp)   ; pop
000000C0  00410113  addi sp, sp, 4   ; pop
000000C4  00231313  slli t1, t1, 2
000000C8  006282B3  add t0, t0, t1
000000CC  FFC10113  addi sp, sp, -4   ; push
000000D0  00512023  sw t0, 0(sp)   ; push
000000D4  00012303  lw t1, 0(sp)   ; pop
000000D8  00410113  addi sp, sp, 4   ; pop
000000DC  00012283  lw t0, 0(sp)   ; pop
000000E0  00410113  addi sp, sp, 4   ; pop
000000E4  00532023  sw t0, 0(t1)
000000E8  FFC10113  addi sp, sp, -4   ; push
000000EC  00512023  sw t0, 0(sp)   ; push
000000F0  00012283  lw t0, 0(sp)   ; pop
000000F4  00410113  addi sp, sp, 4   ; pop
000000F8  01E00293  addi t0, zero, 30   ; li
000000FC  FFC10113  addi sp, sp, -4   ; push
00000100  00512023  sw t0, 0(sp)   ; push
00000104  000002B7  lui t0, %hi(__g_data)   ; from la
00000108  49C28293  addi t0, t0, %lo(__g_data)   ; from la
0000010C  FFC10113  addi sp, sp, -4   ; push
00000110  00512023  sw t0, 0(sp)   ; push
00000114  00200293  addi t0, zero, 2   ; li
00000118  FFC10113  addi sp, sp, -4   ; push
0000011C  00512023  sw t0, 0(sp)   ; push
00000120  00012303  lw t1, 0(sp)   ; pop
00000124  00410113  addi sp, sp, 4   ; pop
00000128  00012283  lw t0, 0(sp)   ; pop
0000012C  00410113  addi sp, sp, 4   ; pop
00000130  00231313  slli t1, t1, 2
00000134  006282B3  add t0, t0, t1
00000138  FFC10113  addi sp, sp, -4   ; push
0000013C  00512023  sw t0, 0(sp)   ; push
00000140  00012303  lw t1, 0(sp)   ; pop
00000144  00410113  addi sp, sp, 4   ; pop
00000148  00012283  lw t0, 0(sp)   ; pop
0000014C  00410113  addi sp, sp, 4   ; pop
00000150  00532023  sw t0, 0(t1)
00000154  FFC10113  addi sp, sp, -4   ; push
00000158  00512023  sw t0, 0(sp)   ; push
0000015C  00012283  lw t0, 0(sp)   ; pop
00000160  00410113  addi sp, sp, 4   ; pop
00000164  02800293  addi t0, zero, 40   ; li
00000168  FFC10113  addi sp, sp, -4   ; push
0000016C  00512023  sw t0, 0(sp)   ; push
00000170  000002B7  lui t0, %hi(__g_data)   ; from la
00000174  49C28293  addi t0, t0, %lo(__g_data)   ; from la
00000178  FFC10113  addi sp, sp, -4   ; push
0000017C  00512023  sw t0, 0(sp)   ; push
00000180  00300293  addi t0, zero, 3   ; li
00000184  FFC10113  addi sp, sp, -4   ; push
00000188  00512023  sw t0, 0(sp)   ; push
0000018C  00012303  lw t1, 0(sp)   ; pop
00000190  00410113  addi sp, sp, 4   ; pop
00000194  00012283  lw t0, 0(sp)   ; pop
00000198  00410113  addi sp, sp, 4   ; pop
0000019C  00231313  slli t1, t1, 2
000001A0  006282B3  add t0, t0, t1
000001A4  FFC10113  addi sp, sp, -4   ; push
000001A8  00512023  sw t0, 0(sp)   ; push
000001AC  00012303  lw t1, 0(sp)   ; pop
000001B0  00410113  addi sp, sp, 4   ; pop
000001B4  00012283  lw t0, 0(sp)   ; pop
000001B8  00410113  addi sp, sp, 4   ; pop
000001BC  00532023  sw t0, 0(t1)
000001C0  FFC10113  addi sp, sp, -4   ; push
000001C4  00512023  sw t0, 0(sp)   ; push
000001C8  00012283  lw t0, 0(sp)   ; pop
000001CC  00410113  addi sp, sp, 4   ; pop
000001D0  03200293  addi t0, zero, 50   ; li
000001D4  FFC10113  addi sp, sp, -4   ; push
000001D8  00512023  sw t0, 0(sp)   ; push
000001DC  000002B7  lui t0, %hi(__g_data)   ; from la
000001E0  49C28293  addi t0, t0, %lo(__g_data)   ; from la
000001E4  FFC10113  addi sp, sp, -4   ; push
000001E8  00512023  sw t0, 0(sp)   ; push
000001EC  00400293  addi t0, zero, 4   ; li
000001F0  FFC10113  addi sp, sp, -4   ; push
000001F4  00512023  sw t0, 0(sp)   ; push
000001F8  00012303  lw t1, 0(sp)   ; pop
000001FC  00410113  addi sp, sp, 4   ; pop
00000200  00012283  lw t0, 0(sp)   ; pop
00000204  00410113  addi sp, sp, 4   ; pop
00000208  00231313  slli t1, t1, 2
0000020C  006282B3  add t0, t0, t1
00000210  FFC10113  addi sp, sp, -4   ; push
00000214  00512023  sw t0, 0(sp)   ; push
00000218  00012303  lw t1, 0(sp)   ; pop
0000021C  00410113  addi sp, sp, 4   ; pop
00000220  00012283  lw t0, 0(sp)   ; pop
00000224  00410113  addi sp, sp, 4   ; pop
00000228  00532023  sw t0, 0(t1)
0000022C  FFC10113  addi sp, sp, -4   ; push
00000230  00512023  sw t0, 0(sp)   ; push
00000234  00012283  lw t0, 0(sp)   ; pop
00000238  00410113  addi sp, sp, 4   ; pop
0000023C  00000293  addi t0, zero, 0   ; li
00000240  FFC10113  addi sp, sp, -4   ; push
00000244  00512023  sw t0, 0(sp)   ; push
00000248  00012283  lw t0, 0(sp)   ; pop
0000024C  00410113  addi sp, sp, 4   ; pop
00000250  00028513  addi a0, t0, 0   ; mv
00000254  FFC42083  lw ra, -4(s0)
00000258  00040113  addi sp, s0, 0   ; mv
0000025C  FF842403  lw s0, -8(s0)
00000260  00008067  jalr zero, ra, 0   ; ret
00000264  00000513  addi a0, zero, 0   ; li
00000268  FFC42083  lw ra, -4(s0)
0000026C  00040113  addi sp, s0, 0   ; mv
00000270  FF842403  lw s0, -8(s0)
00000274  00008067  jalr zero, ra, 0   ; ret
00000278  FEC10113  addi sp, sp, -20
0000027C  00040293  addi t0, s0, 0   ; mv
00000280  01410413  addi s0, sp, 20
00000284  FE142E23  sw ra, -4(s0)
00000288  FE542C23  sw t0, -8(s0)
0000028C  FEA42A23  sw a0, -12(s0)
00000290  00000293  addi t0, zero, 0   ; li
00000294  FFC10113  addi sp, sp, -4   ; push
00000298  00512023  sw t0, 0(sp)   ; push
0000029C  00012283  lw t0, 0(sp)   ; pop
000002A0  00410113  addi sp, sp, 4   ; pop
000002A4  FE542823  sw t0, -16(s0)
000002A8  00000293  addi t0, zero, 0   ; li
000002AC  FFC10113  addi sp, sp, -4   ; push
000002B0  00512023  sw t0, 0(sp)   ; push
000002B4  00012283  lw t0, 0(sp)   ; pop
000002B8  00410113  addi sp, sp, 4   ; pop
000002BC  FE542623  sw t0, -20(s0)
000002C0  FEC42283  lw t0, -20(s0)
000002C4  FFC10113  addi sp, sp, -4   ; push
000002C8  00512023  sw t0, 0(sp)   ; push
000002CC  FF442283  lw t0, -12(s0)
000002D0  FFC10113  addi sp, sp, -4   ; push
000002D4  00512023  sw t0, 0(sp)   ; push
000002D8  00012303  lw t1, 0(sp)   ; pop
000002DC  00410113  addi sp, sp, 4   ; pop
000002E0  00012283  lw t0, 0(sp)   ; pop
000002E4  00410113  addi sp, sp, 4   ; pop
000002E8  0062A2B3  slt t0, t0, t1
000002EC  FFC10113  addi sp, sp, -4   ; push
000002F0  00512023  sw t0, 0(sp)   ; push
000002F4  00012283  lw t0, 0(sp)   ; pop
000002F8  00410113  addi sp, sp, 4   ; pop
000002FC  0E028663  beq t0, zero, __L_while_end_2
00000300  FF042283  lw t0, -16(s0)
00000304  FFC10113  addi sp, sp, -4   ; push
00000308  00512023  sw t0, 0(sp)   ; push
0000030C  000002B7  lui t0, %hi(__g_data)   ; from la
00000310  49C28293  addi t0, t0, %lo(__g_data)   ; from la
00000314  FFC10113  addi sp, sp, -4   ; push
00000318  00512023  sw t0, 0(sp)   ; push
0000031C  FEC42283  lw t0, -20(s0)
00000320  FFC10113  addi sp, sp, -4   ; push
00000324  00512023  sw t0, 0(sp)   ; push
00000328  00012303  lw t1, 0(sp)   ; pop
0000032C  00410113  addi sp, sp, 4   ; pop
00000330  00012283  lw t0, 0(sp)   ; pop
00000334  00410113  addi sp, sp, 4   ; pop
00000338  00231313  slli t1, t1, 2
0000033C  006282B3  add t0, t0, t1
00000340  FFC10113  addi sp, sp, -4   ; push
00000344  00512023  sw t0, 0(sp)   ; push
00000348  00012303  lw t1, 0(sp)   ; pop
0000034C  00410113  addi sp, sp, 4   ; pop
00000350  00032283  lw t0, 0(t1)
00000354  FFC10113  addi sp, sp, -4   ; push
00000358  00512023  sw t0, 0(sp)   ; push
0000035C  00012303  lw t1, 0(sp)   ; pop
00000360  00410113  addi sp, sp, 4   ; pop
00000364  00012283  lw t0, 0(sp)   ; pop
00000368  00410113  addi sp, sp, 4   ; pop
0000036C  006282B3  add t0, t0, t1
00000370  FFC10113  addi sp, sp, -4   ; push
00000374  00512023  sw t0, 0(sp)   ; push
00000378  00012283  lw t0, 0(sp)   ; pop
0000037C  00410113  addi sp, sp, 4   ; pop
00000380  FE542823  sw t0, -16(s0)
00000384  FFC10113  addi sp, sp, -4   ; push
00000388  00512023  sw t0, 0(sp)   ; push
0000038C  00012283  lw t0, 0(sp)   ; pop
00000390  00410113  addi sp, sp, 4   ; pop
00000394  FEC42283  lw t0, -20(s0)
00000398  FFC10113  addi sp, sp, -4   ; push
0000039C  00512023  sw t0, 0(sp)   ; push
000003A0  00100293  addi t0, zero, 1   ; li
000003A4  FFC10113  addi sp, sp, -4   ; push
000003A8  00512023  sw t0, 0(sp)   ; push
000003AC  00012303  lw t1, 0(sp)   ; pop
000003B0  00410113  addi sp, sp, 4   ; pop
000003B4  00012283  lw t0, 0(sp)   ; pop
000003B8  00410113  addi sp, sp, 4   ; pop
000003BC  006282B3  add t0, t0, t1
000003C0  FFC10113  addi sp, sp, -4   ; push
000003C4  00512023  sw t0, 0(sp)   ; push
000003C8  00012283  lw t0, 0(sp)   ; pop
000003CC  00410113  addi sp, sp, 4   ; pop
000003D0  FE542623  sw t0, -20(s0)
000003D4  FFC10113  addi sp, sp, -4   ; push
000003D8  00512023  sw t0, 0(sp)   ; push
000003DC  00012283  lw t0, 0(sp)   ; pop
000003E0  00410113  addi sp, sp, 4   ; pop
000003E4  EDDFF06F  jal zero, __L_while_top_1
000003E8  FF042283  lw t0, -16(s0)
000003EC  FFC10113  addi sp, sp, -4   ; push
000003F0  00512023  sw t0, 0(sp)   ; push
000003F4  00012283  lw t0, 0(sp)   ; pop
000003F8  00410113  addi sp, sp, 4   ; pop
000003FC  00028513  addi a0, t0, 0   ; mv
00000400  FFC42083  lw ra, -4(s0)
00000404  00040113  addi sp, s0, 0   ; mv
00000408  FF842403  lw s0, -8(s0)
0000040C  00008067  jalr zero, ra, 0   ; ret
00000410  00000513  addi a0, zero, 0   ; li
00000414  FFC42083  lw ra, -4(s0)
00000418  00040113  addi sp, s0, 0   ; mv
0000041C  FF842403  lw s0, -8(s0)
00000420  00008067  jalr zero, ra, 0   ; ret
00000424  FF810113  addi sp, sp, -8
00000428  00040293  addi t0, s0, 0   ; mv
0000042C  00810413  addi s0, sp, 8
00000430  FE142E23  sw ra, -4(s0)
00000434  FE542C23  sw t0, -8(s0)
00000438  BD5FF0EF  jal ra, fn_fill
0000043C  FFC10113  addi sp, sp, -4   ; push
00000440  00A12023  sw a0, 0(sp)   ; push
00000444  00012283  lw t0, 0(sp)   ; pop
00000448  00410113  addi sp, sp, 4   ; pop
0000044C  00500293  addi t0, zero, 5   ; li
00000450  FFC10113  addi sp, sp, -4   ; push
00000454  00512023  sw t0, 0(sp)   ; push
00000458  00012503  lw a0, 0(sp)   ; pop
0000045C  00410113  addi sp, sp, 4   ; pop
00000460  E19FF0EF  jal ra, fn_sum_first
00000464  FFC10113  addi sp, sp, -4   ; push
00000468  00A12023  sw a0, 0(sp)   ; push
0000046C  00012283  lw t0, 0(sp)   ; pop
00000470  00410113  addi sp, sp, 4   ; pop
00000474  00028513  addi a0, t0, 0   ; mv
00000478  FFC42083  lw ra, -4(s0)
0000047C  00040113  addi sp, s0, 0   ; mv
00000480  FF842403  lw s0, -8(s0)
00000484  00008067  jalr zero, ra, 0   ; ret
00000488  00000513  addi a0, zero, 0   ; li
0000048C  FFC42083  lw ra, -4(s0)
00000490  00040113  addi sp, s0, 0   ; mv
00000494  FF842403  lw s0, -8(s0)
00000498  00008067  jalr zero, ra, 0   ; ret
0000049C  00000000  .word 0
000004A0  00000000  .word 0
000004A4  00000000  .word 0
000004A8  00000000  .word 0
000004AC  00000000  .word 0
