Copyright 1986-2022 Xilinx, Inc. All Rights Reserved. Copyright 2022-2025 Advanced Micro Devices, Inc. All Rights Reserved.
---------------------------------------------------------------------------------------------------------------------------------------------
| Tool Version : Vivado v.2025.2 (lin64) Build 6299465 Fri Nov 14 12:34:56 MST 2025
| Date         : Wed Jul 29 00:52:28 2026
| Host         : 0m5awdtvxwbq595qv625cz735n running 64-bit Ubuntu 24.04.4 LTS
| Command      : report_timing_summary -file /home/tiny-gpu-pro-max-main/build/reports/post_synth_timing.rpt
| Design       : top
| Device       : 7s50-csga324
| Speed File   : -1  PRODUCTION 1.23 2018-06-13
| Design State : Synthesized
---------------------------------------------------------------------------------------------------------------------------------------------

Timing Summary Report

------------------------------------------------------------------------------------------------
| Timer Settings
| --------------
------------------------------------------------------------------------------------------------

  Enable Multi Corner Analysis               :  Yes
  Enable Pessimism Removal                   :  Yes
  Pessimism Removal Resolution               :  Nearest Common Node
  Enable Input Delay Default Clock           :  No
  Enable Preset / Clear Arcs                 :  No
  Disable Flight Delays                      :  No
  Ignore I/O Paths                           :  No
  Timing Early Launch at Borrowing Latches   :  No
  Borrow Time for Max Delay Exceptions       :  Yes
  Merge Timing Exceptions                    :  Yes
  Inter-SLR Compensation                     :  Conservative

  Corner  Analyze    Analyze    
  Name    Max Paths  Min Paths  
  ------  ---------  ---------  
  Slow    Yes        Yes        
  Fast    Yes        Yes        


------------------------------------------------------------------------------------------------
| Report Methodology
| ------------------
------------------------------------------------------------------------------------------------

No report available as report_methodology has not been run prior. Run report_methodology on the current design for the summary of methodology violations.



check_timing report

Table of Contents
-----------------
1. checking no_clock (0)
2. checking constant_clock (0)
3. checking pulse_width_clock (0)
4. checking unconstrained_internal_endpoints (0)
5. checking no_input_delay (1)
6. checking no_output_delay (7)
7. checking multiple_clock (0)
8. checking generated_clocks (0)
9. checking loops (0)
10. checking partial_input_delay (0)
11. checking partial_output_delay (0)
12. checking latch_loops (0)

1. checking no_clock (0)
------------------------
 There are 0 register/latch pins with no clock.


2. checking constant_clock (0)
------------------------------
 There are 0 register/latch pins with constant_clock.


3. checking pulse_width_clock (0)
---------------------------------
 There are 0 register/latch pins which need pulse_width check


4. checking unconstrained_internal_endpoints (0)
------------------------------------------------
 There are 0 pins that are not constrained for maximum delay.

 There are 0 pins that are not constrained for maximum delay due to constant clock.


5. checking no_input_delay (1)
------------------------------
 There is 1 input port with no input delay specified. (HIGH)

 There are 0 input ports with no input delay but user has a false path constraint.


6. checking no_output_delay (7)
-------------------------------
 There are 7 ports with no output delay specified. (HIGH)

 There are 0 ports with no output delay but user has a false path constraint

 There are 0 ports with no output delay but with a timing clock defined on it or propagating through it


7. checking multiple_clock (0)
------------------------------
 There are 0 register/latch pins with multiple clocks.


8. checking generated_clocks (0)
--------------------------------
 There are 0 generated clocks that are not connected to a clock source.


9. checking loops (0)
---------------------
 There are 0 combinational loops in the design.


10. checking partial_input_delay (0)
------------------------------------
 There are 0 input ports with partial input delay specified.


11. checking partial_output_delay (0)
-------------------------------------
 There are 0 ports with partial output delay specified.


12. checking latch_loops (0)
----------------------------
 There are 0 combinational latch loops in the design through latch input



------------------------------------------------------------------------------------------------
| Design Timing Summary
| ---------------------
------------------------------------------------------------------------------------------------

    WNS(ns)      TNS(ns)  TNS Failing Endpoints  TNS Total Endpoints      WHS(ns)      THS(ns)  THS Failing Endpoints  THS Total Endpoints     WPWS(ns)     TPWS(ns)  TPWS Failing Endpoints  TPWS Total Endpoints  
    -------      -------  ---------------------  -------------------      -------      -------  ---------------------  -------------------     --------     --------  ----------------------  --------------------  
      9.729        0.000                      0                49047        0.139        0.000                      0                49047        2.845        0.000                       0                 11942  


All user specified timing constraints are met.


------------------------------------------------------------------------------------------------
| Clock Summary
| -------------
------------------------------------------------------------------------------------------------

Clock                 Waveform(ns)         Period(ns)      Frequency(MHz)
-----                 ------------         ----------      --------------
CLOCK_100             {0.000 5.000}        10.000          100.000         
  clk_out1_clk_wiz_0  {0.000 12.500}       25.000          40.000          
  clk_out2_clk_wiz_0  {0.000 2.500}        5.000           200.000         
  clkfbout_clk_wiz_0  {0.000 5.000}        10.000          100.000         


------------------------------------------------------------------------------------------------
| Intra Clock Table
| -----------------
------------------------------------------------------------------------------------------------

Clock                     WNS(ns)      TNS(ns)  TNS Failing Endpoints  TNS Total Endpoints      WHS(ns)      THS(ns)  THS Failing Endpoints  THS Total Endpoints     WPWS(ns)     TPWS(ns)  TPWS Failing Endpoints  TPWS Total Endpoints  
-----                     -------      -------  ---------------------  -------------------      -------      -------  ---------------------  -------------------     --------     --------  ----------------------  --------------------  
CLOCK_100                                                                                                                                                               3.000        0.000                       0                     1  
  clk_out1_clk_wiz_0        9.729        0.000                      0                49047        0.139        0.000                      0                49047       11.250        0.000                       0                 11928  
  clk_out2_clk_wiz_0                                                                                                                                                    2.845        0.000                       0                    10  
  clkfbout_clk_wiz_0                                                                                                                                                    7.845        0.000                       0                     3  


------------------------------------------------------------------------------------------------
| Inter Clock Table
| -----------------
------------------------------------------------------------------------------------------------

From Clock    To Clock          WNS(ns)      TNS(ns)  TNS Failing Endpoints  TNS Total Endpoints      WHS(ns)      THS(ns)  THS Failing Endpoints  THS Total Endpoints  
----------    --------          -------      -------  ---------------------  -------------------      -------      -------  ---------------------  -------------------  


------------------------------------------------------------------------------------------------
| Other Path Groups Table
| -----------------------
------------------------------------------------------------------------------------------------

Path Group    From Clock    To Clock          WNS(ns)      TNS(ns)  TNS Failing Endpoints  TNS Total Endpoints      WHS(ns)      THS(ns)  THS Failing Endpoints  THS Total Endpoints  
----------    ----------    --------          -------      -------  ---------------------  -------------------      -------      -------  ---------------------  -------------------  


------------------------------------------------------------------------------------------------
| Timing Details
| --------------
------------------------------------------------------------------------------------------------


---------------------------------------------------------------------------------------------------
From Clock:  CLOCK_100
  To Clock:  CLOCK_100

Setup :           NA  Failing Endpoints,  Worst Slack           NA  ,  Total Violation           NA
Hold  :           NA  Failing Endpoints,  Worst Slack           NA  ,  Total Violation           NA
PW    :            0  Failing Endpoints,  Worst Slack        3.000ns,  Total Violation        0.000ns
---------------------------------------------------------------------------------------------------


Pulse Width Checks
--------------------------------------------------------------------------------------
Clock Name:         CLOCK_100
Waveform(ns):       { 0.000 5.000 }
Period(ns):         10.000
Sources:            { CLOCK_100 }

Check Type        Corner  Lib Pin            Reference Pin  Required(ns)  Actual(ns)  Slack(ns)  Location  Pin
Min Period        n/a     MMCME2_ADV/CLKIN1  n/a            1.249         10.000      8.751                clk_wiz/inst/mmcm_adv_inst/CLKIN1
Max Period        n/a     MMCME2_ADV/CLKIN1  n/a            100.000       10.000      90.000               clk_wiz/inst/mmcm_adv_inst/CLKIN1
Low Pulse Width   Slow    MMCME2_ADV/CLKIN1  n/a            2.000         5.000       3.000                clk_wiz/inst/mmcm_adv_inst/CLKIN1
High Pulse Width  Slow    MMCME2_ADV/CLKIN1  n/a            2.000         5.000       3.000                clk_wiz/inst/mmcm_adv_inst/CLKIN1



---------------------------------------------------------------------------------------------------
From Clock:  clk_out1_clk_wiz_0
  To Clock:  clk_out1_clk_wiz_0

Setup :            0  Failing Endpoints,  Worst Slack        9.729ns,  Total Violation        0.000ns
Hold  :            0  Failing Endpoints,  Worst Slack        0.139ns,  Total Violation        0.000ns
PW    :            0  Failing Endpoints,  Worst Slack       11.250ns,  Total Violation        0.000ns
---------------------------------------------------------------------------------------------------


Max Delay Paths
--------------------------------------------------------------------------------------
Slack (MET) :             9.729ns  (required time - arrival time)
  Source:                 u_gpu/u_core/lane[2].u_cpu/regs_reg[30][2]/C
                            (rising edge-triggered cell FDRE clocked by clk_out1_clk_wiz_0  {rise@0.000ns fall@12.500ns period=25.000ns})
  Destination:            u_gpu/u_core/lane[2].u_cpu/alu_result_reg[29]/D
                            (rising edge-triggered cell FDRE clocked by clk_out1_clk_wiz_0  {rise@0.000ns fall@12.500ns period=25.000ns})
  Path Group:             clk_out1_clk_wiz_0
  Path Type:              Setup (Max at Slow Process Corner)
  Requirement:            25.000ns  (clk_out1_clk_wiz_0 rise@25.000ns - clk_out1_clk_wiz_0 rise@0.000ns)
  Data Path Delay:        15.067ns  (logic 8.583ns (56.964%)  route 6.484ns (43.036%))
  Logic Levels:           15  (CARRY4=4 DSP48E1=2 LUT1=1 LUT2=1 LUT3=1 LUT4=1 LUT5=1 LUT6=4)
  Clock Path Skew:        -0.145ns (DCD - SCD + CPR)
    Destination Clock Delay (DCD):    -2.045ns = ( 22.955 - 25.000 ) 
    Source Clock Delay      (SCD):    -1.370ns
    Clock Pessimism Removal (CPR):    0.530ns
  Clock Uncertainty:      0.087ns  ((TSJ^2 + DJ^2)^1/2) / 2 + PE
    Total System Jitter     (TSJ):    0.071ns
    Discrete Jitter          (DJ):    0.159ns
    Phase Error              (PE):    0.000ns

    Location             Delay type                Incr(ns)  Path(ns)    Netlist Resource(s)
  -------------------------------------------------------------------    -------------------
                         (clock clk_out1_clk_wiz_0 rise edge)
                                                      0.000     0.000 r  
    F14                                               0.000     0.000 r  CLOCK_100 (IN)
                         net (fo=0)                   0.000     0.000    clk_wiz/inst/clk_in1
    F14                  IBUF (Prop_ibuf_I_O)         1.458     1.458 r  clk_wiz/inst/clkin1_ibufg/O
                         net (fo=1, unplaced)         0.584     2.042    clk_wiz/inst/clk_in1_clk_wiz_0
                         MMCME2_ADV (Prop_mmcme2_adv_CLKIN1_CLKOUT0)
                                                     -5.108    -3.065 r  clk_wiz/inst/mmcm_adv_inst/CLKOUT0
                         net (fo=1, unplaced)         0.800    -2.266    clk_wiz/inst/clk_out1_clk_wiz_0
                         BUFG (Prop_bufg_I_O)         0.096    -2.170 r  clk_wiz/inst/clkout1_buf/O
                         net (fo=11926, unplaced)     0.800    -1.370    u_gpu/u_core/lane[2].u_cpu/clk_out1
                         FDRE                                         r  u_gpu/u_core/lane[2].u_cpu/regs_reg[30][2]/C
  -------------------------------------------------------------------    -------------------
                         FDRE (Prop_fdre_C_Q)         0.456    -0.914 r  u_gpu/u_core/lane[2].u_cpu/regs_reg[30][2]/Q
                         net (fo=2, unplaced)         0.976     0.062    u_gpu/u_core/lane[2].u_cpu/regs_reg[30]_107[2]
                         LUT6 (Prop_lut6_I0_O)        0.295     0.357 r  u_gpu/u_core/lane[2].u_cpu/i___112_i_12/O
                         net (fo=1, unplaced)         0.902     1.259    u_gpu/u_core/lane[2].u_cpu/i___112_i_12_n_0
                         LUT6 (Prop_lut6_I1_O)        0.124     1.383 f  u_gpu/u_core/lane[2].u_cpu/i___112_i_4/O
                         net (fo=1, unplaced)         0.449     1.832    u_gpu/u_core/lane[2].u_cpu/i___112_i_4_n_0
                         LUT3 (Prop_lut3_I1_O)        0.124     1.956 f  u_gpu/u_core/lane[2].u_cpu/i___112_i_1/O
                         net (fo=61, unplaced)        0.536     2.492    u_gpu/u_core/lane[2].u_cpu/instr_reg[15]_rep__0_27
                         LUT1 (Prop_lut1_I0_O)        0.124     2.616 r  u_gpu/u_core/lane[2].u_cpu/alu_result_comb0__0_i_15__1/O
                         net (fo=1, unplaced)         0.800     3.416    u_gpu/u_core/lane[2].u_cpu/alu_result_comb0__0_i_15__1_n_0
                         DSP48E1 (Prop_dsp48e1_A[2]_PCOUT[47])
                                                      4.036     7.452 r  u_gpu/u_core/lane[2].u_cpu/alu_result_comb0__0/PCOUT[47]
                         net (fo=1, unplaced)         0.055     7.507    u_gpu/u_core/lane[2].u_cpu/alu_result_comb0__0_n_106
                         DSP48E1 (Prop_dsp48e1_PCIN[47]_P[0])
                                                      1.518     9.025 r  u_gpu/u_core/lane[2].u_cpu/alu_result_comb0__1/P[0]
                         net (fo=2, unplaced)         0.800     9.825    u_gpu/u_core/lane[2].u_cpu/alu_result_comb0__1_n_105
                         LUT2 (Prop_lut2_I0_O)        0.124     9.949 r  u_gpu/u_core/lane[2].u_cpu/i___23_i_21/O
                         net (fo=1, unplaced)         0.000     9.949    u_gpu/u_core/lane[2].u_cpu/i___23_i_21_n_0
                         CARRY4 (Prop_carry4_S[1]_CO[3])
                                                      0.533    10.482 r  u_gpu/u_core/lane[2].u_cpu/i___23_i_14/CO[3]
                         net (fo=1, unplaced)         0.009    10.491    u_gpu/u_core/lane[2].u_cpu/i___23_i_14_n_0
                         CARRY4 (Prop_carry4_CI_CO[3])
                                                      0.117    10.608 r  u_gpu/u_core/lane[2].u_cpu/i___26_i_8/CO[3]
                         net (fo=1, unplaced)         0.000    10.608    u_gpu/u_core/lane[2].u_cpu/i___26_i_8_n_0
                         CARRY4 (Prop_carry4_CI_CO[3])
                                                      0.117    10.725 r  u_gpu/u_core/lane[2].u_cpu/i___30_i_6/CO[3]
                         net (fo=1, unplaced)         0.000    10.725    u_gpu/u_core/lane[2].u_cpu/i___30_i_6_n_0
                         CARRY4 (Prop_carry4_CI_O[1])
                                                      0.337    11.062 r  u_gpu/u_core/lane[2].u_cpu/i___34_i_6/O[1]
                         net (fo=1, unplaced)         0.611    11.673    u_gpu/u_core/u_fetcher/alu_result[31]_i_6__0_0[1]
                         LUT5 (Prop_lut5_I1_O)        0.306    11.979 r  u_gpu/u_core/u_fetcher/i___36_i_2__0/O
                         net (fo=1, unplaced)         0.449    12.428    u_gpu/u_core/u_fetcher/i___36_i_2__0_n_0
                         LUT4 (Prop_lut4_I0_O)        0.124    12.552 r  u_gpu/u_core/u_fetcher/i___36_i_1__0/O
                         net (fo=1, unplaced)         0.449    13.001    u_gpu/u_core/lane[2].u_cpu/alu_result_reg[29]_1
                         LUT6 (Prop_lut6_I0_O)        0.124    13.125 f  u_gpu/u_core/lane[2].u_cpu/i___36/O
                         net (fo=1, unplaced)         0.449    13.574    u_gpu/u_core/u_fetcher/alu_result_reg[29]_4
                         LUT6 (Prop_lut6_I2_O)        0.124    13.698 r  u_gpu/u_core/u_fetcher/alu_result[29]_i_1__1/O
                         net (fo=1, unplaced)         0.000    13.698    u_gpu/u_core/lane[2].u_cpu/alu_result_reg[31]_4[29]
                         FDRE                                         r  u_gpu/u_core/lane[2].u_cpu/alu_result_reg[29]/D
  -------------------------------------------------------------------    -------------------

                         (clock clk_out1_clk_wiz_0 rise edge)
                                                     25.000    25.000 r  
    F14                                               0.000    25.000 r  CLOCK_100 (IN)
                         net (fo=0)                   0.000    25.000    clk_wiz/inst/clk_in1
    F14                  IBUF (Prop_ibuf_I_O)         1.388    26.388 r  clk_wiz/inst/clkin1_ibufg/O
                         net (fo=1, unplaced)         0.439    26.827    clk_wiz/inst/clk_in1_clk_wiz_0
                         MMCME2_ADV (Prop_mmcme2_adv_CLKIN1_CLKOUT0)
                                                     -5.378    21.449 r  clk_wiz/inst/mmcm_adv_inst/CLKOUT0
                         net (fo=1, unplaced)         0.760    22.209    clk_wiz/inst/clk_out1_clk_wiz_0
                         BUFG (Prop_bufg_I_O)         0.091    22.300 r  clk_wiz/inst/clkout1_buf/O
                         net (fo=11926, unplaced)     0.655    22.955    u_gpu/u_core/lane[2].u_cpu/clk_out1
                         FDRE                                         r  u_gpu/u_core/lane[2].u_cpu/alu_result_reg[29]/C
                         clock pessimism              0.530    23.485    
                         clock uncertainty           -0.087    23.398    
                         FDRE (Setup_fdre_C_D)        0.029    23.427    u_gpu/u_core/lane[2].u_cpu/alu_result_reg[29]
  -------------------------------------------------------------------
                         required time                         23.427    
                         arrival time                         -13.698    
  -------------------------------------------------------------------
                         slack                                  9.729    





Min Delay Paths
--------------------------------------------------------------------------------------
Slack (MET) :             0.139ns  (arrival time - required time)
  Source:                 u_gpu/u_core/u_scheduler/serviced_reg[1]/C
                            (rising edge-triggered cell FDRE clocked by clk_out1_clk_wiz_0  {rise@0.000ns fall@12.500ns period=25.000ns})
  Destination:            u_gpu/u_core/u_scheduler/serviced_reg[1]/D
                            (rising edge-triggered cell FDRE clocked by clk_out1_clk_wiz_0  {rise@0.000ns fall@12.500ns period=25.000ns})
  Path Group:             clk_out1_clk_wiz_0
  Path Type:              Hold (Min at Fast Process Corner)
  Requirement:            0.000ns  (clk_out1_clk_wiz_0 rise@0.000ns - clk_out1_clk_wiz_0 rise@0.000ns)
  Data Path Delay:        0.375ns  (logic 0.239ns (63.779%)  route 0.136ns (36.221%))
  Logic Levels:           1  (LUT3=1)
  Clock Path Skew:        0.145ns (DCD - SCD - CPR)
    Destination Clock Delay (DCD):    -0.998ns
    Source Clock Delay      (SCD):    -0.863ns
    Clock Pessimism Removal (CPR):    -0.280ns

    Location             Delay type                Incr(ns)  Path(ns)    Netlist Resource(s)
  -------------------------------------------------------------------    -------------------
                         (clock clk_out1_clk_wiz_0 rise edge)
                                                      0.000     0.000 r  
    F14                                               0.000     0.000 r  CLOCK_100 (IN)
                         net (fo=0)                   0.000     0.000    clk_wiz/inst/clk_in1
    F14                  IBUF (Prop_ibuf_I_O)         0.226     0.226 r  clk_wiz/inst/clkin1_ibufg/O
                         net (fo=1, unplaced)         0.114     0.340    clk_wiz/inst/clk_in1_clk_wiz_0
                         MMCME2_ADV (Prop_mmcme2_adv_CLKIN1_CLKOUT0)
                                                     -1.776    -1.436 r  clk_wiz/inst/mmcm_adv_inst/CLKOUT0
                         net (fo=1, unplaced)         0.337    -1.099    clk_wiz/inst/clk_out1_clk_wiz_0
                         BUFG (Prop_bufg_I_O)         0.026    -1.073 r  clk_wiz/inst/clkout1_buf/O
                         net (fo=11926, unplaced)     0.210    -0.863    u_gpu/u_core/u_scheduler/clk_out1
                         FDRE                                         r  u_gpu/u_core/u_scheduler/serviced_reg[1]/C
  -------------------------------------------------------------------    -------------------
                         FDRE (Prop_fdre_C_Q)         0.141    -0.722 r  u_gpu/u_core/u_scheduler/serviced_reg[1]/Q
                         net (fo=2, unplaced)         0.136    -0.586    u_gpu/u_data_buffer/serviced_reg[1]_0
                         LUT3 (Prop_lut3_I2_O)        0.098    -0.488 r  u_gpu/u_data_buffer/serviced[1]_i_2/O
                         net (fo=1, unplaced)         0.000    -0.488    u_gpu/u_core/u_scheduler/serviced_reg[1]_1
                         FDRE                                         r  u_gpu/u_core/u_scheduler/serviced_reg[1]/D
  -------------------------------------------------------------------    -------------------

                         (clock clk_out1_clk_wiz_0 rise edge)
                                                      0.000     0.000 r  
    F14                                               0.000     0.000 r  CLOCK_100 (IN)
                         net (fo=0)                   0.000     0.000    clk_wiz/inst/clk_in1
    F14                  IBUF (Prop_ibuf_I_O)         0.414     0.414 r  clk_wiz/inst/clkin1_ibufg/O
                         net (fo=1, unplaced)         0.259     0.673    clk_wiz/inst/clk_in1_clk_wiz_0
                         MMCME2_ADV (Prop_mmcme2_adv_CLKIN1_CLKOUT0)
                                                     -2.410    -1.737 r  clk_wiz/inst/mmcm_adv_inst/CLKOUT0
                         net (fo=1, unplaced)         0.355    -1.382    clk_wiz/inst/clk_out1_clk_wiz_0
                         BUFG (Prop_bufg_I_O)         0.029    -1.353 r  clk_wiz/inst/clkout1_buf/O
                         net (fo=11926, unplaced)     0.355    -0.998    u_gpu/u_core/u_scheduler/clk_out1
                         FDRE                                         r  u_gpu/u_core/u_scheduler/serviced_reg[1]/C
                         clock pessimism              0.280    -0.718    
                         FDRE (Hold_fdre_C_D)         0.091    -0.627    u_gpu/u_core/u_scheduler/serviced_reg[1]
  -------------------------------------------------------------------
                         required time                          0.627    
                         arrival time                          -0.488    
  -------------------------------------------------------------------
                         slack                                  0.139    





Pulse Width Checks
--------------------------------------------------------------------------------------
Clock Name:         clk_out1_clk_wiz_0
Waveform(ns):       { 0.000 12.500 }
Period(ns):         25.000
Sources:            { clk_wiz/inst/mmcm_adv_inst/CLKOUT0 }

Check Type        Corner  Lib Pin             Reference Pin  Required(ns)  Actual(ns)  Slack(ns)  Location  Pin
Min Period        n/a     RAMB36E1/CLKARDCLK  n/a            2.944         25.000      22.056               u_gpu/u_data_buffer/bank[0].mem_reg/CLKARDCLK
Max Period        n/a     MMCME2_ADV/CLKOUT0  n/a            213.360       25.000      188.360              clk_wiz/inst/mmcm_adv_inst/CLKOUT0
Low Pulse Width   Slow    RAMS64E/CLK         n/a            1.250         12.500      11.250               u_gpu/u_shared_mem/mem_reg_0_255_0_0/RAMS64E_A/CLK
High Pulse Width  Slow    RAMS64E/CLK         n/a            1.250         12.500      11.250               u_gpu/u_shared_mem/mem_reg_0_255_0_0/RAMS64E_A/CLK



---------------------------------------------------------------------------------------------------
From Clock:  clk_out2_clk_wiz_0
  To Clock:  clk_out2_clk_wiz_0

Setup :           NA  Failing Endpoints,  Worst Slack           NA  ,  Total Violation           NA
Hold  :           NA  Failing Endpoints,  Worst Slack           NA  ,  Total Violation           NA
PW    :            0  Failing Endpoints,  Worst Slack        2.845ns,  Total Violation        0.000ns
---------------------------------------------------------------------------------------------------


Pulse Width Checks
--------------------------------------------------------------------------------------
Clock Name:         clk_out2_clk_wiz_0
Waveform(ns):       { 0.000 2.500 }
Period(ns):         5.000
Sources:            { clk_wiz/inst/mmcm_adv_inst/CLKOUT1 }

Check Type  Corner  Lib Pin             Reference Pin  Required(ns)  Actual(ns)  Slack(ns)  Location  Pin
Min Period  n/a     BUFG/I              n/a            2.155         5.000       2.845                clk_wiz/inst/clkout2_buf/I
Max Period  n/a     MMCME2_ADV/CLKOUT1  n/a            213.360       5.000       208.360              clk_wiz/inst/mmcm_adv_inst/CLKOUT1



---------------------------------------------------------------------------------------------------
From Clock:  clkfbout_clk_wiz_0
  To Clock:  clkfbout_clk_wiz_0

Setup :           NA  Failing Endpoints,  Worst Slack           NA  ,  Total Violation           NA
Hold  :           NA  Failing Endpoints,  Worst Slack           NA  ,  Total Violation           NA
PW    :            0  Failing Endpoints,  Worst Slack        7.845ns,  Total Violation        0.000ns
---------------------------------------------------------------------------------------------------


Pulse Width Checks
--------------------------------------------------------------------------------------
Clock Name:         clkfbout_clk_wiz_0
Waveform(ns):       { 0.000 5.000 }
Period(ns):         10.000
Sources:            { clk_wiz/inst/mmcm_adv_inst/CLKFBOUT }

Check Type  Corner  Lib Pin             Reference Pin  Required(ns)  Actual(ns)  Slack(ns)  Location  Pin
Min Period  n/a     BUFG/I              n/a            2.155         10.000      7.845                clk_wiz/inst/clkf_buf/I
Max Period  n/a     MMCME2_ADV/CLKFBIN  n/a            100.000       10.000      90.000               clk_wiz/inst/mmcm_adv_inst/CLKFBIN



