Copyright 1986-2022 Xilinx, Inc. All Rights Reserved. Copyright 2022-2025 Advanced Micro Devices, Inc. All Rights Reserved.
---------------------------------------------------------------------------------------------------------------------------------------------
| Tool Version : Vivado v.2025.2 (lin64) Build 6299465 Fri Nov 14 12:34:56 MST 2025
| Date         : Wed Jul 29 00:54:15 2026
| Host         : 0m5awdtvxwbq595qv625cz735n running 64-bit Ubuntu 24.04.4 LTS
| Command      : report_timing_summary -file /home/tiny-gpu-pro-max-main/build/reports/post_impl_timing.rpt
| Design       : top
| Device       : 7s50-csga324
| Speed File   : -1  PRODUCTION 1.23 2018-06-13
| Design State : Routed
---------------------------------------------------------------------------------------------------------------------------------------------

Timing Summary Report

------------------------------------------------------------------------------------------------
| Timer Settings
| --------------
------------------------------------------------------------------------------------------------

  Enable Multi Corner Analysis               :  Yes
  Enable Pessimism Removal                   :  Yes
  Pessimism Removal Resolution               :  Nearest Common Node
  Enable Input Delay Default Clock           :  No
  Enable Preset / Clear Arcs                 :  No
  Disable Flight Delays                      :  No
  Ignore I/O Paths                           :  No
  Timing Early Launch at Borrowing Latches   :  No
  Borrow Time for Max Delay Exceptions       :  Yes
  Merge Timing Exceptions                    :  Yes
  Inter-SLR Compensation                     :  Conservative

  Corner  Analyze    Analyze    
  Name    Max Paths  Min Paths  
  ------  ---------  ---------  
  Slow    Yes        Yes        
  Fast    Yes        Yes        


------------------------------------------------------------------------------------------------
| Report Methodology
| ------------------
------------------------------------------------------------------------------------------------

Rule      Severity  Description                                                Violations  
--------  --------  ---------------------------------------------------------  ----------  
SYNTH-5   Warning   Mapped onto distributed RAM because of timing constraints  512         
SYNTH-6   Warning   Timing of a RAM block might be sub-optimal                 8           
SYNTH-10  Warning   Wide multiplier                                            24          

Note: This report is based on the most recent report_methodology run and may not be up-to-date. Run report_methodology on the current design for the latest report.



check_timing report

Table of Contents
-----------------
1. checking no_clock (0)
2. checking constant_clock (0)
3. checking pulse_width_clock (0)
4. checking unconstrained_internal_endpoints (0)
5. checking no_input_delay (1)
6. checking no_output_delay (7)
7. checking multiple_clock (0)
8. checking generated_clocks (0)
9. checking loops (0)
10. checking partial_input_delay (0)
11. checking partial_output_delay (0)
12. checking latch_loops (0)

1. checking no_clock (0)
------------------------
 There are 0 register/latch pins with no clock.


2. checking constant_clock (0)
------------------------------
 There are 0 register/latch pins with constant_clock.


3. checking pulse_width_clock (0)
---------------------------------
 There are 0 register/latch pins which need pulse_width check


4. checking unconstrained_internal_endpoints (0)
------------------------------------------------
 There are 0 pins that are not constrained for maximum delay.

 There are 0 pins that are not constrained for maximum delay due to constant clock.


5. checking no_input_delay (1)
------------------------------
 There is 1 input port with no input delay specified. (HIGH)

 There are 0 input ports with no input delay but user has a false path constraint.


6. checking no_output_delay (7)
-------------------------------
 There are 7 ports with no output delay specified. (HIGH)

 There are 0 ports with no output delay but user has a false path constraint

 There are 0 ports with no output delay but with a timing clock defined on it or propagating through it


7. checking multiple_clock (0)
------------------------------
 There are 0 register/latch pins with multiple clocks.


8. checking generated_clocks (0)
--------------------------------
 There are 0 generated clocks that are not connected to a clock source.


9. checking loops (0)
---------------------
 There are 0 combinational loops in the design.


10. checking partial_input_delay (0)
------------------------------------
 There are 0 input ports with partial input delay specified.


11. checking partial_output_delay (0)
-------------------------------------
 There are 0 ports with partial output delay specified.


12. checking latch_loops (0)
----------------------------
 There are 0 combinational latch loops in the design through latch input



------------------------------------------------------------------------------------------------
| Design Timing Summary
| ---------------------
------------------------------------------------------------------------------------------------

    WNS(ns)      TNS(ns)  TNS Failing Endpoints  TNS Total Endpoints      WHS(ns)      THS(ns)  THS Failing Endpoints  THS Total Endpoints     WPWS(ns)     TPWS(ns)  TPWS Failing Endpoints  TPWS Total Endpoints  
    -------      -------  ---------------------  -------------------      -------      -------  ---------------------  -------------------     --------     --------  ----------------------  --------------------  
      3.523        0.000                      0                49047        0.023        0.000                      0                49047        2.845        0.000                       0                 11942  


All user specified timing constraints are met.


------------------------------------------------------------------------------------------------
| Clock Summary
| -------------
------------------------------------------------------------------------------------------------

Clock                 Waveform(ns)         Period(ns)      Frequency(MHz)
-----                 ------------         ----------      --------------
CLOCK_100             {0.000 5.000}        10.000          100.000         
  clk_out1_clk_wiz_0  {0.000 12.500}       25.000          40.000          
  clk_out2_clk_wiz_0  {0.000 2.500}        5.000           200.000         
  clkfbout_clk_wiz_0  {0.000 5.000}        10.000          100.000         


------------------------------------------------------------------------------------------------
| Intra Clock Table
| -----------------
------------------------------------------------------------------------------------------------

Clock                     WNS(ns)      TNS(ns)  TNS Failing Endpoints  TNS Total Endpoints      WHS(ns)      THS(ns)  THS Failing Endpoints  THS Total Endpoints     WPWS(ns)     TPWS(ns)  TPWS Failing Endpoints  TPWS Total Endpoints  
-----                     -------      -------  ---------------------  -------------------      -------      -------  ---------------------  -------------------     --------     --------  ----------------------  --------------------  
CLOCK_100                                                                                                                                                               3.000        0.000                       0                     1  
  clk_out1_clk_wiz_0        3.523        0.000                      0                49047        0.023        0.000                      0                49047       11.250        0.000                       0                 11928  
  clk_out2_clk_wiz_0                                                                                                                                                    2.845        0.000                       0                    10  
  clkfbout_clk_wiz_0                                                                                                                                                    7.845        0.000                       0                     3  


------------------------------------------------------------------------------------------------
| Inter Clock Table
| -----------------
------------------------------------------------------------------------------------------------

From Clock    To Clock          WNS(ns)      TNS(ns)  TNS Failing Endpoints  TNS Total Endpoints      WHS(ns)      THS(ns)  THS Failing Endpoints  THS Total Endpoints  
----------    --------          -------      -------  ---------------------  -------------------      -------      -------  ---------------------  -------------------  


------------------------------------------------------------------------------------------------
| Other Path Groups Table
| -----------------------
------------------------------------------------------------------------------------------------

Path Group    From Clock    To Clock          WNS(ns)      TNS(ns)  TNS Failing Endpoints  TNS Total Endpoints      WHS(ns)      THS(ns)  THS Failing Endpoints  THS Total Endpoints  
----------    ----------    --------          -------      -------  ---------------------  -------------------      -------      -------  ---------------------  -------------------  


------------------------------------------------------------------------------------------------
| Timing Details
| --------------
------------------------------------------------------------------------------------------------


---------------------------------------------------------------------------------------------------
From Clock:  CLOCK_100
  To Clock:  CLOCK_100

Setup :           NA  Failing Endpoints,  Worst Slack           NA  ,  Total Violation           NA
Hold  :           NA  Failing Endpoints,  Worst Slack           NA  ,  Total Violation           NA
PW    :            0  Failing Endpoints,  Worst Slack        3.000ns,  Total Violation        0.000ns
---------------------------------------------------------------------------------------------------


Pulse Width Checks
--------------------------------------------------------------------------------------
Clock Name:         CLOCK_100
Waveform(ns):       { 0.000 5.000 }
Period(ns):         10.000
Sources:            { CLOCK_100 }

Check Type        Corner  Lib Pin            Reference Pin  Required(ns)  Actual(ns)  Slack(ns)  Location         Pin
Min Period        n/a     MMCME2_ADV/CLKIN1  n/a            1.249         10.000      8.751      MMCME2_ADV_X0Y1  clk_wiz/inst/mmcm_adv_inst/CLKIN1
Max Period        n/a     MMCME2_ADV/CLKIN1  n/a            100.000       10.000      90.000     MMCME2_ADV_X0Y1  clk_wiz/inst/mmcm_adv_inst/CLKIN1
Low Pulse Width   Slow    MMCME2_ADV/CLKIN1  n/a            2.000         5.000       3.000      MMCME2_ADV_X0Y1  clk_wiz/inst/mmcm_adv_inst/CLKIN1
High Pulse Width  Slow    MMCME2_ADV/CLKIN1  n/a            2.000         5.000       3.000      MMCME2_ADV_X0Y1  clk_wiz/inst/mmcm_adv_inst/CLKIN1



---------------------------------------------------------------------------------------------------
From Clock:  clk_out1_clk_wiz_0
  To Clock:  clk_out1_clk_wiz_0

Setup :            0  Failing Endpoints,  Worst Slack        3.523ns,  Total Violation        0.000ns
Hold  :            0  Failing Endpoints,  Worst Slack        0.023ns,  Total Violation        0.000ns
PW    :            0  Failing Endpoints,  Worst Slack       11.250ns,  Total Violation        0.000ns
---------------------------------------------------------------------------------------------------


Max Delay Paths
--------------------------------------------------------------------------------------
Slack (MET) :             3.523ns  (required time - arrival time)
  Source:                 u_gpu/u_core/u_fetcher/instr_reg[19]_rep/C
                            (rising edge-triggered cell FDRE clocked by clk_out1_clk_wiz_0  {rise@0.000ns fall@12.500ns period=25.000ns})
  Destination:            u_gpu/u_core/lane[4].u_cpu/alu_result_reg[22]/D
                            (rising edge-triggered cell FDRE clocked by clk_out1_clk_wiz_0  {rise@0.000ns fall@12.500ns period=25.000ns})
  Path Group:             clk_out1_clk_wiz_0
  Path Type:              Setup (Max at Slow Process Corner)
  Requirement:            25.000ns  (clk_out1_clk_wiz_0 rise@25.000ns - clk_out1_clk_wiz_0 rise@0.000ns)
  Data Path Delay:        21.307ns  (logic 8.181ns (38.395%)  route 13.126ns (61.605%))
  Logic Levels:           12  (CARRY4=2 DSP48E1=2 LUT2=1 LUT3=2 LUT6=5)
  Clock Path Skew:        -0.111ns (DCD - SCD + CPR)
    Destination Clock Delay (DCD):    -1.548ns = ( 23.452 - 25.000 ) 
    Source Clock Delay      (SCD):    -0.945ns
    Clock Pessimism Removal (CPR):    0.491ns
  Clock Uncertainty:      0.087ns  ((TSJ^2 + DJ^2)^1/2) / 2 + PE
    Total System Jitter     (TSJ):    0.071ns
    Discrete Jitter          (DJ):    0.159ns
    Phase Error              (PE):    0.000ns

    Location             Delay type                Incr(ns)  Path(ns)    Netlist Resource(s)
  -------------------------------------------------------------------    -------------------
                         (clock clk_out1_clk_wiz_0 rise edge)
                                                      0.000     0.000 r  
    F14                                               0.000     0.000 r  CLOCK_100 (IN)
                         net (fo=0)                   0.000     0.000    clk_wiz/inst/clk_in1
    F14                  IBUF (Prop_ibuf_I_O)         1.458     1.458 r  clk_wiz/inst/clkin1_ibufg/O
                         net (fo=1, routed)           1.233     2.692    clk_wiz/inst/clk_in1_clk_wiz_0
    MMCME2_ADV_X0Y1      MMCME2_ADV (Prop_mmcme2_adv_CLKIN1_CLKOUT0)
                                                     -6.950    -4.259 r  clk_wiz/inst/mmcm_adv_inst/CLKOUT0
                         net (fo=1, routed)           1.666    -2.592    clk_wiz/inst/clk_out1_clk_wiz_0
    BUFGCTRL_X0Y16       BUFG (Prop_bufg_I_O)         0.096    -2.496 r  clk_wiz/inst/clkout1_buf/O
                         net (fo=11926, routed)       1.551    -0.945    u_gpu/u_core/u_fetcher/clk_out1
    SLICE_X32Y54         FDRE                                         r  u_gpu/u_core/u_fetcher/instr_reg[19]_rep/C
  -------------------------------------------------------------------    -------------------
    SLICE_X32Y54         FDRE (Prop_fdre_C_Q)         0.456    -0.489 r  u_gpu/u_core/u_fetcher/instr_reg[19]_rep/Q
                         net (fo=116, routed)         3.479     2.989    u_gpu/u_core/lane[4].u_cpu/ea_reg[19]_1
    SLICE_X14Y2          LUT6 (Prop_lut6_I4_O)        0.124     3.113 r  u_gpu/u_core/lane[4].u_cpu/i___62_i_5/O
                         net (fo=1, routed)           1.000     4.114    u_gpu/u_core/lane[4].u_cpu/i___62_i_5_n_0
    SLICE_X14Y2          LUT6 (Prop_lut6_I0_O)        0.124     4.238 f  u_gpu/u_core/lane[4].u_cpu/i___62_i_3__0/O
                         net (fo=1, routed)           0.941     5.179    u_gpu/u_core/lane[4].u_cpu/i___62_i_3__0_n_0
    SLICE_X13Y4          LUT3 (Prop_lut3_I0_O)        0.152     5.331 r  u_gpu/u_core/lane[4].u_cpu/i___62_i_1__0/O
                         net (fo=23, routed)          3.536     8.867    u_gpu/u_core/lane[4].u_cpu/alu_result_comb0__0_i_8__3_n_0
    DSP48_X1Y23          DSP48E1 (Prop_dsp48e1_A[9]_PCOUT[47])
                                                      4.238    13.105 r  u_gpu/u_core/lane[4].u_cpu/alu_result_comb0__0/PCOUT[47]
                         net (fo=1, routed)           0.002    13.107    u_gpu/u_core/lane[4].u_cpu/alu_result_comb0__0_n_106
    DSP48_X1Y24          DSP48E1 (Prop_dsp48e1_PCIN[47]_P[0])
                                                      1.518    14.625 r  u_gpu/u_core/lane[4].u_cpu/alu_result_comb0__1/P[0]
                         net (fo=2, routed)           0.766    15.391    u_gpu/u_core/lane[4].u_cpu/alu_result_comb0__1_n_105
    SLICE_X54Y60         LUT2 (Prop_lut2_I0_O)        0.124    15.515 r  u_gpu/u_core/lane[4].u_cpu/i___22_i_21/O
                         net (fo=1, routed)           0.000    15.515    u_gpu/u_core/lane[4].u_cpu/i___22_i_21_n_0
    SLICE_X54Y60         CARRY4 (Prop_carry4_S[1]_CO[3])
                                                      0.533    16.048 r  u_gpu/u_core/lane[4].u_cpu/i___22_i_14/CO[3]
                         net (fo=1, routed)           0.000    16.048    u_gpu/u_core/lane[4].u_cpu/i___22_i_14_n_0
    SLICE_X54Y61         CARRY4 (Prop_carry4_CI_O[2])
                                                      0.239    16.287 r  u_gpu/u_core/lane[4].u_cpu/i___25_i_8/O[2]
                         net (fo=1, routed)           0.543    16.831    u_gpu/u_core/u_fetcher/i___28_i_1__1_1[2]
    SLICE_X58Y61         LUT6 (Prop_lut6_I3_O)        0.301    17.132 f  u_gpu/u_core/u_fetcher/i___27_i_3__1/O
                         net (fo=1, routed)           1.367    18.499    u_gpu/u_core/u_fetcher/i___27_i_3__1_n_0
    SLICE_X49Y42         LUT3 (Prop_lut3_I2_O)        0.124    18.623 f  u_gpu/u_core/u_fetcher/i___27_i_1__1/O
                         net (fo=1, routed)           1.188    19.811    u_gpu/u_core/lane[4].u_cpu/alu_result_reg[22]_0
    SLICE_X49Y66         LUT6 (Prop_lut6_I0_O)        0.124    19.935 f  u_gpu/u_core/lane[4].u_cpu/i___27/O
                         net (fo=1, routed)           0.303    20.238    u_gpu/u_core/u_fetcher/alu_result_reg[22]_12
    SLICE_X48Y65         LUT6 (Prop_lut6_I2_O)        0.124    20.362 r  u_gpu/u_core/u_fetcher/alu_result[22]_i_1__3/O
                         net (fo=1, routed)           0.000    20.362    u_gpu/u_core/lane[4].u_cpu/alu_result_reg[31]_2[22]
    SLICE_X48Y65         FDRE                                         r  u_gpu/u_core/lane[4].u_cpu/alu_result_reg[22]/D
  -------------------------------------------------------------------    -------------------

                         (clock clk_out1_clk_wiz_0 rise edge)
                                                     25.000    25.000 r  
    F14                                               0.000    25.000 r  CLOCK_100 (IN)
                         net (fo=0)                   0.000    25.000    clk_wiz/inst/clk_in1
    F14                  IBUF (Prop_ibuf_I_O)         1.388    26.388 r  clk_wiz/inst/clkin1_ibufg/O
                         net (fo=1, routed)           1.162    27.550    clk_wiz/inst/clk_in1_clk_wiz_0
    MMCME2_ADV_X0Y1      MMCME2_ADV (Prop_mmcme2_adv_CLKIN1_CLKOUT0)
                                                     -7.208    20.342 r  clk_wiz/inst/mmcm_adv_inst/CLKOUT0
                         net (fo=1, routed)           1.587    21.929    clk_wiz/inst/clk_out1_clk_wiz_0
    BUFGCTRL_X0Y16       BUFG (Prop_bufg_I_O)         0.091    22.020 r  clk_wiz/inst/clkout1_buf/O
                         net (fo=11926, routed)       1.432    23.452    u_gpu/u_core/lane[4].u_cpu/clk_out1
    SLICE_X48Y65         FDRE                                         r  u_gpu/u_core/lane[4].u_cpu/alu_result_reg[22]/C
                         clock pessimism              0.491    23.943    
                         clock uncertainty           -0.087    23.856    
    SLICE_X48Y65         FDRE (Setup_fdre_C_D)        0.029    23.885    u_gpu/u_core/lane[4].u_cpu/alu_result_reg[22]
  -------------------------------------------------------------------
                         required time                         23.885    
                         arrival time                         -20.362    
  -------------------------------------------------------------------
                         slack                                  3.523    





Min Delay Paths
--------------------------------------------------------------------------------------
Slack (MET) :             0.023ns  (arrival time - required time)
  Source:                 u_gpu/u_data_buffer/dt_rdata_reg[7][24]/C
                            (rising edge-triggered cell FDRE clocked by clk_out1_clk_wiz_0  {rise@0.000ns fall@12.500ns period=25.000ns})
  Destination:            u_gpu/u_core/lane[7].u_cpu/dt_result_reg[24]/D
                            (rising edge-triggered cell FDRE clocked by clk_out1_clk_wiz_0  {rise@0.000ns fall@12.500ns period=25.000ns})
  Path Group:             clk_out1_clk_wiz_0
  Path Type:              Hold (Min at Fast Process Corner)
  Requirement:            0.000ns  (clk_out1_clk_wiz_0 rise@0.000ns - clk_out1_clk_wiz_0 rise@0.000ns)
  Data Path Delay:        0.353ns  (logic 0.141ns (39.931%)  route 0.212ns (60.069%))
  Logic Levels:           0  
  Clock Path Skew:        0.260ns (DCD - SCD - CPR)
    Destination Clock Delay (DCD):    -0.860ns
    Source Clock Delay      (SCD):    -0.617ns
    Clock Pessimism Removal (CPR):    -0.502ns

    Location             Delay type                Incr(ns)  Path(ns)    Netlist Resource(s)
  -------------------------------------------------------------------    -------------------
                         (clock clk_out1_clk_wiz_0 rise edge)
                                                      0.000     0.000 r  
    F14                                               0.000     0.000 r  CLOCK_100 (IN)
                         net (fo=0)                   0.000     0.000    clk_wiz/inst/clk_in1
    F14                  IBUF (Prop_ibuf_I_O)         0.226     0.226 r  clk_wiz/inst/clkin1_ibufg/O
                         net (fo=1, routed)           0.440     0.667    clk_wiz/inst/clk_in1_clk_wiz_0
    MMCME2_ADV_X0Y1      MMCME2_ADV (Prop_mmcme2_adv_CLKIN1_CLKOUT0)
                                                     -2.359    -1.692 r  clk_wiz/inst/mmcm_adv_inst/CLKOUT0
                         net (fo=1, routed)           0.489    -1.203    clk_wiz/inst/clk_out1_clk_wiz_0
    BUFGCTRL_X0Y16       BUFG (Prop_bufg_I_O)         0.026    -1.177 r  clk_wiz/inst/clkout1_buf/O
                         net (fo=11926, routed)       0.560    -0.617    u_gpu/u_data_buffer/clk_out1
    SLICE_X31Y33         FDRE                                         r  u_gpu/u_data_buffer/dt_rdata_reg[7][24]/C
  -------------------------------------------------------------------    -------------------
    SLICE_X31Y33         FDRE (Prop_fdre_C_Q)         0.141    -0.476 r  u_gpu/u_data_buffer/dt_rdata_reg[7][24]/Q
                         net (fo=1, routed)           0.212    -0.264    u_gpu/u_core/lane[7].u_cpu/dt_result_reg[31]_1[24]
    SLICE_X36Y31         FDRE                                         r  u_gpu/u_core/lane[7].u_cpu/dt_result_reg[24]/D
  -------------------------------------------------------------------    -------------------

                         (clock clk_out1_clk_wiz_0 rise edge)
                                                      0.000     0.000 r  
    F14                                               0.000     0.000 r  CLOCK_100 (IN)
                         net (fo=0)                   0.000     0.000    clk_wiz/inst/clk_in1
    F14                  IBUF (Prop_ibuf_I_O)         0.414     0.414 r  clk_wiz/inst/clkin1_ibufg/O
                         net (fo=1, routed)           0.480     0.894    clk_wiz/inst/clk_in1_clk_wiz_0
    MMCME2_ADV_X0Y1      MMCME2_ADV (Prop_mmcme2_adv_CLKIN1_CLKOUT0)
                                                     -3.141    -2.247 r  clk_wiz/inst/mmcm_adv_inst/CLKOUT0
                         net (fo=1, routed)           0.534    -1.713    clk_wiz/inst/clk_out1_clk_wiz_0
    BUFGCTRL_X0Y16       BUFG (Prop_bufg_I_O)         0.029    -1.684 r  clk_wiz/inst/clkout1_buf/O
                         net (fo=11926, routed)       0.825    -0.860    u_gpu/u_core/lane[7].u_cpu/clk_out1
    SLICE_X36Y31         FDRE                                         r  u_gpu/u_core/lane[7].u_cpu/dt_result_reg[24]/C
                         clock pessimism              0.502    -0.357    
    SLICE_X36Y31         FDRE (Hold_fdre_C_D)         0.070    -0.287    u_gpu/u_core/lane[7].u_cpu/dt_result_reg[24]
  -------------------------------------------------------------------
                         required time                          0.287    
                         arrival time                          -0.264    
  -------------------------------------------------------------------
                         slack                                  0.023    





Pulse Width Checks
--------------------------------------------------------------------------------------
Clock Name:         clk_out1_clk_wiz_0
Waveform(ns):       { 0.000 12.500 }
Period(ns):         25.000
Sources:            { clk_wiz/inst/mmcm_adv_inst/CLKOUT0 }

Check Type        Corner  Lib Pin             Reference Pin  Required(ns)  Actual(ns)  Slack(ns)  Location         Pin
Min Period        n/a     RAMB36E1/CLKARDCLK  n/a            2.944         25.000      22.056     RAMB36_X0Y5      u_gpu/u_data_buffer/bank[0].mem_reg/CLKARDCLK
Max Period        n/a     MMCME2_ADV/CLKOUT0  n/a            213.360       25.000      188.360    MMCME2_ADV_X0Y1  clk_wiz/inst/mmcm_adv_inst/CLKOUT0
Low Pulse Width   Slow    RAMS64E/CLK         n/a            1.250         12.500      11.250     SLICE_X12Y44     u_gpu/u_shared_mem/mem_reg_0_255_0_0/RAMS64E_A/CLK
High Pulse Width  Slow    RAMS64E/CLK         n/a            1.250         12.500      11.250     SLICE_X12Y44     u_gpu/u_shared_mem/mem_reg_0_255_0_0/RAMS64E_A/CLK



---------------------------------------------------------------------------------------------------
From Clock:  clk_out2_clk_wiz_0
  To Clock:  clk_out2_clk_wiz_0

Setup :           NA  Failing Endpoints,  Worst Slack           NA  ,  Total Violation           NA
Hold  :           NA  Failing Endpoints,  Worst Slack           NA  ,  Total Violation           NA
PW    :            0  Failing Endpoints,  Worst Slack        2.845ns,  Total Violation        0.000ns
---------------------------------------------------------------------------------------------------


Pulse Width Checks
--------------------------------------------------------------------------------------
Clock Name:         clk_out2_clk_wiz_0
Waveform(ns):       { 0.000 2.500 }
Period(ns):         5.000
Sources:            { clk_wiz/inst/mmcm_adv_inst/CLKOUT1 }

Check Type  Corner  Lib Pin             Reference Pin  Required(ns)  Actual(ns)  Slack(ns)  Location         Pin
Min Period  n/a     BUFG/I              n/a            2.155         5.000       2.845      BUFGCTRL_X0Y17   clk_wiz/inst/clkout2_buf/I
Max Period  n/a     MMCME2_ADV/CLKOUT1  n/a            213.360       5.000       208.360    MMCME2_ADV_X0Y1  clk_wiz/inst/mmcm_adv_inst/CLKOUT1



---------------------------------------------------------------------------------------------------
From Clock:  clkfbout_clk_wiz_0
  To Clock:  clkfbout_clk_wiz_0

Setup :           NA  Failing Endpoints,  Worst Slack           NA  ,  Total Violation           NA
Hold  :           NA  Failing Endpoints,  Worst Slack           NA  ,  Total Violation           NA
PW    :            0  Failing Endpoints,  Worst Slack        7.845ns,  Total Violation        0.000ns
---------------------------------------------------------------------------------------------------


Pulse Width Checks
--------------------------------------------------------------------------------------
Clock Name:         clkfbout_clk_wiz_0
Waveform(ns):       { 0.000 5.000 }
Period(ns):         10.000
Sources:            { clk_wiz/inst/mmcm_adv_inst/CLKFBOUT }

Check Type  Corner  Lib Pin             Reference Pin  Required(ns)  Actual(ns)  Slack(ns)  Location         Pin
Min Period  n/a     BUFG/I              n/a            2.155         10.000      7.845      BUFGCTRL_X0Y18   clk_wiz/inst/clkf_buf/I
Max Period  n/a     MMCME2_ADV/CLKFBIN  n/a            100.000       10.000      90.000     MMCME2_ADV_X0Y1  clk_wiz/inst/mmcm_adv_inst/CLKFBIN



